warning: field `table` is never read
  --> kernel/src/vecquant.rs:94:5
   |
87 | pub struct Encoder {
   |            ------- field in this struct
...
94 |     table: [f32; MAX_LEVELS],
   |     ^^^^^
   |
   = note: `#[warn(dead_code)]` (part of `#[warn(unused)]`) on by default

warning: field `reader_slot` is never read
   --> kernel/src/store.rs:220:5
    |
206 | pub struct Store {
    |            ----- field in this struct
...
220 |     reader_slot: Option<crate::readers::ReaderSlot>,
    |     ^^^^^^^^^^^

warning: `kernel` (lib) generated 2 warnings
   Compiling e4-prototype v0.1.0 (<scratch>)
warning: field `path` is never read
   --> src/collections.rs:140:5
    |
138 | pub struct Database {
    |            -------- field in this struct
139 |     store: Backend,
140 |     path: PathBuf,
    |     ^^^^
    |
    = note: `#[warn(dead_code)]` (part of `#[warn(unused)]`) on by default

warning: associated function `open_with` is never used
   --> src/pagewal.rs:621:8
    |
609 | impl PageWalStore {
    | ----------------- associated function in this implementation
...
621 |     fn open_with(dir:&Path,create:bool,cache:usize,opener:impl FnOnce(&Path)->Result<Arc<Pager>>)->Result<Self>{
    |        ^^^^^^^^^

warning: `e4-prototype` (lib) generated 2 warnings
    Finished `release` profile [optimized + debuginfo] target(s) in 1m 47s
     Running tests/graph_collections.rs (<scratch>)

running 5 tests
test cyclic_bfs_is_shortest_hop_deterministic_and_bounded ... ok
test directed_typed_context_edges_replace_properties_and_survive_reopen ... ok
test entity_delete_cascades_both_directions_all_contexts_and_self_edges ... ok
test entity_delete_refuses_degree_257_before_any_published_change ... ok
test snapshots_unlink_missing_endpoints_and_delete_cascade_are_transactional ... ok

test result: ok. 5 passed; 0 failed; 0 ignored; 0 measured; 0 filtered out; finished in 0.49s

     Running tests/index_admission.rs (<scratch>)

running 6 tests
test building_unique_index_cannot_become_ready_with_an_unseen_duplicate ... ok
test damaged_future_descriptor_replica_falls_back_to_intact_siblings ... ok
test limited_policy_survives_index_opt_in_rollback_and_last_drop ... ok
test missing_registry_or_intact_orphan_descriptor_is_not_silently_ignored ... ok
test one_intact_future_index_encoding_replica_refuses_before_mutation ... ok
test one_intact_unknown_logical_feature_replica_refuses_before_mutation ... ok

test result: ok. 6 passed; 0 failed; 0 ignored; 0 measured; 0 filtered out; finished in 1.67s

     Running tests/index_lifecycle.rs (<scratch>)

running 3 tests
test drop_and_build_can_resume_after_reopen_without_claiming_ready ... ok
test late_index_tracks_crud_and_published_snapshots ... ok
test unique_conflict_and_schema_changes_do_not_leave_partial_indexes ... ok

test result: ok. 3 passed; 0 failed; 0 ignored; 0 measured; 0 filtered out; finished in 0.32s

     Running tests/index_scalar_oracle.rs (<scratch>)

running 1 test
test scalar_indexes_match_independent_logical_oracle_through_repeated_crud ... ok

test result: ok. 1 passed; 0 failed; 0 ignored; 0 measured; 0 filtered out; finished in 0.46s

