   Compiling cfg-if v1.0.4
   Compiling version_check v0.9.5
   Compiling zerocopy v0.8.56
   Compiling once_cell v1.21.4
   Compiling ahash v0.8.12
   Compiling find-msvc-tools v0.1.12
   Compiling semver v1.0.28
   Compiling libc v0.2.189
   Compiling shlex v2.0.1
   Compiling cc v1.4.5
   Compiling rustc_version v0.4.1
   Compiling pkg-config v0.3.34
   Compiling bitflags v2.13.1
   Compiling getrandom v0.4.3
   Compiling rustix v1.1.4
   Compiling vcpkg v0.2.15
   Compiling libsqlite3-sys v0.30.1
   Compiling crc32c v0.6.8
   Compiling serde_core v1.0.229
   Compiling linux-raw-sys v0.12.1
   Compiling libm v0.2.16
   Compiling zmij v1.0.23
   Compiling hashbrown v0.14.5
   Compiling serde_json v1.0.151
   Compiling fastrand v2.5.0
   Compiling tempfile v3.27.0
   Compiling hashlink v0.9.1
   Compiling memchr v2.8.3
   Compiling smallvec v1.16.0
   Compiling fallible-streaming-iterator v0.1.9
   Compiling itoa v1.0.18
   Compiling fallible-iterator v0.3.0
   Compiling rusqlite v0.32.1
   Compiling geographiclib-rs v0.2.7
   Compiling kernel v0.17.0 (<scratch>)
warning: field `table` is never read
  --> kernel/src/vecquant.rs:94:5
   |
87 | pub struct Encoder {
   |            ------- field in this struct
...
94 |     table: [f32; MAX_LEVELS],
   |     ^^^^^
   |
   = note: `#[warn(dead_code)]` (part of `#[warn(unused)]`) on by default

warning: field `reader_slot` is never read
   --> kernel/src/store.rs:220:5
    |
206 | pub struct Store {
    |            ----- field in this struct
...
220 |     reader_slot: Option<crate::readers::ReaderSlot>,
    |     ^^^^^^^^^^^

warning: `kernel` (lib) generated 2 warnings
   Compiling e4-prototype v0.1.0 (<scratch>)
warning: constant `GENERATOR_COMPILER` is never used
 --> src/text_unicode_v1.rs:5:11
  |
5 | pub const GENERATOR_COMPILER: &str = "rustc 1.96.0 (ac68faa20 2026-05-25)";
  |           ^^^^^^^^^^^^^^^^^^
  |
  = note: `#[warn(dead_code)]` (part of `#[warn(unused)]`) on by default

warning: field `path` is never read
   --> src/collections.rs:159:5
    |
157 | pub struct Database {
    |            -------- field in this struct
158 |     store: Backend,
159 |     path: PathBuf,
    |     ^^^^

warning: associated function `open_with` is never used
   --> src/pagewal.rs:623:8
    |
611 | impl PageWalStore {
    | ----------------- associated function in this implementation
...
623 |     fn open_with(dir:&Path,create:bool,cache:usize,opener:impl FnOnce(&Path)->Result<Arc<Pager>>)->Result<Self>{
    |        ^^^^^^^^^

warning: `e4-prototype` (lib) generated 3 warnings
    Finished `release` profile [optimized + debuginfo] target(s) in 3m 17s
