{"fixture": "default-exact-vector-building-checkpointed", "source_generator": "default", "comparison": "retained", "first_handoff": "checkpointed", "second_handoff": "checkpointed", "first_wal_bytes": 0, "second_wal_bytes": 0, "result": "PASS", "source_unchanged": true}
{"fixture": "default-exact-vector-building-checkpointed", "source_generator": "default", "comparison": "retained", "first_handoff": "checkpointed", "second_handoff": "wal-pending", "first_wal_bytes": 0, "second_wal_bytes": 24864, "result": "PASS", "source_unchanged": true}
{"fixture": "default-exact-vector-building-checkpointed", "source_generator": "default", "comparison": "retained", "first_handoff": "wal-pending", "second_handoff": "checkpointed", "first_wal_bytes": 107744, "second_wal_bytes": 0, "result": "PASS", "source_unchanged": true}
{"fixture": "default-exact-vector-building-checkpointed", "source_generator": "default", "comparison": "retained", "first_handoff": "wal-pending", "second_handoff": "wal-pending", "first_wal_bytes": 107744, "second_wal_bytes": 132608, "result": "PASS", "source_unchanged": true}
{"fixture": "default-exact-vector-building-wal-pending", "source_generator": "default", "comparison": "retained", "first_handoff": "checkpointed", "second_handoff": "checkpointed", "first_wal_bytes": 0, "second_wal_bytes": 0, "result": "PASS", "source_unchanged": true}
{"fixture": "default-exact-vector-building-wal-pending", "source_generator": "default", "comparison": "retained", "first_handoff": "checkpointed", "second_handoff": "wal-pending", "first_wal_bytes": 0, "second_wal_bytes": 24864, "result": "PASS", "source_unchanged": true}
{"fixture": "default-exact-vector-building-wal-pending", "source_generator": "default", "comparison": "retained", "first_handoff": "wal-pending", "second_handoff": "checkpointed", "first_wal_bytes": 219632, "second_wal_bytes": 0, "result": "PASS", "source_unchanged": true}
{"fixture": "default-exact-vector-building-wal-pending", "source_generator": "default", "comparison": "retained", "first_handoff": "wal-pending", "second_handoff": "wal-pending", "first_wal_bytes": 219632, "second_wal_bytes": 244496, "result": "PASS", "source_unchanged": true}
{"fixture": "default-exact-vector-dropping-checkpointed", "source_generator": "default", "comparison": "retained", "first_handoff": "checkpointed", "second_handoff": "checkpointed", "first_wal_bytes": 0, "second_wal_bytes": 0, "result": "PASS", "source_unchanged": true}
{"fixture": "default-exact-vector-dropping-checkpointed", "source_generator": "default", "comparison": "retained", "first_handoff": "checkpointed", "second_handoff": "wal-pending", "first_wal_bytes": 0, "second_wal_bytes": 29008, "result": "PASS", "source_unchanged": true}
{"fixture": "default-exact-vector-dropping-checkpointed", "source_generator": "default", "comparison": "retained", "first_handoff": "wal-pending", "second_handoff": "checkpointed", "first_wal_bytes": 116032, "second_wal_bytes": 0, "result": "PASS", "source_unchanged": true}
{"fixture": "default-exact-vector-dropping-checkpointed", "source_generator": "default", "comparison": "retained", "first_handoff": "wal-pending", "second_handoff": "wal-pending", "first_wal_bytes": 116032, "second_wal_bytes": 145040, "result": "PASS", "source_unchanged": true}
{"fixture": "default-exact-vector-dropping-wal-pending", "source_generator": "default", "comparison": "retained", "first_handoff": "checkpointed", "second_handoff": "checkpointed", "first_wal_bytes": 0, "second_wal_bytes": 0, "result": "PASS", "source_unchanged": true}
{"fixture": "default-exact-vector-dropping-wal-pending", "source_generator": "default", "comparison": "retained", "first_handoff": "checkpointed", "second_handoff": "wal-pending", "first_wal_bytes": 0, "second_wal_bytes": 29008, "result": "PASS", "source_unchanged": true}
{"fixture": "default-exact-vector-dropping-wal-pending", "source_generator": "default", "comparison": "retained", "first_handoff": "wal-pending", "second_handoff": "checkpointed", "first_wal_bytes": 290080, "second_wal_bytes": 0, "result": "PASS", "source_unchanged": true}
{"fixture": "default-exact-vector-dropping-wal-pending", "source_generator": "default", "comparison": "retained", "first_handoff": "wal-pending", "second_handoff": "wal-pending", "first_wal_bytes": 290080, "second_wal_bytes": 319088, "result": "PASS", "source_unchanged": true}
{"fixture": "default-exact-vector-post-drop-checkpointed", "source_generator": "default", "comparison": "retained", "first_handoff": "checkpointed", "second_handoff": "checkpointed", "first_wal_bytes": 0, "second_wal_bytes": 0, "result": "PASS", "source_unchanged": true}
{"fixture": "default-exact-vector-post-drop-checkpointed", "source_generator": "default", "comparison": "retained", "first_handoff": "checkpointed", "second_handoff": "wal-pending", "first_wal_bytes": 0, "second_wal_bytes": 20720, "result": "PASS", "source_unchanged": true}
{"fixture": "default-exact-vector-post-drop-checkpointed", "source_generator": "default", "comparison": "retained", "first_handoff": "wal-pending", "second_handoff": "checkpointed", "first_wal_bytes": 29008, "second_wal_bytes": 0, "result": "PASS", "source_unchanged": true}
{"fixture": "default-exact-vector-post-drop-checkpointed", "source_generator": "default", "comparison": "retained", "first_handoff": "wal-pending", "second_handoff": "wal-pending", "first_wal_bytes": 29008, "second_wal_bytes": 49728, "result": "PASS", "source_unchanged": true}
{"fixture": "default-exact-vector-post-drop-wal-pending", "source_generator": "default", "comparison": "retained", "first_handoff": "checkpointed", "second_handoff": "checkpointed", "first_wal_bytes": 0, "second_wal_bytes": 0, "result": "PASS", "source_unchanged": true}
{"fixture": "default-exact-vector-post-drop-wal-pending", "source_generator": "default", "comparison": "retained", "first_handoff": "checkpointed", "second_handoff": "wal-pending", "first_wal_bytes": 0, "second_wal_bytes": 20720, "result": "PASS", "source_unchanged": true}
{"fixture": "default-exact-vector-post-drop-wal-pending", "source_generator": "default", "comparison": "retained", "first_handoff": "wal-pending", "second_handoff": "checkpointed", "first_wal_bytes": 281792, "second_wal_bytes": 0, "result": "PASS", "source_unchanged": true}
{"fixture": "default-exact-vector-post-drop-wal-pending", "source_generator": "default", "comparison": "retained", "first_handoff": "wal-pending", "second_handoff": "wal-pending", "first_wal_bytes": 281792, "second_wal_bytes": 302512, "result": "PASS", "source_unchanged": true}
{"fixture": "default-exact-vector-ready-checkpointed", "source_generator": "default", "comparison": "retained", "first_handoff": "checkpointed", "second_handoff": "checkpointed", "first_wal_bytes": 0, "second_wal_bytes": 0, "result": "PASS", "source_unchanged": true}
{"fixture": "default-exact-vector-ready-checkpointed", "source_generator": "default", "comparison": "retained", "first_handoff": "checkpointed", "second_handoff": "wal-pending", "first_wal_bytes": 0, "second_wal_bytes": 24864, "result": "PASS", "source_unchanged": true}
{"fixture": "default-exact-vector-ready-checkpointed", "source_generator": "default", "comparison": "retained", "first_handoff": "wal-pending", "second_handoff": "checkpointed", "first_wal_bytes": 24864, "second_wal_bytes": 0, "result": "PASS", "source_unchanged": true}
{"fixture": "default-exact-vector-ready-checkpointed", "source_generator": "default", "comparison": "retained", "first_handoff": "wal-pending", "second_handoff": "wal-pending", "first_wal_bytes": 24864, "second_wal_bytes": 49728, "result": "PASS", "source_unchanged": true}
{"fixture": "default-exact-vector-ready-wal-pending", "source_generator": "default", "comparison": "retained", "first_handoff": "checkpointed", "second_handoff": "checkpointed", "first_wal_bytes": 0, "second_wal_bytes": 0, "result": "PASS", "source_unchanged": true}
{"fixture": "default-exact-vector-ready-wal-pending", "source_generator": "default", "comparison": "retained", "first_handoff": "checkpointed", "second_handoff": "wal-pending", "first_wal_bytes": 0, "second_wal_bytes": 24864, "result": "PASS", "source_unchanged": true}
{"fixture": "default-exact-vector-ready-wal-pending", "source_generator": "default", "comparison": "retained", "first_handoff": "wal-pending", "second_handoff": "checkpointed", "first_wal_bytes": 198912, "second_wal_bytes": 0, "result": "PASS", "source_unchanged": true}
{"fixture": "default-exact-vector-ready-wal-pending", "source_generator": "default", "comparison": "retained", "first_handoff": "wal-pending", "second_handoff": "wal-pending", "first_wal_bytes": 198912, "second_wal_bytes": 223776, "result": "PASS", "source_unchanged": true}
{"fixture": "default-quantized-building-checkpointed", "source_generator": "default", "comparison": "retained", "first_handoff": "checkpointed", "second_handoff": "checkpointed", "first_wal_bytes": 0, "second_wal_bytes": 0, "result": "PASS", "source_unchanged": true}
{"fixture": "default-quantized-building-checkpointed", "source_generator": "default", "comparison": "retained", "first_handoff": "checkpointed", "second_handoff": "wal-pending", "first_wal_bytes": 0, "second_wal_bytes": 24864, "result": "PASS", "source_unchanged": true}
{"fixture": "default-quantized-building-checkpointed", "source_generator": "default", "comparison": "retained", "first_handoff": "wal-pending", "second_handoff": "checkpointed", "first_wal_bytes": 107744, "second_wal_bytes": 0, "result": "PASS", "source_unchanged": true}
{"fixture": "default-quantized-building-checkpointed", "source_generator": "default", "comparison": "retained", "first_handoff": "wal-pending", "second_handoff": "wal-pending", "first_wal_bytes": 107744, "second_wal_bytes": 132608, "result": "PASS", "source_unchanged": true}
{"fixture": "default-quantized-building-wal-pending", "source_generator": "default", "comparison": "retained", "first_handoff": "checkpointed", "second_handoff": "checkpointed", "first_wal_bytes": 0, "second_wal_bytes": 0, "result": "PASS", "source_unchanged": true}
{"fixture": "default-quantized-building-wal-pending", "source_generator": "default", "comparison": "retained", "first_handoff": "checkpointed", "second_handoff": "wal-pending", "first_wal_bytes": 0, "second_wal_bytes": 24864, "result": "PASS", "source_unchanged": true}
{"fixture": "default-quantized-building-wal-pending", "source_generator": "default", "comparison": "retained", "first_handoff": "wal-pending", "second_handoff": "checkpointed", "first_wal_bytes": 219632, "second_wal_bytes": 0, "result": "PASS", "source_unchanged": true}
{"fixture": "default-quantized-building-wal-pending", "source_generator": "default", "comparison": "retained", "first_handoff": "wal-pending", "second_handoff": "wal-pending", "first_wal_bytes": 219632, "second_wal_bytes": 244496, "result": "PASS", "source_unchanged": true}
{"fixture": "default-quantized-dropping-checkpointed", "source_generator": "default", "comparison": "retained", "first_handoff": "checkpointed", "second_handoff": "checkpointed", "first_wal_bytes": 0, "second_wal_bytes": 0, "result": "PASS", "source_unchanged": true}
{"fixture": "default-quantized-dropping-checkpointed", "source_generator": "default", "comparison": "retained", "first_handoff": "checkpointed", "second_handoff": "wal-pending", "first_wal_bytes": 0, "second_wal_bytes": 29008, "result": "PASS", "source_unchanged": true}
{"fixture": "default-quantized-dropping-checkpointed", "source_generator": "default", "comparison": "retained", "first_handoff": "wal-pending", "second_handoff": "checkpointed", "first_wal_bytes": 116032, "second_wal_bytes": 0, "result": "PASS", "source_unchanged": true}
{"fixture": "default-quantized-dropping-checkpointed", "source_generator": "default", "comparison": "retained", "first_handoff": "wal-pending", "second_handoff": "wal-pending", "first_wal_bytes": 116032, "second_wal_bytes": 145040, "result": "PASS", "source_unchanged": true}
{"fixture": "default-quantized-dropping-wal-pending", "source_generator": "default", "comparison": "retained", "first_handoff": "checkpointed", "second_handoff": "checkpointed", "first_wal_bytes": 0, "second_wal_bytes": 0, "result": "PASS", "source_unchanged": true}
{"fixture": "default-quantized-dropping-wal-pending", "source_generator": "default", "comparison": "retained", "first_handoff": "checkpointed", "second_handoff": "wal-pending", "first_wal_bytes": 0, "second_wal_bytes": 29008, "result": "PASS", "source_unchanged": true}
{"fixture": "default-quantized-dropping-wal-pending", "source_generator": "default", "comparison": "retained", "first_handoff": "wal-pending", "second_handoff": "checkpointed", "first_wal_bytes": 290080, "second_wal_bytes": 0, "result": "PASS", "source_unchanged": true}
{"fixture": "default-quantized-dropping-wal-pending", "source_generator": "default", "comparison": "retained", "first_handoff": "wal-pending", "second_handoff": "wal-pending", "first_wal_bytes": 290080, "second_wal_bytes": 319088, "result": "PASS", "source_unchanged": true}
{"fixture": "default-quantized-post-drop-checkpointed", "source_generator": "default", "comparison": "retained", "first_handoff": "checkpointed", "second_handoff": "checkpointed", "first_wal_bytes": 0, "second_wal_bytes": 0, "result": "PASS", "source_unchanged": true}
{"fixture": "default-quantized-post-drop-checkpointed", "source_generator": "default", "comparison": "retained", "first_handoff": "checkpointed", "second_handoff": "wal-pending", "first_wal_bytes": 0, "second_wal_bytes": 20720, "result": "PASS", "source_unchanged": true}
{"fixture": "default-quantized-post-drop-checkpointed", "source_generator": "default", "comparison": "retained", "first_handoff": "wal-pending", "second_handoff": "checkpointed", "first_wal_bytes": 29008, "second_wal_bytes": 0, "result": "PASS", "source_unchanged": true}
{"fixture": "default-quantized-post-drop-checkpointed", "source_generator": "default", "comparison": "retained", "first_handoff": "wal-pending", "second_handoff": "wal-pending", "first_wal_bytes": 29008, "second_wal_bytes": 49728, "result": "PASS", "source_unchanged": true}
{"fixture": "default-quantized-post-drop-wal-pending", "source_generator": "default", "comparison": "retained", "first_handoff": "checkpointed", "second_handoff": "checkpointed", "first_wal_bytes": 0, "second_wal_bytes": 0, "result": "PASS", "source_unchanged": true}
{"fixture": "default-quantized-post-drop-wal-pending", "source_generator": "default", "comparison": "retained", "first_handoff": "checkpointed", "second_handoff": "wal-pending", "first_wal_bytes": 0, "second_wal_bytes": 20720, "result": "PASS", "source_unchanged": true}
{"fixture": "default-quantized-post-drop-wal-pending", "source_generator": "default", "comparison": "retained", "first_handoff": "wal-pending", "second_handoff": "checkpointed", "first_wal_bytes": 281792, "second_wal_bytes": 0, "result": "PASS", "source_unchanged": true}
{"fixture": "default-quantized-post-drop-wal-pending", "source_generator": "default", "comparison": "retained", "first_handoff": "wal-pending", "second_handoff": "wal-pending", "first_wal_bytes": 281792, "second_wal_bytes": 302512, "result": "PASS", "source_unchanged": true}
{"fixture": "default-quantized-ready-checkpointed", "source_generator": "default", "comparison": "retained", "first_handoff": "checkpointed", "second_handoff": "checkpointed", "first_wal_bytes": 0, "second_wal_bytes": 0, "result": "PASS", "source_unchanged": true}
{"fixture": "default-quantized-ready-checkpointed", "source_generator": "default", "comparison": "retained", "first_handoff": "checkpointed", "second_handoff": "wal-pending", "first_wal_bytes": 0, "second_wal_bytes": 24864, "result": "PASS", "source_unchanged": true}
{"fixture": "default-quantized-ready-checkpointed", "source_generator": "default", "comparison": "retained", "first_handoff": "wal-pending", "second_handoff": "checkpointed", "first_wal_bytes": 24864, "second_wal_bytes": 0, "result": "PASS", "source_unchanged": true}
{"fixture": "default-quantized-ready-checkpointed", "source_generator": "default", "comparison": "retained", "first_handoff": "wal-pending", "second_handoff": "wal-pending", "first_wal_bytes": 24864, "second_wal_bytes": 49728, "result": "PASS", "source_unchanged": true}
{"fixture": "default-quantized-ready-wal-pending", "source_generator": "default", "comparison": "retained", "first_handoff": "checkpointed", "second_handoff": "checkpointed", "first_wal_bytes": 0, "second_wal_bytes": 0, "result": "PASS", "source_unchanged": true}
{"fixture": "default-quantized-ready-wal-pending", "source_generator": "default", "comparison": "retained", "first_handoff": "checkpointed", "second_handoff": "wal-pending", "first_wal_bytes": 0, "second_wal_bytes": 24864, "result": "PASS", "source_unchanged": true}
{"fixture": "default-quantized-ready-wal-pending", "source_generator": "default", "comparison": "retained", "first_handoff": "wal-pending", "second_handoff": "checkpointed", "first_wal_bytes": 198912, "second_wal_bytes": 0, "result": "PASS", "source_unchanged": true}
{"fixture": "default-quantized-ready-wal-pending", "source_generator": "default", "comparison": "retained", "first_handoff": "wal-pending", "second_handoff": "wal-pending", "first_wal_bytes": 198912, "second_wal_bytes": 223776, "result": "PASS", "source_unchanged": true}
{"fixture": "default-scalar-building-checkpointed", "source_generator": "default", "comparison": "retained", "first_handoff": "checkpointed", "second_handoff": "checkpointed", "first_wal_bytes": 0, "second_wal_bytes": 0, "result": "PASS", "source_unchanged": true}
{"fixture": "default-scalar-building-checkpointed", "source_generator": "default", "comparison": "retained", "first_handoff": "checkpointed", "second_handoff": "wal-pending", "first_wal_bytes": 0, "second_wal_bytes": 24864, "result": "PASS", "source_unchanged": true}
{"fixture": "default-scalar-building-checkpointed", "source_generator": "default", "comparison": "retained", "first_handoff": "wal-pending", "second_handoff": "checkpointed", "first_wal_bytes": 107744, "second_wal_bytes": 0, "result": "PASS", "source_unchanged": true}
{"fixture": "default-scalar-building-checkpointed", "source_generator": "default", "comparison": "retained", "first_handoff": "wal-pending", "second_handoff": "wal-pending", "first_wal_bytes": 107744, "second_wal_bytes": 132608, "result": "PASS", "source_unchanged": true}
{"fixture": "default-scalar-building-wal-pending", "source_generator": "default", "comparison": "retained", "first_handoff": "checkpointed", "second_handoff": "checkpointed", "first_wal_bytes": 0, "second_wal_bytes": 0, "result": "PASS", "source_unchanged": true}
{"fixture": "default-scalar-building-wal-pending", "source_generator": "default", "comparison": "retained", "first_handoff": "checkpointed", "second_handoff": "wal-pending", "first_wal_bytes": 0, "second_wal_bytes": 24864, "result": "PASS", "source_unchanged": true}
{"fixture": "default-scalar-building-wal-pending", "source_generator": "default", "comparison": "retained", "first_handoff": "wal-pending", "second_handoff": "checkpointed", "first_wal_bytes": 219632, "second_wal_bytes": 0, "result": "PASS", "source_unchanged": true}
{"fixture": "default-scalar-building-wal-pending", "source_generator": "default", "comparison": "retained", "first_handoff": "wal-pending", "second_handoff": "wal-pending", "first_wal_bytes": 219632, "second_wal_bytes": 244496, "result": "PASS", "source_unchanged": true}
{"fixture": "default-scalar-dropping-checkpointed", "source_generator": "default", "comparison": "retained", "first_handoff": "checkpointed", "second_handoff": "checkpointed", "first_wal_bytes": 0, "second_wal_bytes": 0, "result": "PASS", "source_unchanged": true}
{"fixture": "default-scalar-dropping-checkpointed", "source_generator": "default", "comparison": "retained", "first_handoff": "checkpointed", "second_handoff": "wal-pending", "first_wal_bytes": 0, "second_wal_bytes": 29008, "result": "PASS", "source_unchanged": true}
{"fixture": "default-scalar-dropping-checkpointed", "source_generator": "default", "comparison": "retained", "first_handoff": "wal-pending", "second_handoff": "checkpointed", "first_wal_bytes": 116032, "second_wal_bytes": 0, "result": "PASS", "source_unchanged": true}
{"fixture": "default-scalar-dropping-checkpointed", "source_generator": "default", "comparison": "retained", "first_handoff": "wal-pending", "second_handoff": "wal-pending", "first_wal_bytes": 116032, "second_wal_bytes": 145040, "result": "PASS", "source_unchanged": true}
{"fixture": "default-scalar-dropping-wal-pending", "source_generator": "default", "comparison": "retained", "first_handoff": "checkpointed", "second_handoff": "checkpointed", "first_wal_bytes": 0, "second_wal_bytes": 0, "result": "PASS", "source_unchanged": true}
{"fixture": "default-scalar-dropping-wal-pending", "source_generator": "default", "comparison": "retained", "first_handoff": "checkpointed", "second_handoff": "wal-pending", "first_wal_bytes": 0, "second_wal_bytes": 29008, "result": "PASS", "source_unchanged": true}
{"fixture": "default-scalar-dropping-wal-pending", "source_generator": "default", "comparison": "retained", "first_handoff": "wal-pending", "second_handoff": "checkpointed", "first_wal_bytes": 290080, "second_wal_bytes": 0, "result": "PASS", "source_unchanged": true}
{"fixture": "default-scalar-dropping-wal-pending", "source_generator": "default", "comparison": "retained", "first_handoff": "wal-pending", "second_handoff": "wal-pending", "first_wal_bytes": 290080, "second_wal_bytes": 319088, "result": "PASS", "source_unchanged": true}
{"fixture": "default-scalar-post-drop-checkpointed", "source_generator": "default", "comparison": "retained", "first_handoff": "checkpointed", "second_handoff": "checkpointed", "first_wal_bytes": 0, "second_wal_bytes": 0, "result": "PASS", "source_unchanged": true}
{"fixture": "default-scalar-post-drop-checkpointed", "source_generator": "default", "comparison": "retained", "first_handoff": "checkpointed", "second_handoff": "wal-pending", "first_wal_bytes": 0, "second_wal_bytes": 20720, "result": "PASS", "source_unchanged": true}
{"fixture": "default-scalar-post-drop-checkpointed", "source_generator": "default", "comparison": "retained", "first_handoff": "wal-pending", "second_handoff": "checkpointed", "first_wal_bytes": 29008, "second_wal_bytes": 0, "result": "PASS", "source_unchanged": true}
{"fixture": "default-scalar-post-drop-checkpointed", "source_generator": "default", "comparison": "retained", "first_handoff": "wal-pending", "second_handoff": "wal-pending", "first_wal_bytes": 29008, "second_wal_bytes": 49728, "result": "PASS", "source_unchanged": true}
{"fixture": "default-scalar-post-drop-wal-pending", "source_generator": "default", "comparison": "retained", "first_handoff": "checkpointed", "second_handoff": "checkpointed", "first_wal_bytes": 0, "second_wal_bytes": 0, "result": "PASS", "source_unchanged": true}
{"fixture": "default-scalar-post-drop-wal-pending", "source_generator": "default", "comparison": "retained", "first_handoff": "checkpointed", "second_handoff": "wal-pending", "first_wal_bytes": 0, "second_wal_bytes": 20720, "result": "PASS", "source_unchanged": true}
{"fixture": "default-scalar-post-drop-wal-pending", "source_generator": "default", "comparison": "retained", "first_handoff": "wal-pending", "second_handoff": "checkpointed", "first_wal_bytes": 281792, "second_wal_bytes": 0, "result": "PASS", "source_unchanged": true}
{"fixture": "default-scalar-post-drop-wal-pending", "source_generator": "default", "comparison": "retained", "first_handoff": "wal-pending", "second_handoff": "wal-pending", "first_wal_bytes": 281792, "second_wal_bytes": 302512, "result": "PASS", "source_unchanged": true}
{"fixture": "default-scalar-ready-checkpointed", "source_generator": "default", "comparison": "retained", "first_handoff": "checkpointed", "second_handoff": "checkpointed", "first_wal_bytes": 0, "second_wal_bytes": 0, "result": "PASS", "source_unchanged": true}
{"fixture": "default-scalar-ready-checkpointed", "source_generator": "default", "comparison": "retained", "first_handoff": "checkpointed", "second_handoff": "wal-pending", "first_wal_bytes": 0, "second_wal_bytes": 24864, "result": "PASS", "source_unchanged": true}
{"fixture": "default-scalar-ready-checkpointed", "source_generator": "default", "comparison": "retained", "first_handoff": "wal-pending", "second_handoff": "checkpointed", "first_wal_bytes": 24864, "second_wal_bytes": 0, "result": "PASS", "source_unchanged": true}
{"fixture": "default-scalar-ready-checkpointed", "source_generator": "default", "comparison": "retained", "first_handoff": "wal-pending", "second_handoff": "wal-pending", "first_wal_bytes": 24864, "second_wal_bytes": 49728, "result": "PASS", "source_unchanged": true}
{"fixture": "default-scalar-ready-wal-pending", "source_generator": "default", "comparison": "retained", "first_handoff": "checkpointed", "second_handoff": "checkpointed", "first_wal_bytes": 0, "second_wal_bytes": 0, "result": "PASS", "source_unchanged": true}
{"fixture": "default-scalar-ready-wal-pending", "source_generator": "default", "comparison": "retained", "first_handoff": "checkpointed", "second_handoff": "wal-pending", "first_wal_bytes": 0, "second_wal_bytes": 24864, "result": "PASS", "source_unchanged": true}
{"fixture": "default-scalar-ready-wal-pending", "source_generator": "default", "comparison": "retained", "first_handoff": "wal-pending", "second_handoff": "checkpointed", "first_wal_bytes": 198912, "second_wal_bytes": 0, "result": "PASS", "source_unchanged": true}
{"fixture": "default-scalar-ready-wal-pending", "source_generator": "default", "comparison": "retained", "first_handoff": "wal-pending", "second_handoff": "wal-pending", "first_wal_bytes": 198912, "second_wal_bytes": 223776, "result": "PASS", "source_unchanged": true}
{"fixture": "default-spatial-building-checkpointed", "source_generator": "default", "comparison": "retained", "first_handoff": "checkpointed", "second_handoff": "checkpointed", "first_wal_bytes": 0, "second_wal_bytes": 0, "result": "PASS", "source_unchanged": true}
{"fixture": "default-spatial-building-checkpointed", "source_generator": "default", "comparison": "retained", "first_handoff": "checkpointed", "second_handoff": "wal-pending", "first_wal_bytes": 0, "second_wal_bytes": 24864, "result": "PASS", "source_unchanged": true}
{"fixture": "default-spatial-building-checkpointed", "source_generator": "default", "comparison": "retained", "first_handoff": "wal-pending", "second_handoff": "checkpointed", "first_wal_bytes": 107744, "second_wal_bytes": 0, "result": "PASS", "source_unchanged": true}
{"fixture": "default-spatial-building-checkpointed", "source_generator": "default", "comparison": "retained", "first_handoff": "wal-pending", "second_handoff": "wal-pending", "first_wal_bytes": 107744, "second_wal_bytes": 132608, "result": "PASS", "source_unchanged": true}
{"fixture": "default-spatial-building-wal-pending", "source_generator": "default", "comparison": "retained", "first_handoff": "checkpointed", "second_handoff": "checkpointed", "first_wal_bytes": 0, "second_wal_bytes": 0, "result": "PASS", "source_unchanged": true}
{"fixture": "default-spatial-building-wal-pending", "source_generator": "default", "comparison": "retained", "first_handoff": "checkpointed", "second_handoff": "wal-pending", "first_wal_bytes": 0, "second_wal_bytes": 24864, "result": "PASS", "source_unchanged": true}
{"fixture": "default-spatial-building-wal-pending", "source_generator": "default", "comparison": "retained", "first_handoff": "wal-pending", "second_handoff": "checkpointed", "first_wal_bytes": 219632, "second_wal_bytes": 0, "result": "PASS", "source_unchanged": true}
{"fixture": "default-spatial-building-wal-pending", "source_generator": "default", "comparison": "retained", "first_handoff": "wal-pending", "second_handoff": "wal-pending", "first_wal_bytes": 219632, "second_wal_bytes": 244496, "result": "PASS", "source_unchanged": true}
{"fixture": "default-spatial-dropping-checkpointed", "source_generator": "default", "comparison": "retained", "first_handoff": "checkpointed", "second_handoff": "checkpointed", "first_wal_bytes": 0, "second_wal_bytes": 0, "result": "PASS", "source_unchanged": true}
{"fixture": "default-spatial-dropping-checkpointed", "source_generator": "default", "comparison": "retained", "first_handoff": "checkpointed", "second_handoff": "wal-pending", "first_wal_bytes": 0, "second_wal_bytes": 29008, "result": "PASS", "source_unchanged": true}
{"fixture": "default-spatial-dropping-checkpointed", "source_generator": "default", "comparison": "retained", "first_handoff": "wal-pending", "second_handoff": "checkpointed", "first_wal_bytes": 116032, "second_wal_bytes": 0, "result": "PASS", "source_unchanged": true}
{"fixture": "default-spatial-dropping-checkpointed", "source_generator": "default", "comparison": "retained", "first_handoff": "wal-pending", "second_handoff": "wal-pending", "first_wal_bytes": 116032, "second_wal_bytes": 145040, "result": "PASS", "source_unchanged": true}
{"fixture": "default-spatial-dropping-wal-pending", "source_generator": "default", "comparison": "retained", "first_handoff": "checkpointed", "second_handoff": "checkpointed", "first_wal_bytes": 0, "second_wal_bytes": 0, "result": "PASS", "source_unchanged": true}
{"fixture": "default-spatial-dropping-wal-pending", "source_generator": "default", "comparison": "retained", "first_handoff": "checkpointed", "second_handoff": "wal-pending", "first_wal_bytes": 0, "second_wal_bytes": 29008, "result": "PASS", "source_unchanged": true}
{"fixture": "default-spatial-dropping-wal-pending", "source_generator": "default", "comparison": "retained", "first_handoff": "wal-pending", "second_handoff": "checkpointed", "first_wal_bytes": 290080, "second_wal_bytes": 0, "result": "PASS", "source_unchanged": true}
{"fixture": "default-spatial-dropping-wal-pending", "source_generator": "default", "comparison": "retained", "first_handoff": "wal-pending", "second_handoff": "wal-pending", "first_wal_bytes": 290080, "second_wal_bytes": 319088, "result": "PASS", "source_unchanged": true}
{"fixture": "default-spatial-post-drop-checkpointed", "source_generator": "default", "comparison": "retained", "first_handoff": "checkpointed", "second_handoff": "checkpointed", "first_wal_bytes": 0, "second_wal_bytes": 0, "result": "PASS", "source_unchanged": true}
{"fixture": "default-spatial-post-drop-checkpointed", "source_generator": "default", "comparison": "retained", "first_handoff": "checkpointed", "second_handoff": "wal-pending", "first_wal_bytes": 0, "second_wal_bytes": 20720, "result": "PASS", "source_unchanged": true}
{"fixture": "default-spatial-post-drop-checkpointed", "source_generator": "default", "comparison": "retained", "first_handoff": "wal-pending", "second_handoff": "checkpointed", "first_wal_bytes": 29008, "second_wal_bytes": 0, "result": "PASS", "source_unchanged": true}
{"fixture": "default-spatial-post-drop-checkpointed", "source_generator": "default", "comparison": "retained", "first_handoff": "wal-pending", "second_handoff": "wal-pending", "first_wal_bytes": 29008, "second_wal_bytes": 49728, "result": "PASS", "source_unchanged": true}
{"fixture": "default-spatial-post-drop-wal-pending", "source_generator": "default", "comparison": "retained", "first_handoff": "checkpointed", "second_handoff": "checkpointed", "first_wal_bytes": 0, "second_wal_bytes": 0, "result": "PASS", "source_unchanged": true}
{"fixture": "default-spatial-post-drop-wal-pending", "source_generator": "default", "comparison": "retained", "first_handoff": "checkpointed", "second_handoff": "wal-pending", "first_wal_bytes": 0, "second_wal_bytes": 20720, "result": "PASS", "source_unchanged": true}
{"fixture": "default-spatial-post-drop-wal-pending", "source_generator": "default", "comparison": "retained", "first_handoff": "wal-pending", "second_handoff": "checkpointed", "first_wal_bytes": 281792, "second_wal_bytes": 0, "result": "PASS", "source_unchanged": true}
{"fixture": "default-spatial-post-drop-wal-pending", "source_generator": "default", "comparison": "retained", "first_handoff": "wal-pending", "second_handoff": "wal-pending", "first_wal_bytes": 281792, "second_wal_bytes": 302512, "result": "PASS", "source_unchanged": true}
{"fixture": "default-spatial-ready-checkpointed", "source_generator": "default", "comparison": "retained", "first_handoff": "checkpointed", "second_handoff": "checkpointed", "first_wal_bytes": 0, "second_wal_bytes": 0, "result": "PASS", "source_unchanged": true}
{"fixture": "default-spatial-ready-checkpointed", "source_generator": "default", "comparison": "retained", "first_handoff": "checkpointed", "second_handoff": "wal-pending", "first_wal_bytes": 0, "second_wal_bytes": 24864, "result": "PASS", "source_unchanged": true}
{"fixture": "default-spatial-ready-checkpointed", "source_generator": "default", "comparison": "retained", "first_handoff": "wal-pending", "second_handoff": "checkpointed", "first_wal_bytes": 24864, "second_wal_bytes": 0, "result": "PASS", "source_unchanged": true}
{"fixture": "default-spatial-ready-checkpointed", "source_generator": "default", "comparison": "retained", "first_handoff": "wal-pending", "second_handoff": "wal-pending", "first_wal_bytes": 24864, "second_wal_bytes": 49728, "result": "PASS", "source_unchanged": true}
{"fixture": "default-spatial-ready-wal-pending", "source_generator": "default", "comparison": "retained", "first_handoff": "checkpointed", "second_handoff": "checkpointed", "first_wal_bytes": 0, "second_wal_bytes": 0, "result": "PASS", "source_unchanged": true}
{"fixture": "default-spatial-ready-wal-pending", "source_generator": "default", "comparison": "retained", "first_handoff": "checkpointed", "second_handoff": "wal-pending", "first_wal_bytes": 0, "second_wal_bytes": 24864, "result": "PASS", "source_unchanged": true}
{"fixture": "default-spatial-ready-wal-pending", "source_generator": "default", "comparison": "retained", "first_handoff": "wal-pending", "second_handoff": "checkpointed", "first_wal_bytes": 198912, "second_wal_bytes": 0, "result": "PASS", "source_unchanged": true}
{"fixture": "default-spatial-ready-wal-pending", "source_generator": "default", "comparison": "retained", "first_handoff": "wal-pending", "second_handoff": "wal-pending", "first_wal_bytes": 198912, "second_wal_bytes": 223776, "result": "PASS", "source_unchanged": true}
{"fixture": "default-text-building-checkpointed", "source_generator": "default", "comparison": "retained", "first_handoff": "checkpointed", "second_handoff": "checkpointed", "first_wal_bytes": 0, "second_wal_bytes": 0, "result": "PASS", "source_unchanged": true}
{"fixture": "default-text-building-checkpointed", "source_generator": "default", "comparison": "retained", "first_handoff": "checkpointed", "second_handoff": "wal-pending", "first_wal_bytes": 0, "second_wal_bytes": 24864, "result": "PASS", "source_unchanged": true}
{"fixture": "default-text-building-checkpointed", "source_generator": "default", "comparison": "retained", "first_handoff": "wal-pending", "second_handoff": "checkpointed", "first_wal_bytes": 124320, "second_wal_bytes": 0, "result": "PASS", "source_unchanged": true}
{"fixture": "default-text-building-checkpointed", "source_generator": "default", "comparison": "retained", "first_handoff": "wal-pending", "second_handoff": "wal-pending", "first_wal_bytes": 124320, "second_wal_bytes": 149184, "result": "PASS", "source_unchanged": true}
{"fixture": "default-text-building-wal-pending", "source_generator": "default", "comparison": "retained", "first_handoff": "checkpointed", "second_handoff": "checkpointed", "first_wal_bytes": 0, "second_wal_bytes": 0, "result": "PASS", "source_unchanged": true}
{"fixture": "default-text-building-wal-pending", "source_generator": "default", "comparison": "retained", "first_handoff": "checkpointed", "second_handoff": "wal-pending", "first_wal_bytes": 0, "second_wal_bytes": 24864, "result": "PASS", "source_unchanged": true}
{"fixture": "default-text-building-wal-pending", "source_generator": "default", "comparison": "retained", "first_handoff": "wal-pending", "second_handoff": "checkpointed", "first_wal_bytes": 236208, "second_wal_bytes": 0, "result": "PASS", "source_unchanged": true}
{"fixture": "default-text-building-wal-pending", "source_generator": "default", "comparison": "retained", "first_handoff": "wal-pending", "second_handoff": "wal-pending", "first_wal_bytes": 236208, "second_wal_bytes": 261072, "result": "PASS", "source_unchanged": true}
{"fixture": "default-text-dropping-checkpointed", "source_generator": "default", "comparison": "retained", "first_handoff": "checkpointed", "second_handoff": "checkpointed", "first_wal_bytes": 0, "second_wal_bytes": 0, "result": "PASS", "source_unchanged": true}
{"fixture": "default-text-dropping-checkpointed", "source_generator": "default", "comparison": "retained", "first_handoff": "checkpointed", "second_handoff": "wal-pending", "first_wal_bytes": 0, "second_wal_bytes": 29008, "result": "PASS", "source_unchanged": true}
{"fixture": "default-text-dropping-checkpointed", "source_generator": "default", "comparison": "retained", "first_handoff": "wal-pending", "second_handoff": "checkpointed", "first_wal_bytes": 269360, "second_wal_bytes": 0, "result": "PASS", "source_unchanged": true}
{"fixture": "default-text-dropping-checkpointed", "source_generator": "default", "comparison": "retained", "first_handoff": "wal-pending", "second_handoff": "wal-pending", "first_wal_bytes": 269360, "second_wal_bytes": 298368, "result": "PASS", "source_unchanged": true}
{"fixture": "default-text-dropping-wal-pending", "source_generator": "default", "comparison": "retained", "first_handoff": "checkpointed", "second_handoff": "checkpointed", "first_wal_bytes": 0, "second_wal_bytes": 0, "result": "PASS", "source_unchanged": true}
{"fixture": "default-text-dropping-wal-pending", "source_generator": "default", "comparison": "retained", "first_handoff": "checkpointed", "second_handoff": "wal-pending", "first_wal_bytes": 0, "second_wal_bytes": 29008, "result": "PASS", "source_unchanged": true}
{"fixture": "default-text-dropping-wal-pending", "source_generator": "default", "comparison": "retained", "first_handoff": "wal-pending", "second_handoff": "checkpointed", "first_wal_bytes": 455840, "second_wal_bytes": 0, "result": "PASS", "source_unchanged": true}
{"fixture": "default-text-dropping-wal-pending", "source_generator": "default", "comparison": "retained", "first_handoff": "wal-pending", "second_handoff": "wal-pending", "first_wal_bytes": 455840, "second_wal_bytes": 484848, "result": "PASS", "source_unchanged": true}
{"fixture": "default-text-post-drop-checkpointed", "source_generator": "default", "comparison": "retained", "first_handoff": "checkpointed", "second_handoff": "checkpointed", "first_wal_bytes": 0, "second_wal_bytes": 0, "result": "PASS", "source_unchanged": true}
{"fixture": "default-text-post-drop-checkpointed", "source_generator": "default", "comparison": "retained", "first_handoff": "checkpointed", "second_handoff": "wal-pending", "first_wal_bytes": 0, "second_wal_bytes": 20720, "result": "PASS", "source_unchanged": true}
{"fixture": "default-text-post-drop-checkpointed", "source_generator": "default", "comparison": "retained", "first_handoff": "wal-pending", "second_handoff": "checkpointed", "first_wal_bytes": 29008, "second_wal_bytes": 0, "result": "PASS", "source_unchanged": true}
{"fixture": "default-text-post-drop-checkpointed", "source_generator": "default", "comparison": "retained", "first_handoff": "wal-pending", "second_handoff": "wal-pending", "first_wal_bytes": 29008, "second_wal_bytes": 49728, "result": "PASS", "source_unchanged": true}
{"fixture": "default-text-post-drop-wal-pending", "source_generator": "default", "comparison": "retained", "first_handoff": "checkpointed", "second_handoff": "checkpointed", "first_wal_bytes": 0, "second_wal_bytes": 0, "result": "PASS", "source_unchanged": true}
{"fixture": "default-text-post-drop-wal-pending", "source_generator": "default", "comparison": "retained", "first_handoff": "checkpointed", "second_handoff": "wal-pending", "first_wal_bytes": 0, "second_wal_bytes": 20720, "result": "PASS", "source_unchanged": true}
{"fixture": "default-text-post-drop-wal-pending", "source_generator": "default", "comparison": "retained", "first_handoff": "wal-pending", "second_handoff": "checkpointed", "first_wal_bytes": 447552, "second_wal_bytes": 0, "result": "PASS", "source_unchanged": true}
{"fixture": "default-text-post-drop-wal-pending", "source_generator": "default", "comparison": "retained", "first_handoff": "wal-pending", "second_handoff": "wal-pending", "first_wal_bytes": 447552, "second_wal_bytes": 468272, "result": "PASS", "source_unchanged": true}
{"fixture": "default-text-ready-checkpointed", "source_generator": "default", "comparison": "retained", "first_handoff": "checkpointed", "second_handoff": "checkpointed", "first_wal_bytes": 0, "second_wal_bytes": 0, "result": "PASS", "source_unchanged": true}
{"fixture": "default-text-ready-checkpointed", "source_generator": "default", "comparison": "retained", "first_handoff": "checkpointed", "second_handoff": "wal-pending", "first_wal_bytes": 0, "second_wal_bytes": 24864, "result": "PASS", "source_unchanged": true}
{"fixture": "default-text-ready-checkpointed", "source_generator": "default", "comparison": "retained", "first_handoff": "wal-pending", "second_handoff": "checkpointed", "first_wal_bytes": 24864, "second_wal_bytes": 0, "result": "PASS", "source_unchanged": true}
{"fixture": "default-text-ready-checkpointed", "source_generator": "default", "comparison": "retained", "first_handoff": "wal-pending", "second_handoff": "wal-pending", "first_wal_bytes": 24864, "second_wal_bytes": 49728, "result": "PASS", "source_unchanged": true}
{"fixture": "default-text-ready-wal-pending", "source_generator": "default", "comparison": "retained", "first_handoff": "checkpointed", "second_handoff": "checkpointed", "first_wal_bytes": 0, "second_wal_bytes": 0, "result": "PASS", "source_unchanged": true}
{"fixture": "default-text-ready-wal-pending", "source_generator": "default", "comparison": "retained", "first_handoff": "checkpointed", "second_handoff": "wal-pending", "first_wal_bytes": 0, "second_wal_bytes": 24864, "result": "PASS", "source_unchanged": true}
{"fixture": "default-text-ready-wal-pending", "source_generator": "default", "comparison": "retained", "first_handoff": "wal-pending", "second_handoff": "checkpointed", "first_wal_bytes": 211344, "second_wal_bytes": 0, "result": "PASS", "source_unchanged": true}
{"fixture": "default-text-ready-wal-pending", "source_generator": "default", "comparison": "retained", "first_handoff": "wal-pending", "second_handoff": "wal-pending", "first_wal_bytes": 211344, "second_wal_bytes": 236208, "result": "PASS", "source_unchanged": true}
{"fixture": "retained-exact-vector-building-checkpointed", "source_generator": "retained", "comparison": "default", "first_handoff": "checkpointed", "second_handoff": "checkpointed", "first_wal_bytes": 0, "second_wal_bytes": 0, "result": "PASS", "source_unchanged": true}
{"fixture": "retained-exact-vector-building-checkpointed", "source_generator": "retained", "comparison": "default", "first_handoff": "checkpointed", "second_handoff": "wal-pending", "first_wal_bytes": 0, "second_wal_bytes": 24864, "result": "PASS", "source_unchanged": true}
{"fixture": "retained-exact-vector-building-checkpointed", "source_generator": "retained", "comparison": "default", "first_handoff": "wal-pending", "second_handoff": "checkpointed", "first_wal_bytes": 107744, "second_wal_bytes": 0, "result": "PASS", "source_unchanged": true}
{"fixture": "retained-exact-vector-building-checkpointed", "source_generator": "retained", "comparison": "default", "first_handoff": "wal-pending", "second_handoff": "wal-pending", "first_wal_bytes": 107744, "second_wal_bytes": 132608, "result": "PASS", "source_unchanged": true}
{"fixture": "retained-exact-vector-building-wal-pending", "source_generator": "retained", "comparison": "default", "first_handoff": "checkpointed", "second_handoff": "checkpointed", "first_wal_bytes": 0, "second_wal_bytes": 0, "result": "PASS", "source_unchanged": true}
{"fixture": "retained-exact-vector-building-wal-pending", "source_generator": "retained", "comparison": "default", "first_handoff": "checkpointed", "second_handoff": "wal-pending", "first_wal_bytes": 0, "second_wal_bytes": 24864, "result": "PASS", "source_unchanged": true}
{"fixture": "retained-exact-vector-building-wal-pending", "source_generator": "retained", "comparison": "default", "first_handoff": "wal-pending", "second_handoff": "checkpointed", "first_wal_bytes": 219632, "second_wal_bytes": 0, "result": "PASS", "source_unchanged": true}
{"fixture": "retained-exact-vector-building-wal-pending", "source_generator": "retained", "comparison": "default", "first_handoff": "wal-pending", "second_handoff": "wal-pending", "first_wal_bytes": 219632, "second_wal_bytes": 244496, "result": "PASS", "source_unchanged": true}
{"fixture": "retained-exact-vector-dropping-checkpointed", "source_generator": "retained", "comparison": "default", "first_handoff": "checkpointed", "second_handoff": "checkpointed", "first_wal_bytes": 0, "second_wal_bytes": 0, "result": "PASS", "source_unchanged": true}
{"fixture": "retained-exact-vector-dropping-checkpointed", "source_generator": "retained", "comparison": "default", "first_handoff": "checkpointed", "second_handoff": "wal-pending", "first_wal_bytes": 0, "second_wal_bytes": 20720, "result": "PASS", "source_unchanged": true}
{"fixture": "retained-exact-vector-dropping-checkpointed", "source_generator": "retained", "comparison": "default", "first_handoff": "wal-pending", "second_handoff": "checkpointed", "first_wal_bytes": 116032, "second_wal_bytes": 0, "result": "PASS", "source_unchanged": true}
{"fixture": "retained-exact-vector-dropping-checkpointed", "source_generator": "retained", "comparison": "default", "first_handoff": "wal-pending", "second_handoff": "wal-pending", "first_wal_bytes": 116032, "second_wal_bytes": 136752, "result": "PASS", "source_unchanged": true}
{"fixture": "retained-exact-vector-dropping-wal-pending", "source_generator": "retained", "comparison": "default", "first_handoff": "checkpointed", "second_handoff": "checkpointed", "first_wal_bytes": 0, "second_wal_bytes": 0, "result": "PASS", "source_unchanged": true}
{"fixture": "retained-exact-vector-dropping-wal-pending", "source_generator": "retained", "comparison": "default", "first_handoff": "checkpointed", "second_handoff": "wal-pending", "first_wal_bytes": 0, "second_wal_bytes": 20720, "result": "PASS", "source_unchanged": true}
{"fixture": "retained-exact-vector-dropping-wal-pending", "source_generator": "retained", "comparison": "default", "first_handoff": "wal-pending", "second_handoff": "checkpointed", "first_wal_bytes": 290080, "second_wal_bytes": 0, "result": "PASS", "source_unchanged": true}
{"fixture": "retained-exact-vector-dropping-wal-pending", "source_generator": "retained", "comparison": "default", "first_handoff": "wal-pending", "second_handoff": "wal-pending", "first_wal_bytes": 290080, "second_wal_bytes": 310800, "result": "PASS", "source_unchanged": true}
{"fixture": "retained-exact-vector-post-drop-checkpointed", "source_generator": "retained", "comparison": "default", "first_handoff": "checkpointed", "second_handoff": "checkpointed", "first_wal_bytes": 0, "second_wal_bytes": 0, "result": "PASS", "source_unchanged": true}
{"fixture": "retained-exact-vector-post-drop-checkpointed", "source_generator": "retained", "comparison": "default", "first_handoff": "checkpointed", "second_handoff": "wal-pending", "first_wal_bytes": 0, "second_wal_bytes": 20720, "result": "PASS", "source_unchanged": true}
{"fixture": "retained-exact-vector-post-drop-checkpointed", "source_generator": "retained", "comparison": "default", "first_handoff": "wal-pending", "second_handoff": "checkpointed", "first_wal_bytes": 20720, "second_wal_bytes": 0, "result": "PASS", "source_unchanged": true}
{"fixture": "retained-exact-vector-post-drop-checkpointed", "source_generator": "retained", "comparison": "default", "first_handoff": "wal-pending", "second_handoff": "wal-pending", "first_wal_bytes": 20720, "second_wal_bytes": 41440, "result": "PASS", "source_unchanged": true}
{"fixture": "retained-exact-vector-post-drop-wal-pending", "source_generator": "retained", "comparison": "default", "first_handoff": "checkpointed", "second_handoff": "checkpointed", "first_wal_bytes": 0, "second_wal_bytes": 0, "result": "PASS", "source_unchanged": true}
{"fixture": "retained-exact-vector-post-drop-wal-pending", "source_generator": "retained", "comparison": "default", "first_handoff": "checkpointed", "second_handoff": "wal-pending", "first_wal_bytes": 0, "second_wal_bytes": 20720, "result": "PASS", "source_unchanged": true}
{"fixture": "retained-exact-vector-post-drop-wal-pending", "source_generator": "retained", "comparison": "default", "first_handoff": "wal-pending", "second_handoff": "checkpointed", "first_wal_bytes": 273504, "second_wal_bytes": 0, "result": "PASS", "source_unchanged": true}
{"fixture": "retained-exact-vector-post-drop-wal-pending", "source_generator": "retained", "comparison": "default", "first_handoff": "wal-pending", "second_handoff": "wal-pending", "first_wal_bytes": 273504, "second_wal_bytes": 294224, "result": "PASS", "source_unchanged": true}
{"fixture": "retained-exact-vector-ready-checkpointed", "source_generator": "retained", "comparison": "default", "first_handoff": "checkpointed", "second_handoff": "checkpointed", "first_wal_bytes": 0, "second_wal_bytes": 0, "result": "PASS", "source_unchanged": true}
{"fixture": "retained-exact-vector-ready-checkpointed", "source_generator": "retained", "comparison": "default", "first_handoff": "checkpointed", "second_handoff": "wal-pending", "first_wal_bytes": 0, "second_wal_bytes": 24864, "result": "PASS", "source_unchanged": true}
{"fixture": "retained-exact-vector-ready-checkpointed", "source_generator": "retained", "comparison": "default", "first_handoff": "wal-pending", "second_handoff": "checkpointed", "first_wal_bytes": 24864, "second_wal_bytes": 0, "result": "PASS", "source_unchanged": true}
{"fixture": "retained-exact-vector-ready-checkpointed", "source_generator": "retained", "comparison": "default", "first_handoff": "wal-pending", "second_handoff": "wal-pending", "first_wal_bytes": 24864, "second_wal_bytes": 49728, "result": "PASS", "source_unchanged": true}
{"fixture": "retained-exact-vector-ready-wal-pending", "source_generator": "retained", "comparison": "default", "first_handoff": "checkpointed", "second_handoff": "checkpointed", "first_wal_bytes": 0, "second_wal_bytes": 0, "result": "PASS", "source_unchanged": true}
{"fixture": "retained-exact-vector-ready-wal-pending", "source_generator": "retained", "comparison": "default", "first_handoff": "checkpointed", "second_handoff": "wal-pending", "first_wal_bytes": 0, "second_wal_bytes": 24864, "result": "PASS", "source_unchanged": true}
{"fixture": "retained-exact-vector-ready-wal-pending", "source_generator": "retained", "comparison": "default", "first_handoff": "wal-pending", "second_handoff": "checkpointed", "first_wal_bytes": 198912, "second_wal_bytes": 0, "result": "PASS", "source_unchanged": true}
{"fixture": "retained-exact-vector-ready-wal-pending", "source_generator": "retained", "comparison": "default", "first_handoff": "wal-pending", "second_handoff": "wal-pending", "first_wal_bytes": 198912, "second_wal_bytes": 223776, "result": "PASS", "source_unchanged": true}
{"fixture": "retained-quantized-building-checkpointed", "source_generator": "retained", "comparison": "default", "first_handoff": "checkpointed", "second_handoff": "checkpointed", "first_wal_bytes": 0, "second_wal_bytes": 0, "result": "PASS", "source_unchanged": true}
{"fixture": "retained-quantized-building-checkpointed", "source_generator": "retained", "comparison": "default", "first_handoff": "checkpointed", "second_handoff": "wal-pending", "first_wal_bytes": 0, "second_wal_bytes": 24864, "result": "PASS", "source_unchanged": true}
{"fixture": "retained-quantized-building-checkpointed", "source_generator": "retained", "comparison": "default", "first_handoff": "wal-pending", "second_handoff": "checkpointed", "first_wal_bytes": 107744, "second_wal_bytes": 0, "result": "PASS", "source_unchanged": true}
{"fixture": "retained-quantized-building-checkpointed", "source_generator": "retained", "comparison": "default", "first_handoff": "wal-pending", "second_handoff": "wal-pending", "first_wal_bytes": 107744, "second_wal_bytes": 132608, "result": "PASS", "source_unchanged": true}
{"fixture": "retained-quantized-building-wal-pending", "source_generator": "retained", "comparison": "default", "first_handoff": "checkpointed", "second_handoff": "checkpointed", "first_wal_bytes": 0, "second_wal_bytes": 0, "result": "PASS", "source_unchanged": true}
{"fixture": "retained-quantized-building-wal-pending", "source_generator": "retained", "comparison": "default", "first_handoff": "checkpointed", "second_handoff": "wal-pending", "first_wal_bytes": 0, "second_wal_bytes": 24864, "result": "PASS", "source_unchanged": true}
{"fixture": "retained-quantized-building-wal-pending", "source_generator": "retained", "comparison": "default", "first_handoff": "wal-pending", "second_handoff": "checkpointed", "first_wal_bytes": 219632, "second_wal_bytes": 0, "result": "PASS", "source_unchanged": true}
{"fixture": "retained-quantized-building-wal-pending", "source_generator": "retained", "comparison": "default", "first_handoff": "wal-pending", "second_handoff": "wal-pending", "first_wal_bytes": 219632, "second_wal_bytes": 244496, "result": "PASS", "source_unchanged": true}
{"fixture": "retained-quantized-dropping-checkpointed", "source_generator": "retained", "comparison": "default", "first_handoff": "checkpointed", "second_handoff": "checkpointed", "first_wal_bytes": 0, "second_wal_bytes": 0, "result": "PASS", "source_unchanged": true}
{"fixture": "retained-quantized-dropping-checkpointed", "source_generator": "retained", "comparison": "default", "first_handoff": "checkpointed", "second_handoff": "wal-pending", "first_wal_bytes": 0, "second_wal_bytes": 20720, "result": "PASS", "source_unchanged": true}
{"fixture": "retained-quantized-dropping-checkpointed", "source_generator": "retained", "comparison": "default", "first_handoff": "wal-pending", "second_handoff": "checkpointed", "first_wal_bytes": 116032, "second_wal_bytes": 0, "result": "PASS", "source_unchanged": true}
{"fixture": "retained-quantized-dropping-checkpointed", "source_generator": "retained", "comparison": "default", "first_handoff": "wal-pending", "second_handoff": "wal-pending", "first_wal_bytes": 116032, "second_wal_bytes": 136752, "result": "PASS", "source_unchanged": true}
{"fixture": "retained-quantized-dropping-wal-pending", "source_generator": "retained", "comparison": "default", "first_handoff": "checkpointed", "second_handoff": "checkpointed", "first_wal_bytes": 0, "second_wal_bytes": 0, "result": "PASS", "source_unchanged": true}
{"fixture": "retained-quantized-dropping-wal-pending", "source_generator": "retained", "comparison": "default", "first_handoff": "checkpointed", "second_handoff": "wal-pending", "first_wal_bytes": 0, "second_wal_bytes": 20720, "result": "PASS", "source_unchanged": true}
{"fixture": "retained-quantized-dropping-wal-pending", "source_generator": "retained", "comparison": "default", "first_handoff": "wal-pending", "second_handoff": "checkpointed", "first_wal_bytes": 290080, "second_wal_bytes": 0, "result": "PASS", "source_unchanged": true}
{"fixture": "retained-quantized-dropping-wal-pending", "source_generator": "retained", "comparison": "default", "first_handoff": "wal-pending", "second_handoff": "wal-pending", "first_wal_bytes": 290080, "second_wal_bytes": 310800, "result": "PASS", "source_unchanged": true}
{"fixture": "retained-quantized-post-drop-checkpointed", "source_generator": "retained", "comparison": "default", "first_handoff": "checkpointed", "second_handoff": "checkpointed", "first_wal_bytes": 0, "second_wal_bytes": 0, "result": "PASS", "source_unchanged": true}
{"fixture": "retained-quantized-post-drop-checkpointed", "source_generator": "retained", "comparison": "default", "first_handoff": "checkpointed", "second_handoff": "wal-pending", "first_wal_bytes": 0, "second_wal_bytes": 20720, "result": "PASS", "source_unchanged": true}
{"fixture": "retained-quantized-post-drop-checkpointed", "source_generator": "retained", "comparison": "default", "first_handoff": "wal-pending", "second_handoff": "checkpointed", "first_wal_bytes": 20720, "second_wal_bytes": 0, "result": "PASS", "source_unchanged": true}
{"fixture": "retained-quantized-post-drop-checkpointed", "source_generator": "retained", "comparison": "default", "first_handoff": "wal-pending", "second_handoff": "wal-pending", "first_wal_bytes": 20720, "second_wal_bytes": 41440, "result": "PASS", "source_unchanged": true}
{"fixture": "retained-quantized-post-drop-wal-pending", "source_generator": "retained", "comparison": "default", "first_handoff": "checkpointed", "second_handoff": "checkpointed", "first_wal_bytes": 0, "second_wal_bytes": 0, "result": "PASS", "source_unchanged": true}
{"fixture": "retained-quantized-post-drop-wal-pending", "source_generator": "retained", "comparison": "default", "first_handoff": "checkpointed", "second_handoff": "wal-pending", "first_wal_bytes": 0, "second_wal_bytes": 20720, "result": "PASS", "source_unchanged": true}
{"fixture": "retained-quantized-post-drop-wal-pending", "source_generator": "retained", "comparison": "default", "first_handoff": "wal-pending", "second_handoff": "checkpointed", "first_wal_bytes": 273504, "second_wal_bytes": 0, "result": "PASS", "source_unchanged": true}
{"fixture": "retained-quantized-post-drop-wal-pending", "source_generator": "retained", "comparison": "default", "first_handoff": "wal-pending", "second_handoff": "wal-pending", "first_wal_bytes": 273504, "second_wal_bytes": 294224, "result": "PASS", "source_unchanged": true}
{"fixture": "retained-quantized-ready-checkpointed", "source_generator": "retained", "comparison": "default", "first_handoff": "checkpointed", "second_handoff": "checkpointed", "first_wal_bytes": 0, "second_wal_bytes": 0, "result": "PASS", "source_unchanged": true}
{"fixture": "retained-quantized-ready-checkpointed", "source_generator": "retained", "comparison": "default", "first_handoff": "checkpointed", "second_handoff": "wal-pending", "first_wal_bytes": 0, "second_wal_bytes": 24864, "result": "PASS", "source_unchanged": true}
{"fixture": "retained-quantized-ready-checkpointed", "source_generator": "retained", "comparison": "default", "first_handoff": "wal-pending", "second_handoff": "checkpointed", "first_wal_bytes": 24864, "second_wal_bytes": 0, "result": "PASS", "source_unchanged": true}
{"fixture": "retained-quantized-ready-checkpointed", "source_generator": "retained", "comparison": "default", "first_handoff": "wal-pending", "second_handoff": "wal-pending", "first_wal_bytes": 24864, "second_wal_bytes": 49728, "result": "PASS", "source_unchanged": true}
{"fixture": "retained-quantized-ready-wal-pending", "source_generator": "retained", "comparison": "default", "first_handoff": "checkpointed", "second_handoff": "checkpointed", "first_wal_bytes": 0, "second_wal_bytes": 0, "result": "PASS", "source_unchanged": true}
{"fixture": "retained-quantized-ready-wal-pending", "source_generator": "retained", "comparison": "default", "first_handoff": "checkpointed", "second_handoff": "wal-pending", "first_wal_bytes": 0, "second_wal_bytes": 24864, "result": "PASS", "source_unchanged": true}
{"fixture": "retained-quantized-ready-wal-pending", "source_generator": "retained", "comparison": "default", "first_handoff": "wal-pending", "second_handoff": "checkpointed", "first_wal_bytes": 198912, "second_wal_bytes": 0, "result": "PASS", "source_unchanged": true}
{"fixture": "retained-quantized-ready-wal-pending", "source_generator": "retained", "comparison": "default", "first_handoff": "wal-pending", "second_handoff": "wal-pending", "first_wal_bytes": 198912, "second_wal_bytes": 223776, "result": "PASS", "source_unchanged": true}
{"fixture": "retained-scalar-building-checkpointed", "source_generator": "retained", "comparison": "default", "first_handoff": "checkpointed", "second_handoff": "checkpointed", "first_wal_bytes": 0, "second_wal_bytes": 0, "result": "PASS", "source_unchanged": true}
{"fixture": "retained-scalar-building-checkpointed", "source_generator": "retained", "comparison": "default", "first_handoff": "checkpointed", "second_handoff": "wal-pending", "first_wal_bytes": 0, "second_wal_bytes": 24864, "result": "PASS", "source_unchanged": true}
{"fixture": "retained-scalar-building-checkpointed", "source_generator": "retained", "comparison": "default", "first_handoff": "wal-pending", "second_handoff": "checkpointed", "first_wal_bytes": 107744, "second_wal_bytes": 0, "result": "PASS", "source_unchanged": true}
{"fixture": "retained-scalar-building-checkpointed", "source_generator": "retained", "comparison": "default", "first_handoff": "wal-pending", "second_handoff": "wal-pending", "first_wal_bytes": 107744, "second_wal_bytes": 132608, "result": "PASS", "source_unchanged": true}
{"fixture": "retained-scalar-building-wal-pending", "source_generator": "retained", "comparison": "default", "first_handoff": "checkpointed", "second_handoff": "checkpointed", "first_wal_bytes": 0, "second_wal_bytes": 0, "result": "PASS", "source_unchanged": true}
{"fixture": "retained-scalar-building-wal-pending", "source_generator": "retained", "comparison": "default", "first_handoff": "checkpointed", "second_handoff": "wal-pending", "first_wal_bytes": 0, "second_wal_bytes": 24864, "result": "PASS", "source_unchanged": true}
{"fixture": "retained-scalar-building-wal-pending", "source_generator": "retained", "comparison": "default", "first_handoff": "wal-pending", "second_handoff": "checkpointed", "first_wal_bytes": 219632, "second_wal_bytes": 0, "result": "PASS", "source_unchanged": true}
{"fixture": "retained-scalar-building-wal-pending", "source_generator": "retained", "comparison": "default", "first_handoff": "wal-pending", "second_handoff": "wal-pending", "first_wal_bytes": 219632, "second_wal_bytes": 244496, "result": "PASS", "source_unchanged": true}
{"fixture": "retained-scalar-dropping-checkpointed", "source_generator": "retained", "comparison": "default", "first_handoff": "checkpointed", "second_handoff": "checkpointed", "first_wal_bytes": 0, "second_wal_bytes": 0, "result": "PASS", "source_unchanged": true}
{"fixture": "retained-scalar-dropping-checkpointed", "source_generator": "retained", "comparison": "default", "first_handoff": "checkpointed", "second_handoff": "wal-pending", "first_wal_bytes": 0, "second_wal_bytes": 20720, "result": "PASS", "source_unchanged": true}
{"fixture": "retained-scalar-dropping-checkpointed", "source_generator": "retained", "comparison": "default", "first_handoff": "wal-pending", "second_handoff": "checkpointed", "first_wal_bytes": 116032, "second_wal_bytes": 0, "result": "PASS", "source_unchanged": true}
{"fixture": "retained-scalar-dropping-checkpointed", "source_generator": "retained", "comparison": "default", "first_handoff": "wal-pending", "second_handoff": "wal-pending", "first_wal_bytes": 116032, "second_wal_bytes": 136752, "result": "PASS", "source_unchanged": true}
{"fixture": "retained-scalar-dropping-wal-pending", "source_generator": "retained", "comparison": "default", "first_handoff": "checkpointed", "second_handoff": "checkpointed", "first_wal_bytes": 0, "second_wal_bytes": 0, "result": "PASS", "source_unchanged": true}
{"fixture": "retained-scalar-dropping-wal-pending", "source_generator": "retained", "comparison": "default", "first_handoff": "checkpointed", "second_handoff": "wal-pending", "first_wal_bytes": 0, "second_wal_bytes": 20720, "result": "PASS", "source_unchanged": true}
{"fixture": "retained-scalar-dropping-wal-pending", "source_generator": "retained", "comparison": "default", "first_handoff": "wal-pending", "second_handoff": "checkpointed", "first_wal_bytes": 290080, "second_wal_bytes": 0, "result": "PASS", "source_unchanged": true}
{"fixture": "retained-scalar-dropping-wal-pending", "source_generator": "retained", "comparison": "default", "first_handoff": "wal-pending", "second_handoff": "wal-pending", "first_wal_bytes": 290080, "second_wal_bytes": 310800, "result": "PASS", "source_unchanged": true}
{"fixture": "retained-scalar-post-drop-checkpointed", "source_generator": "retained", "comparison": "default", "first_handoff": "checkpointed", "second_handoff": "checkpointed", "first_wal_bytes": 0, "second_wal_bytes": 0, "result": "PASS", "source_unchanged": true}
{"fixture": "retained-scalar-post-drop-checkpointed", "source_generator": "retained", "comparison": "default", "first_handoff": "checkpointed", "second_handoff": "wal-pending", "first_wal_bytes": 0, "second_wal_bytes": 20720, "result": "PASS", "source_unchanged": true}
{"fixture": "retained-scalar-post-drop-checkpointed", "source_generator": "retained", "comparison": "default", "first_handoff": "wal-pending", "second_handoff": "checkpointed", "first_wal_bytes": 20720, "second_wal_bytes": 0, "result": "PASS", "source_unchanged": true}
{"fixture": "retained-scalar-post-drop-checkpointed", "source_generator": "retained", "comparison": "default", "first_handoff": "wal-pending", "second_handoff": "wal-pending", "first_wal_bytes": 20720, "second_wal_bytes": 41440, "result": "PASS", "source_unchanged": true}
{"fixture": "retained-scalar-post-drop-wal-pending", "source_generator": "retained", "comparison": "default", "first_handoff": "checkpointed", "second_handoff": "checkpointed", "first_wal_bytes": 0, "second_wal_bytes": 0, "result": "PASS", "source_unchanged": true}
{"fixture": "retained-scalar-post-drop-wal-pending", "source_generator": "retained", "comparison": "default", "first_handoff": "checkpointed", "second_handoff": "wal-pending", "first_wal_bytes": 0, "second_wal_bytes": 20720, "result": "PASS", "source_unchanged": true}
{"fixture": "retained-scalar-post-drop-wal-pending", "source_generator": "retained", "comparison": "default", "first_handoff": "wal-pending", "second_handoff": "checkpointed", "first_wal_bytes": 273504, "second_wal_bytes": 0, "result": "PASS", "source_unchanged": true}
{"fixture": "retained-scalar-post-drop-wal-pending", "source_generator": "retained", "comparison": "default", "first_handoff": "wal-pending", "second_handoff": "wal-pending", "first_wal_bytes": 273504, "second_wal_bytes": 294224, "result": "PASS", "source_unchanged": true}
{"fixture": "retained-scalar-ready-checkpointed", "source_generator": "retained", "comparison": "default", "first_handoff": "checkpointed", "second_handoff": "checkpointed", "first_wal_bytes": 0, "second_wal_bytes": 0, "result": "PASS", "source_unchanged": true}
{"fixture": "retained-scalar-ready-checkpointed", "source_generator": "retained", "comparison": "default", "first_handoff": "checkpointed", "second_handoff": "wal-pending", "first_wal_bytes": 0, "second_wal_bytes": 24864, "result": "PASS", "source_unchanged": true}
{"fixture": "retained-scalar-ready-checkpointed", "source_generator": "retained", "comparison": "default", "first_handoff": "wal-pending", "second_handoff": "checkpointed", "first_wal_bytes": 24864, "second_wal_bytes": 0, "result": "PASS", "source_unchanged": true}
{"fixture": "retained-scalar-ready-checkpointed", "source_generator": "retained", "comparison": "default", "first_handoff": "wal-pending", "second_handoff": "wal-pending", "first_wal_bytes": 24864, "second_wal_bytes": 49728, "result": "PASS", "source_unchanged": true}
{"fixture": "retained-scalar-ready-wal-pending", "source_generator": "retained", "comparison": "default", "first_handoff": "checkpointed", "second_handoff": "checkpointed", "first_wal_bytes": 0, "second_wal_bytes": 0, "result": "PASS", "source_unchanged": true}
{"fixture": "retained-scalar-ready-wal-pending", "source_generator": "retained", "comparison": "default", "first_handoff": "checkpointed", "second_handoff": "wal-pending", "first_wal_bytes": 0, "second_wal_bytes": 24864, "result": "PASS", "source_unchanged": true}
{"fixture": "retained-scalar-ready-wal-pending", "source_generator": "retained", "comparison": "default", "first_handoff": "wal-pending", "second_handoff": "checkpointed", "first_wal_bytes": 198912, "second_wal_bytes": 0, "result": "PASS", "source_unchanged": true}
{"fixture": "retained-scalar-ready-wal-pending", "source_generator": "retained", "comparison": "default", "first_handoff": "wal-pending", "second_handoff": "wal-pending", "first_wal_bytes": 198912, "second_wal_bytes": 223776, "result": "PASS", "source_unchanged": true}
{"fixture": "retained-spatial-building-checkpointed", "source_generator": "retained", "comparison": "default", "first_handoff": "checkpointed", "second_handoff": "checkpointed", "first_wal_bytes": 0, "second_wal_bytes": 0, "result": "PASS", "source_unchanged": true}
{"fixture": "retained-spatial-building-checkpointed", "source_generator": "retained", "comparison": "default", "first_handoff": "checkpointed", "second_handoff": "wal-pending", "first_wal_bytes": 0, "second_wal_bytes": 24864, "result": "PASS", "source_unchanged": true}
{"fixture": "retained-spatial-building-checkpointed", "source_generator": "retained", "comparison": "default", "first_handoff": "wal-pending", "second_handoff": "checkpointed", "first_wal_bytes": 107744, "second_wal_bytes": 0, "result": "PASS", "source_unchanged": true}
{"fixture": "retained-spatial-building-checkpointed", "source_generator": "retained", "comparison": "default", "first_handoff": "wal-pending", "second_handoff": "wal-pending", "first_wal_bytes": 107744, "second_wal_bytes": 132608, "result": "PASS", "source_unchanged": true}
{"fixture": "retained-spatial-building-wal-pending", "source_generator": "retained", "comparison": "default", "first_handoff": "checkpointed", "second_handoff": "checkpointed", "first_wal_bytes": 0, "second_wal_bytes": 0, "result": "PASS", "source_unchanged": true}
{"fixture": "retained-spatial-building-wal-pending", "source_generator": "retained", "comparison": "default", "first_handoff": "checkpointed", "second_handoff": "wal-pending", "first_wal_bytes": 0, "second_wal_bytes": 24864, "result": "PASS", "source_unchanged": true}
{"fixture": "retained-spatial-building-wal-pending", "source_generator": "retained", "comparison": "default", "first_handoff": "wal-pending", "second_handoff": "checkpointed", "first_wal_bytes": 219632, "second_wal_bytes": 0, "result": "PASS", "source_unchanged": true}
{"fixture": "retained-spatial-building-wal-pending", "source_generator": "retained", "comparison": "default", "first_handoff": "wal-pending", "second_handoff": "wal-pending", "first_wal_bytes": 219632, "second_wal_bytes": 244496, "result": "PASS", "source_unchanged": true}
{"fixture": "retained-spatial-dropping-checkpointed", "source_generator": "retained", "comparison": "default", "first_handoff": "checkpointed", "second_handoff": "checkpointed", "first_wal_bytes": 0, "second_wal_bytes": 0, "result": "PASS", "source_unchanged": true}
{"fixture": "retained-spatial-dropping-checkpointed", "source_generator": "retained", "comparison": "default", "first_handoff": "checkpointed", "second_handoff": "wal-pending", "first_wal_bytes": 0, "second_wal_bytes": 20720, "result": "PASS", "source_unchanged": true}
{"fixture": "retained-spatial-dropping-checkpointed", "source_generator": "retained", "comparison": "default", "first_handoff": "wal-pending", "second_handoff": "checkpointed", "first_wal_bytes": 116032, "second_wal_bytes": 0, "result": "PASS", "source_unchanged": true}
{"fixture": "retained-spatial-dropping-checkpointed", "source_generator": "retained", "comparison": "default", "first_handoff": "wal-pending", "second_handoff": "wal-pending", "first_wal_bytes": 116032, "second_wal_bytes": 136752, "result": "PASS", "source_unchanged": true}
{"fixture": "retained-spatial-dropping-wal-pending", "source_generator": "retained", "comparison": "default", "first_handoff": "checkpointed", "second_handoff": "checkpointed", "first_wal_bytes": 0, "second_wal_bytes": 0, "result": "PASS", "source_unchanged": true}
{"fixture": "retained-spatial-dropping-wal-pending", "source_generator": "retained", "comparison": "default", "first_handoff": "checkpointed", "second_handoff": "wal-pending", "first_wal_bytes": 0, "second_wal_bytes": 20720, "result": "PASS", "source_unchanged": true}
{"fixture": "retained-spatial-dropping-wal-pending", "source_generator": "retained", "comparison": "default", "first_handoff": "wal-pending", "second_handoff": "checkpointed", "first_wal_bytes": 290080, "second_wal_bytes": 0, "result": "PASS", "source_unchanged": true}
{"fixture": "retained-spatial-dropping-wal-pending", "source_generator": "retained", "comparison": "default", "first_handoff": "wal-pending", "second_handoff": "wal-pending", "first_wal_bytes": 290080, "second_wal_bytes": 310800, "result": "PASS", "source_unchanged": true}
{"fixture": "retained-spatial-post-drop-checkpointed", "source_generator": "retained", "comparison": "default", "first_handoff": "checkpointed", "second_handoff": "checkpointed", "first_wal_bytes": 0, "second_wal_bytes": 0, "result": "PASS", "source_unchanged": true}
{"fixture": "retained-spatial-post-drop-checkpointed", "source_generator": "retained", "comparison": "default", "first_handoff": "checkpointed", "second_handoff": "wal-pending", "first_wal_bytes": 0, "second_wal_bytes": 20720, "result": "PASS", "source_unchanged": true}
{"fixture": "retained-spatial-post-drop-checkpointed", "source_generator": "retained", "comparison": "default", "first_handoff": "wal-pending", "second_handoff": "checkpointed", "first_wal_bytes": 20720, "second_wal_bytes": 0, "result": "PASS", "source_unchanged": true}
{"fixture": "retained-spatial-post-drop-checkpointed", "source_generator": "retained", "comparison": "default", "first_handoff": "wal-pending", "second_handoff": "wal-pending", "first_wal_bytes": 20720, "second_wal_bytes": 41440, "result": "PASS", "source_unchanged": true}
{"fixture": "retained-spatial-post-drop-wal-pending", "source_generator": "retained", "comparison": "default", "first_handoff": "checkpointed", "second_handoff": "checkpointed", "first_wal_bytes": 0, "second_wal_bytes": 0, "result": "PASS", "source_unchanged": true}
{"fixture": "retained-spatial-post-drop-wal-pending", "source_generator": "retained", "comparison": "default", "first_handoff": "checkpointed", "second_handoff": "wal-pending", "first_wal_bytes": 0, "second_wal_bytes": 20720, "result": "PASS", "source_unchanged": true}
{"fixture": "retained-spatial-post-drop-wal-pending", "source_generator": "retained", "comparison": "default", "first_handoff": "wal-pending", "second_handoff": "checkpointed", "first_wal_bytes": 273504, "second_wal_bytes": 0, "result": "PASS", "source_unchanged": true}
{"fixture": "retained-spatial-post-drop-wal-pending", "source_generator": "retained", "comparison": "default", "first_handoff": "wal-pending", "second_handoff": "wal-pending", "first_wal_bytes": 273504, "second_wal_bytes": 294224, "result": "PASS", "source_unchanged": true}
{"fixture": "retained-spatial-ready-checkpointed", "source_generator": "retained", "comparison": "default", "first_handoff": "checkpointed", "second_handoff": "checkpointed", "first_wal_bytes": 0, "second_wal_bytes": 0, "result": "PASS", "source_unchanged": true}
{"fixture": "retained-spatial-ready-checkpointed", "source_generator": "retained", "comparison": "default", "first_handoff": "checkpointed", "second_handoff": "wal-pending", "first_wal_bytes": 0, "second_wal_bytes": 24864, "result": "PASS", "source_unchanged": true}
{"fixture": "retained-spatial-ready-checkpointed", "source_generator": "retained", "comparison": "default", "first_handoff": "wal-pending", "second_handoff": "checkpointed", "first_wal_bytes": 24864, "second_wal_bytes": 0, "result": "PASS", "source_unchanged": true}
{"fixture": "retained-spatial-ready-checkpointed", "source_generator": "retained", "comparison": "default", "first_handoff": "wal-pending", "second_handoff": "wal-pending", "first_wal_bytes": 24864, "second_wal_bytes": 49728, "result": "PASS", "source_unchanged": true}
{"fixture": "retained-spatial-ready-wal-pending", "source_generator": "retained", "comparison": "default", "first_handoff": "checkpointed", "second_handoff": "checkpointed", "first_wal_bytes": 0, "second_wal_bytes": 0, "result": "PASS", "source_unchanged": true}
{"fixture": "retained-spatial-ready-wal-pending", "source_generator": "retained", "comparison": "default", "first_handoff": "checkpointed", "second_handoff": "wal-pending", "first_wal_bytes": 0, "second_wal_bytes": 24864, "result": "PASS", "source_unchanged": true}
{"fixture": "retained-spatial-ready-wal-pending", "source_generator": "retained", "comparison": "default", "first_handoff": "wal-pending", "second_handoff": "checkpointed", "first_wal_bytes": 198912, "second_wal_bytes": 0, "result": "PASS", "source_unchanged": true}
{"fixture": "retained-spatial-ready-wal-pending", "source_generator": "retained", "comparison": "default", "first_handoff": "wal-pending", "second_handoff": "wal-pending", "first_wal_bytes": 198912, "second_wal_bytes": 223776, "result": "PASS", "source_unchanged": true}
{"fixture": "retained-text-building-checkpointed", "source_generator": "retained", "comparison": "default", "first_handoff": "checkpointed", "second_handoff": "checkpointed", "first_wal_bytes": 0, "second_wal_bytes": 0, "result": "PASS", "source_unchanged": true}
{"fixture": "retained-text-building-checkpointed", "source_generator": "retained", "comparison": "default", "first_handoff": "checkpointed", "second_handoff": "wal-pending", "first_wal_bytes": 0, "second_wal_bytes": 24864, "result": "PASS", "source_unchanged": true}
{"fixture": "retained-text-building-checkpointed", "source_generator": "retained", "comparison": "default", "first_handoff": "wal-pending", "second_handoff": "checkpointed", "first_wal_bytes": 120176, "second_wal_bytes": 0, "result": "PASS", "source_unchanged": true}
{"fixture": "retained-text-building-checkpointed", "source_generator": "retained", "comparison": "default", "first_handoff": "wal-pending", "second_handoff": "wal-pending", "first_wal_bytes": 120176, "second_wal_bytes": 145040, "result": "PASS", "source_unchanged": true}
{"fixture": "retained-text-building-wal-pending", "source_generator": "retained", "comparison": "default", "first_handoff": "checkpointed", "second_handoff": "checkpointed", "first_wal_bytes": 0, "second_wal_bytes": 0, "result": "PASS", "source_unchanged": true}
{"fixture": "retained-text-building-wal-pending", "source_generator": "retained", "comparison": "default", "first_handoff": "checkpointed", "second_handoff": "wal-pending", "first_wal_bytes": 0, "second_wal_bytes": 24864, "result": "PASS", "source_unchanged": true}
{"fixture": "retained-text-building-wal-pending", "source_generator": "retained", "comparison": "default", "first_handoff": "wal-pending", "second_handoff": "checkpointed", "first_wal_bytes": 232064, "second_wal_bytes": 0, "result": "PASS", "source_unchanged": true}
{"fixture": "retained-text-building-wal-pending", "source_generator": "retained", "comparison": "default", "first_handoff": "wal-pending", "second_handoff": "wal-pending", "first_wal_bytes": 232064, "second_wal_bytes": 256928, "result": "PASS", "source_unchanged": true}
{"fixture": "retained-text-dropping-checkpointed", "source_generator": "retained", "comparison": "default", "first_handoff": "checkpointed", "second_handoff": "checkpointed", "first_wal_bytes": 0, "second_wal_bytes": 0, "result": "PASS", "source_unchanged": true}
{"fixture": "retained-text-dropping-checkpointed", "source_generator": "retained", "comparison": "default", "first_handoff": "checkpointed", "second_handoff": "wal-pending", "first_wal_bytes": 0, "second_wal_bytes": 20720, "result": "PASS", "source_unchanged": true}
{"fixture": "retained-text-dropping-checkpointed", "source_generator": "retained", "comparison": "default", "first_handoff": "wal-pending", "second_handoff": "checkpointed", "first_wal_bytes": 269360, "second_wal_bytes": 0, "result": "PASS", "source_unchanged": true}
{"fixture": "retained-text-dropping-checkpointed", "source_generator": "retained", "comparison": "default", "first_handoff": "wal-pending", "second_handoff": "wal-pending", "first_wal_bytes": 269360, "second_wal_bytes": 290080, "result": "PASS", "source_unchanged": true}
{"fixture": "retained-text-dropping-wal-pending", "source_generator": "retained", "comparison": "default", "first_handoff": "checkpointed", "second_handoff": "checkpointed", "first_wal_bytes": 0, "second_wal_bytes": 0, "result": "PASS", "source_unchanged": true}
{"fixture": "retained-text-dropping-wal-pending", "source_generator": "retained", "comparison": "default", "first_handoff": "checkpointed", "second_handoff": "wal-pending", "first_wal_bytes": 0, "second_wal_bytes": 20720, "result": "PASS", "source_unchanged": true}
{"fixture": "retained-text-dropping-wal-pending", "source_generator": "retained", "comparison": "default", "first_handoff": "wal-pending", "second_handoff": "checkpointed", "first_wal_bytes": 455840, "second_wal_bytes": 0, "result": "PASS", "source_unchanged": true}
{"fixture": "retained-text-dropping-wal-pending", "source_generator": "retained", "comparison": "default", "first_handoff": "wal-pending", "second_handoff": "wal-pending", "first_wal_bytes": 455840, "second_wal_bytes": 476560, "result": "PASS", "source_unchanged": true}
{"fixture": "retained-text-post-drop-checkpointed", "source_generator": "retained", "comparison": "default", "first_handoff": "checkpointed", "second_handoff": "checkpointed", "first_wal_bytes": 0, "second_wal_bytes": 0, "result": "PASS", "source_unchanged": true}
{"fixture": "retained-text-post-drop-checkpointed", "source_generator": "retained", "comparison": "default", "first_handoff": "checkpointed", "second_handoff": "wal-pending", "first_wal_bytes": 0, "second_wal_bytes": 20720, "result": "PASS", "source_unchanged": true}
{"fixture": "retained-text-post-drop-checkpointed", "source_generator": "retained", "comparison": "default", "first_handoff": "wal-pending", "second_handoff": "checkpointed", "first_wal_bytes": 20720, "second_wal_bytes": 0, "result": "PASS", "source_unchanged": true}
{"fixture": "retained-text-post-drop-checkpointed", "source_generator": "retained", "comparison": "default", "first_handoff": "wal-pending", "second_handoff": "wal-pending", "first_wal_bytes": 20720, "second_wal_bytes": 41440, "result": "PASS", "source_unchanged": true}
{"fixture": "retained-text-post-drop-wal-pending", "source_generator": "retained", "comparison": "default", "first_handoff": "checkpointed", "second_handoff": "checkpointed", "first_wal_bytes": 0, "second_wal_bytes": 0, "result": "PASS", "source_unchanged": true}
{"fixture": "retained-text-post-drop-wal-pending", "source_generator": "retained", "comparison": "default", "first_handoff": "checkpointed", "second_handoff": "wal-pending", "first_wal_bytes": 0, "second_wal_bytes": 20720, "result": "PASS", "source_unchanged": true}
{"fixture": "retained-text-post-drop-wal-pending", "source_generator": "retained", "comparison": "default", "first_handoff": "wal-pending", "second_handoff": "checkpointed", "first_wal_bytes": 439264, "second_wal_bytes": 0, "result": "PASS", "source_unchanged": true}
{"fixture": "retained-text-post-drop-wal-pending", "source_generator": "retained", "comparison": "default", "first_handoff": "wal-pending", "second_handoff": "wal-pending", "first_wal_bytes": 439264, "second_wal_bytes": 459984, "result": "PASS", "source_unchanged": true}
{"fixture": "retained-text-ready-checkpointed", "source_generator": "retained", "comparison": "default", "first_handoff": "checkpointed", "second_handoff": "checkpointed", "first_wal_bytes": 0, "second_wal_bytes": 0, "result": "PASS", "source_unchanged": true}
{"fixture": "retained-text-ready-checkpointed", "source_generator": "retained", "comparison": "default", "first_handoff": "checkpointed", "second_handoff": "wal-pending", "first_wal_bytes": 0, "second_wal_bytes": 24864, "result": "PASS", "source_unchanged": true}
{"fixture": "retained-text-ready-checkpointed", "source_generator": "retained", "comparison": "default", "first_handoff": "wal-pending", "second_handoff": "checkpointed", "first_wal_bytes": 24864, "second_wal_bytes": 0, "result": "PASS", "source_unchanged": true}
{"fixture": "retained-text-ready-checkpointed", "source_generator": "retained", "comparison": "default", "first_handoff": "wal-pending", "second_handoff": "wal-pending", "first_wal_bytes": 24864, "second_wal_bytes": 49728, "result": "PASS", "source_unchanged": true}
{"fixture": "retained-text-ready-wal-pending", "source_generator": "retained", "comparison": "default", "first_handoff": "checkpointed", "second_handoff": "checkpointed", "first_wal_bytes": 0, "second_wal_bytes": 0, "result": "PASS", "source_unchanged": true}
{"fixture": "retained-text-ready-wal-pending", "source_generator": "retained", "comparison": "default", "first_handoff": "checkpointed", "second_handoff": "wal-pending", "first_wal_bytes": 0, "second_wal_bytes": 24864, "result": "PASS", "source_unchanged": true}
{"fixture": "retained-text-ready-wal-pending", "source_generator": "retained", "comparison": "default", "first_handoff": "wal-pending", "second_handoff": "checkpointed", "first_wal_bytes": 211344, "second_wal_bytes": 0, "result": "PASS", "source_unchanged": true}
{"fixture": "retained-text-ready-wal-pending", "source_generator": "retained", "comparison": "default", "first_handoff": "wal-pending", "second_handoff": "wal-pending", "first_wal_bytes": 211344, "second_wal_bytes": 236208, "result": "PASS", "source_unchanged": true}
