{"fixture": "default-all-checkpointed", "source_generator": "default", "comparison": "retained", "first_handoff": "checkpointed", "second_handoff": "checkpointed", "first_wal_bytes": 0, "second_wal_bytes": 0, "result": "PASS", "source_unchanged": true}
{"fixture": "default-all-checkpointed", "source_generator": "default", "comparison": "retained", "first_handoff": "checkpointed", "second_handoff": "wal-pending", "first_wal_bytes": 0, "second_wal_bytes": 24864, "result": "PASS", "source_unchanged": true}
{"fixture": "default-all-checkpointed", "source_generator": "default", "comparison": "retained", "first_handoff": "wal-pending", "second_handoff": "checkpointed", "first_wal_bytes": 24864, "second_wal_bytes": 0, "result": "PASS", "source_unchanged": true}
{"fixture": "default-all-checkpointed", "source_generator": "default", "comparison": "retained", "first_handoff": "wal-pending", "second_handoff": "wal-pending", "first_wal_bytes": 24864, "second_wal_bytes": 49728, "result": "PASS", "source_unchanged": true}
{"fixture": "default-all-wal-pending", "source_generator": "default", "comparison": "retained", "first_handoff": "checkpointed", "second_handoff": "checkpointed", "first_wal_bytes": 0, "second_wal_bytes": 0, "result": "PASS", "source_unchanged": true}
{"fixture": "default-all-wal-pending", "source_generator": "default", "comparison": "retained", "first_handoff": "checkpointed", "second_handoff": "wal-pending", "first_wal_bytes": 0, "second_wal_bytes": 24864, "result": "PASS", "source_unchanged": true}
{"fixture": "default-all-wal-pending", "source_generator": "default", "comparison": "retained", "first_handoff": "wal-pending", "second_handoff": "checkpointed", "first_wal_bytes": 447552, "second_wal_bytes": 0, "result": "PASS", "source_unchanged": true}
{"fixture": "default-all-wal-pending", "source_generator": "default", "comparison": "retained", "first_handoff": "wal-pending", "second_handoff": "wal-pending", "first_wal_bytes": 447552, "second_wal_bytes": 472416, "result": "PASS", "source_unchanged": true}
{"fixture": "default-quantized-checkpointed", "source_generator": "default", "comparison": "retained", "first_handoff": "checkpointed", "second_handoff": "checkpointed", "first_wal_bytes": 0, "second_wal_bytes": 0, "result": "PASS", "source_unchanged": true}
{"fixture": "default-quantized-checkpointed", "source_generator": "default", "comparison": "retained", "first_handoff": "checkpointed", "second_handoff": "wal-pending", "first_wal_bytes": 0, "second_wal_bytes": 24864, "result": "PASS", "source_unchanged": true}
{"fixture": "default-quantized-checkpointed", "source_generator": "default", "comparison": "retained", "first_handoff": "wal-pending", "second_handoff": "checkpointed", "first_wal_bytes": 24864, "second_wal_bytes": 0, "result": "PASS", "source_unchanged": true}
{"fixture": "default-quantized-checkpointed", "source_generator": "default", "comparison": "retained", "first_handoff": "wal-pending", "second_handoff": "wal-pending", "first_wal_bytes": 24864, "second_wal_bytes": 49728, "result": "PASS", "source_unchanged": true}
{"fixture": "default-quantized-wal-pending", "source_generator": "default", "comparison": "retained", "first_handoff": "checkpointed", "second_handoff": "checkpointed", "first_wal_bytes": 0, "second_wal_bytes": 0, "result": "PASS", "source_unchanged": true}
{"fixture": "default-quantized-wal-pending", "source_generator": "default", "comparison": "retained", "first_handoff": "checkpointed", "second_handoff": "wal-pending", "first_wal_bytes": 0, "second_wal_bytes": 24864, "result": "PASS", "source_unchanged": true}
{"fixture": "default-quantized-wal-pending", "source_generator": "default", "comparison": "retained", "first_handoff": "wal-pending", "second_handoff": "checkpointed", "first_wal_bytes": 285936, "second_wal_bytes": 0, "result": "PASS", "source_unchanged": true}
{"fixture": "default-quantized-wal-pending", "source_generator": "default", "comparison": "retained", "first_handoff": "wal-pending", "second_handoff": "wal-pending", "first_wal_bytes": 285936, "second_wal_bytes": 310800, "result": "PASS", "source_unchanged": true}
{"fixture": "default-spatial-checkpointed", "source_generator": "default", "comparison": "retained", "first_handoff": "checkpointed", "second_handoff": "checkpointed", "first_wal_bytes": 0, "second_wal_bytes": 0, "result": "PASS", "source_unchanged": true}
{"fixture": "default-spatial-checkpointed", "source_generator": "default", "comparison": "retained", "first_handoff": "checkpointed", "second_handoff": "wal-pending", "first_wal_bytes": 0, "second_wal_bytes": 24864, "result": "PASS", "source_unchanged": true}
{"fixture": "default-spatial-checkpointed", "source_generator": "default", "comparison": "retained", "first_handoff": "wal-pending", "second_handoff": "checkpointed", "first_wal_bytes": 24864, "second_wal_bytes": 0, "result": "PASS", "source_unchanged": true}
{"fixture": "default-spatial-checkpointed", "source_generator": "default", "comparison": "retained", "first_handoff": "wal-pending", "second_handoff": "wal-pending", "first_wal_bytes": 24864, "second_wal_bytes": 49728, "result": "PASS", "source_unchanged": true}
{"fixture": "default-spatial-wal-pending", "source_generator": "default", "comparison": "retained", "first_handoff": "checkpointed", "second_handoff": "checkpointed", "first_wal_bytes": 0, "second_wal_bytes": 0, "result": "PASS", "source_unchanged": true}
{"fixture": "default-spatial-wal-pending", "source_generator": "default", "comparison": "retained", "first_handoff": "checkpointed", "second_handoff": "wal-pending", "first_wal_bytes": 0, "second_wal_bytes": 24864, "result": "PASS", "source_unchanged": true}
{"fixture": "default-spatial-wal-pending", "source_generator": "default", "comparison": "retained", "first_handoff": "wal-pending", "second_handoff": "checkpointed", "first_wal_bytes": 285936, "second_wal_bytes": 0, "result": "PASS", "source_unchanged": true}
{"fixture": "default-spatial-wal-pending", "source_generator": "default", "comparison": "retained", "first_handoff": "wal-pending", "second_handoff": "wal-pending", "first_wal_bytes": 285936, "second_wal_bytes": 310800, "result": "PASS", "source_unchanged": true}
{"fixture": "default-text-checkpointed", "source_generator": "default", "comparison": "retained", "first_handoff": "checkpointed", "second_handoff": "checkpointed", "first_wal_bytes": 0, "second_wal_bytes": 0, "result": "PASS", "source_unchanged": true}
{"fixture": "default-text-checkpointed", "source_generator": "default", "comparison": "retained", "first_handoff": "checkpointed", "second_handoff": "wal-pending", "first_wal_bytes": 0, "second_wal_bytes": 24864, "result": "PASS", "source_unchanged": true}
{"fixture": "default-text-checkpointed", "source_generator": "default", "comparison": "retained", "first_handoff": "wal-pending", "second_handoff": "checkpointed", "first_wal_bytes": 24864, "second_wal_bytes": 0, "result": "PASS", "source_unchanged": true}
{"fixture": "default-text-checkpointed", "source_generator": "default", "comparison": "retained", "first_handoff": "wal-pending", "second_handoff": "wal-pending", "first_wal_bytes": 24864, "second_wal_bytes": 49728, "result": "PASS", "source_unchanged": true}
{"fixture": "default-text-wal-pending", "source_generator": "default", "comparison": "retained", "first_handoff": "checkpointed", "second_handoff": "checkpointed", "first_wal_bytes": 0, "second_wal_bytes": 0, "result": "PASS", "source_unchanged": true}
{"fixture": "default-text-wal-pending", "source_generator": "default", "comparison": "retained", "first_handoff": "checkpointed", "second_handoff": "wal-pending", "first_wal_bytes": 0, "second_wal_bytes": 24864, "result": "PASS", "source_unchanged": true}
{"fixture": "default-text-wal-pending", "source_generator": "default", "comparison": "retained", "first_handoff": "wal-pending", "second_handoff": "checkpointed", "first_wal_bytes": 285936, "second_wal_bytes": 0, "result": "PASS", "source_unchanged": true}
{"fixture": "default-text-wal-pending", "source_generator": "default", "comparison": "retained", "first_handoff": "wal-pending", "second_handoff": "wal-pending", "first_wal_bytes": 285936, "second_wal_bytes": 310800, "result": "PASS", "source_unchanged": true}
{"fixture": "default-vector-checkpointed", "source_generator": "default", "comparison": "retained", "first_handoff": "checkpointed", "second_handoff": "checkpointed", "first_wal_bytes": 0, "second_wal_bytes": 0, "result": "PASS", "source_unchanged": true}
{"fixture": "default-vector-checkpointed", "source_generator": "default", "comparison": "retained", "first_handoff": "checkpointed", "second_handoff": "wal-pending", "first_wal_bytes": 0, "second_wal_bytes": 24864, "result": "PASS", "source_unchanged": true}
{"fixture": "default-vector-checkpointed", "source_generator": "default", "comparison": "retained", "first_handoff": "wal-pending", "second_handoff": "checkpointed", "first_wal_bytes": 24864, "second_wal_bytes": 0, "result": "PASS", "source_unchanged": true}
{"fixture": "default-vector-checkpointed", "source_generator": "default", "comparison": "retained", "first_handoff": "wal-pending", "second_handoff": "wal-pending", "first_wal_bytes": 24864, "second_wal_bytes": 49728, "result": "PASS", "source_unchanged": true}
{"fixture": "default-vector-wal-pending", "source_generator": "default", "comparison": "retained", "first_handoff": "checkpointed", "second_handoff": "checkpointed", "first_wal_bytes": 0, "second_wal_bytes": 0, "result": "PASS", "source_unchanged": true}
{"fixture": "default-vector-wal-pending", "source_generator": "default", "comparison": "retained", "first_handoff": "checkpointed", "second_handoff": "wal-pending", "first_wal_bytes": 0, "second_wal_bytes": 24864, "result": "PASS", "source_unchanged": true}
{"fixture": "default-vector-wal-pending", "source_generator": "default", "comparison": "retained", "first_handoff": "wal-pending", "second_handoff": "checkpointed", "first_wal_bytes": 285936, "second_wal_bytes": 0, "result": "PASS", "source_unchanged": true}
{"fixture": "default-vector-wal-pending", "source_generator": "default", "comparison": "retained", "first_handoff": "wal-pending", "second_handoff": "wal-pending", "first_wal_bytes": 285936, "second_wal_bytes": 310800, "result": "PASS", "source_unchanged": true}
{"fixture": "retained-all-checkpointed", "source_generator": "retained", "comparison": "default", "first_handoff": "checkpointed", "second_handoff": "checkpointed", "first_wal_bytes": 0, "second_wal_bytes": 0, "result": "PASS", "source_unchanged": true}
{"fixture": "retained-all-checkpointed", "source_generator": "retained", "comparison": "default", "first_handoff": "checkpointed", "second_handoff": "wal-pending", "first_wal_bytes": 0, "second_wal_bytes": 24864, "result": "PASS", "source_unchanged": true}
{"fixture": "retained-all-checkpointed", "source_generator": "retained", "comparison": "default", "first_handoff": "wal-pending", "second_handoff": "checkpointed", "first_wal_bytes": 24864, "second_wal_bytes": 0, "result": "PASS", "source_unchanged": true}
{"fixture": "retained-all-checkpointed", "source_generator": "retained", "comparison": "default", "first_handoff": "wal-pending", "second_handoff": "wal-pending", "first_wal_bytes": 24864, "second_wal_bytes": 49728, "result": "PASS", "source_unchanged": true}
{"fixture": "retained-all-wal-pending", "source_generator": "retained", "comparison": "default", "first_handoff": "checkpointed", "second_handoff": "checkpointed", "first_wal_bytes": 0, "second_wal_bytes": 0, "result": "PASS", "source_unchanged": true}
{"fixture": "retained-all-wal-pending", "source_generator": "retained", "comparison": "default", "first_handoff": "checkpointed", "second_handoff": "wal-pending", "first_wal_bytes": 0, "second_wal_bytes": 24864, "result": "PASS", "source_unchanged": true}
{"fixture": "retained-all-wal-pending", "source_generator": "retained", "comparison": "default", "first_handoff": "wal-pending", "second_handoff": "checkpointed", "first_wal_bytes": 447552, "second_wal_bytes": 0, "result": "PASS", "source_unchanged": true}
{"fixture": "retained-all-wal-pending", "source_generator": "retained", "comparison": "default", "first_handoff": "wal-pending", "second_handoff": "wal-pending", "first_wal_bytes": 447552, "second_wal_bytes": 472416, "result": "PASS", "source_unchanged": true}
{"fixture": "retained-quantized-checkpointed", "source_generator": "retained", "comparison": "default", "first_handoff": "checkpointed", "second_handoff": "checkpointed", "first_wal_bytes": 0, "second_wal_bytes": 0, "result": "PASS", "source_unchanged": true}
{"fixture": "retained-quantized-checkpointed", "source_generator": "retained", "comparison": "default", "first_handoff": "checkpointed", "second_handoff": "wal-pending", "first_wal_bytes": 0, "second_wal_bytes": 24864, "result": "PASS", "source_unchanged": true}
{"fixture": "retained-quantized-checkpointed", "source_generator": "retained", "comparison": "default", "first_handoff": "wal-pending", "second_handoff": "checkpointed", "first_wal_bytes": 24864, "second_wal_bytes": 0, "result": "PASS", "source_unchanged": true}
{"fixture": "retained-quantized-checkpointed", "source_generator": "retained", "comparison": "default", "first_handoff": "wal-pending", "second_handoff": "wal-pending", "first_wal_bytes": 24864, "second_wal_bytes": 49728, "result": "PASS", "source_unchanged": true}
{"fixture": "retained-quantized-wal-pending", "source_generator": "retained", "comparison": "default", "first_handoff": "checkpointed", "second_handoff": "checkpointed", "first_wal_bytes": 0, "second_wal_bytes": 0, "result": "PASS", "source_unchanged": true}
{"fixture": "retained-quantized-wal-pending", "source_generator": "retained", "comparison": "default", "first_handoff": "checkpointed", "second_handoff": "wal-pending", "first_wal_bytes": 0, "second_wal_bytes": 24864, "result": "PASS", "source_unchanged": true}
{"fixture": "retained-quantized-wal-pending", "source_generator": "retained", "comparison": "default", "first_handoff": "wal-pending", "second_handoff": "checkpointed", "first_wal_bytes": 285936, "second_wal_bytes": 0, "result": "PASS", "source_unchanged": true}
{"fixture": "retained-quantized-wal-pending", "source_generator": "retained", "comparison": "default", "first_handoff": "wal-pending", "second_handoff": "wal-pending", "first_wal_bytes": 285936, "second_wal_bytes": 310800, "result": "PASS", "source_unchanged": true}
{"fixture": "retained-spatial-checkpointed", "source_generator": "retained", "comparison": "default", "first_handoff": "checkpointed", "second_handoff": "checkpointed", "first_wal_bytes": 0, "second_wal_bytes": 0, "result": "PASS", "source_unchanged": true}
{"fixture": "retained-spatial-checkpointed", "source_generator": "retained", "comparison": "default", "first_handoff": "checkpointed", "second_handoff": "wal-pending", "first_wal_bytes": 0, "second_wal_bytes": 24864, "result": "PASS", "source_unchanged": true}
{"fixture": "retained-spatial-checkpointed", "source_generator": "retained", "comparison": "default", "first_handoff": "wal-pending", "second_handoff": "checkpointed", "first_wal_bytes": 24864, "second_wal_bytes": 0, "result": "PASS", "source_unchanged": true}
{"fixture": "retained-spatial-checkpointed", "source_generator": "retained", "comparison": "default", "first_handoff": "wal-pending", "second_handoff": "wal-pending", "first_wal_bytes": 24864, "second_wal_bytes": 49728, "result": "PASS", "source_unchanged": true}
{"fixture": "retained-spatial-wal-pending", "source_generator": "retained", "comparison": "default", "first_handoff": "checkpointed", "second_handoff": "checkpointed", "first_wal_bytes": 0, "second_wal_bytes": 0, "result": "PASS", "source_unchanged": true}
{"fixture": "retained-spatial-wal-pending", "source_generator": "retained", "comparison": "default", "first_handoff": "checkpointed", "second_handoff": "wal-pending", "first_wal_bytes": 0, "second_wal_bytes": 24864, "result": "PASS", "source_unchanged": true}
{"fixture": "retained-spatial-wal-pending", "source_generator": "retained", "comparison": "default", "first_handoff": "wal-pending", "second_handoff": "checkpointed", "first_wal_bytes": 285936, "second_wal_bytes": 0, "result": "PASS", "source_unchanged": true}
{"fixture": "retained-spatial-wal-pending", "source_generator": "retained", "comparison": "default", "first_handoff": "wal-pending", "second_handoff": "wal-pending", "first_wal_bytes": 285936, "second_wal_bytes": 310800, "result": "PASS", "source_unchanged": true}
{"fixture": "retained-text-checkpointed", "source_generator": "retained", "comparison": "default", "first_handoff": "checkpointed", "second_handoff": "checkpointed", "first_wal_bytes": 0, "second_wal_bytes": 0, "result": "PASS", "source_unchanged": true}
{"fixture": "retained-text-checkpointed", "source_generator": "retained", "comparison": "default", "first_handoff": "checkpointed", "second_handoff": "wal-pending", "first_wal_bytes": 0, "second_wal_bytes": 24864, "result": "PASS", "source_unchanged": true}
{"fixture": "retained-text-checkpointed", "source_generator": "retained", "comparison": "default", "first_handoff": "wal-pending", "second_handoff": "checkpointed", "first_wal_bytes": 24864, "second_wal_bytes": 0, "result": "PASS", "source_unchanged": true}
{"fixture": "retained-text-checkpointed", "source_generator": "retained", "comparison": "default", "first_handoff": "wal-pending", "second_handoff": "wal-pending", "first_wal_bytes": 24864, "second_wal_bytes": 49728, "result": "PASS", "source_unchanged": true}
{"fixture": "retained-text-wal-pending", "source_generator": "retained", "comparison": "default", "first_handoff": "checkpointed", "second_handoff": "checkpointed", "first_wal_bytes": 0, "second_wal_bytes": 0, "result": "PASS", "source_unchanged": true}
{"fixture": "retained-text-wal-pending", "source_generator": "retained", "comparison": "default", "first_handoff": "checkpointed", "second_handoff": "wal-pending", "first_wal_bytes": 0, "second_wal_bytes": 24864, "result": "PASS", "source_unchanged": true}
{"fixture": "retained-text-wal-pending", "source_generator": "retained", "comparison": "default", "first_handoff": "wal-pending", "second_handoff": "checkpointed", "first_wal_bytes": 285936, "second_wal_bytes": 0, "result": "PASS", "source_unchanged": true}
{"fixture": "retained-text-wal-pending", "source_generator": "retained", "comparison": "default", "first_handoff": "wal-pending", "second_handoff": "wal-pending", "first_wal_bytes": 285936, "second_wal_bytes": 310800, "result": "PASS", "source_unchanged": true}
{"fixture": "retained-vector-checkpointed", "source_generator": "retained", "comparison": "default", "first_handoff": "checkpointed", "second_handoff": "checkpointed", "first_wal_bytes": 0, "second_wal_bytes": 0, "result": "PASS", "source_unchanged": true}
{"fixture": "retained-vector-checkpointed", "source_generator": "retained", "comparison": "default", "first_handoff": "checkpointed", "second_handoff": "wal-pending", "first_wal_bytes": 0, "second_wal_bytes": 24864, "result": "PASS", "source_unchanged": true}
{"fixture": "retained-vector-checkpointed", "source_generator": "retained", "comparison": "default", "first_handoff": "wal-pending", "second_handoff": "checkpointed", "first_wal_bytes": 24864, "second_wal_bytes": 0, "result": "PASS", "source_unchanged": true}
{"fixture": "retained-vector-checkpointed", "source_generator": "retained", "comparison": "default", "first_handoff": "wal-pending", "second_handoff": "wal-pending", "first_wal_bytes": 24864, "second_wal_bytes": 49728, "result": "PASS", "source_unchanged": true}
{"fixture": "retained-vector-wal-pending", "source_generator": "retained", "comparison": "default", "first_handoff": "checkpointed", "second_handoff": "checkpointed", "first_wal_bytes": 0, "second_wal_bytes": 0, "result": "PASS", "source_unchanged": true}
{"fixture": "retained-vector-wal-pending", "source_generator": "retained", "comparison": "default", "first_handoff": "checkpointed", "second_handoff": "wal-pending", "first_wal_bytes": 0, "second_wal_bytes": 24864, "result": "PASS", "source_unchanged": true}
{"fixture": "retained-vector-wal-pending", "source_generator": "retained", "comparison": "default", "first_handoff": "wal-pending", "second_handoff": "checkpointed", "first_wal_bytes": 285936, "second_wal_bytes": 0, "result": "PASS", "source_unchanged": true}
{"fixture": "retained-vector-wal-pending", "source_generator": "retained", "comparison": "default", "first_handoff": "wal-pending", "second_handoff": "wal-pending", "first_wal_bytes": 285936, "second_wal_bytes": 310800, "result": "PASS", "source_unchanged": true}
