<scratch>: OK
SUITE=default-integration EXIT=0
test result: ok. 13 passed; 0 failed; 0 ignored; 0 measured; 0 filtered out; finished in 1.86s
test result: ok. 6 passed; 0 failed; 0 ignored; 0 measured; 0 filtered out; finished in 0.33s
test result: ok. 1 passed; 0 failed; 0 ignored; 0 measured; 0 filtered out; finished in 3.09s
SUITE=default-unit-faults EXIT=0
test pagewal::fault_tests::checkpoint_preserves_a_valid_header_when_the_other_copy_starts_damaged ... DAMAGED_HEADER_CASES=520; REOPEN_CHECKS=1040
IO_FAILURE_CASES=384; REOPEN_CHECKS=768
test result: ok. 5 passed; 0 failed; 0 ignored; 0 measured; 11 filtered out; finished in 35.91s
SUITE=default-recovery-faults EXIT=0
test result: ok. 14 passed; 0 failed; 0 ignored; 0 measured; 0 filtered out; finished in 1.47s
SUITE=compact-integration EXIT=0
test result: ok. 13 passed; 0 failed; 0 ignored; 0 measured; 0 filtered out; finished in 2.27s
test result: ok. 6 passed; 0 failed; 0 ignored; 0 measured; 0 filtered out; finished in 0.49s
test result: ok. 1 passed; 0 failed; 0 ignored; 0 measured; 0 filtered out; finished in 4.50s
SUITE=compact-unit-faults EXIT=0
test pagewal::fault_tests::checkpoint_preserves_a_valid_header_when_the_other_copy_starts_damaged ... DAMAGED_HEADER_CASES=488; REOPEN_CHECKS=976
IO_FAILURE_CASES=360; REOPEN_CHECKS=720
test result: ok. 5 passed; 0 failed; 0 ignored; 0 measured; 11 filtered out; finished in 29.95s
SUITE=compact-recovery-faults EXIT=0
test result: ok. 14 passed; 0 failed; 0 ignored; 0 measured; 0 filtered out; finished in 2.32s
FINAL_EXIT=0
