SUMMARY
TEST_EXIT=101
SOURCE_HASHES_BEFORE
2a9d433f3d682316b94b8c8bbfc9a43c7699ea2849f2b3ef027c89a3ab2948c2  src/pagewal.rs
9a90763270a6cd1bf943d4f3005d9997bdebd94bc329dd1b11b3c8f41046def3  src/pagewal/format.rs
90281ed37eea30f969970e4973b8c3c52ef25b6901838766750af5c21569278f  src/pagewal_fault_tests.rs
SOURCE_HASHES_AFTER
e7024c6d9f955d481f0aaf6e19e8315464a47520ed9a59bcb995cc7f9e48b942  src/pagewal.rs
9a90763270a6cd1bf943d4f3005d9997bdebd94bc329dd1b11b3c8f41046def3  src/pagewal/format.rs
90281ed37eea30f969970e4973b8c3c52ef25b6901838766750af5c21569278f  src/pagewal_fault_tests.rs
FAILURE_TAIL_70
   Compiling serde_core v1.0.229
   Compiling hashbrown v0.14.5
   Compiling serde_json v1.0.151
   Compiling fastrand v2.5.0
   Compiling tempfile v3.27.0
   Compiling hashlink v0.9.1
   Compiling fallible-iterator v0.3.0
   Compiling memchr v2.8.3
   Compiling fallible-streaming-iterator v0.1.9
   Compiling smallvec v1.16.0
   Compiling itoa v1.0.18
   Compiling rusqlite v0.32.1
   Compiling kernel v0.17.0 (<scratch>)
warning: field `table` is never read
  --> kernel/src/vecquant.rs:94:5
   |
87 | pub struct Encoder {
   |            ------- field in this struct
...
94 |     table: [f32; MAX_LEVELS],
   |     ^^^^^
   |
   = note: `#[warn(dead_code)]` (part of `#[warn(unused)]`) on by default

warning: field `reader_slot` is never read
   --> kernel/src/store.rs:220:5
    |
206 | pub struct Store {
    |            ----- field in this struct
...
220 |     reader_slot: Option<crate::readers::ReaderSlot>,
    |     ^^^^^^^^^^^

warning: `kernel` (lib) generated 2 warnings
   Compiling e4-prototype v0.1.0 (<scratch>)
warning: unused import: `metadata_write_order`
  --> src/pagewal.rs:14:27
   |
14 | use format::{disk_header, metadata_write_order, Header, WRITE_FEATURES};
   |                           ^^^^^^^^^^^^^^^^^^^^
   |
   = note: `#[warn(unused_imports)]` (part of `#[warn(unused)]`) on by default

warning: function `metadata_write_order` is never used
  --> src/pagewal/format.rs:91:15
   |
91 | pub(super) fn metadata_write_order(data: &dyn FileIo) -> Result<[u32; 2]> {
   |               ^^^^^^^^^^^^^^^^^^^^
   |
   = note: `#[warn(dead_code)]` (part of `#[warn(unused)]`) on by default

warning: `e4-prototype` (lib test) generated 2 warnings (run `cargo fix --lib -p e4-prototype --tests` to apply 1 suggestion)
    Finished `test` profile [unoptimized + debuginfo] target(s) in 56.10s
     Running unittests src/lib.rs (<scratch>)

running 1 test
test pagewal::fault_tests::checkpoint_preserves_a_valid_header_when_the_other_copy_starts_damaged ... 
thread 'pagewal::fault_tests::checkpoint_preserves_a_valid_header_when_the_other_copy_starts_damaged' (1084) panicked at src/pagewal_fault_tests.rs:61:64:
reopen <scratch>: CorruptWal { offset: 0, why: "WAL ownership/history lacks checkpoint metadata" }
note: run with `RUST_BACKTRACE=1` environment variable to display a backtrace
FAILED

failures:

failures:
    pagewal::fault_tests::checkpoint_preserves_a_valid_header_when_the_other_copy_starts_damaged

test result: FAILED. 0 passed; 1 failed; 0 ignored; 0 measured; 15 filtered out; finished in 19.15s

error: test failed, to rerun pass `--lib`
NEGATIVE_EVIDENCE=VALIDATED
