   Compiling kernel v0.17.0 (<scratch>)
warning: field `table` is never read
  --> kernel/src/vecquant.rs:94:5
   |
87 | pub struct Encoder {
   |            ------- field in this struct
...
94 |     table: [f32; MAX_LEVELS],
   |     ^^^^^
   |
   = note: `#[warn(dead_code)]` (part of `#[warn(unused)]`) on by default

warning: field `reader_slot` is never read
   --> kernel/src/store.rs:220:5
    |
206 | pub struct Store {
    |            ----- field in this struct
...
220 |     reader_slot: Option<crate::readers::ReaderSlot>,
    |     ^^^^^^^^^^^

   Compiling e4-prototype v0.1.0 (<scratch>)
warning: field `path` is never read
   --> src/collections.rs:168:5
    |
166 | pub struct Database {
    |            -------- field in this struct
167 |     store: Backend,
168 |     path: PathBuf,
    |     ^^^^
    |
    = note: `#[warn(dead_code)]` (part of `#[warn(unused)]`) on by default

warning: associated function `open_with` is never used
   --> src/pagewal.rs:631:8
    |
614 | impl PageWalStore {
    | ----------------- associated function in this implementation
...
631 |     fn open_with(dir:&Path,create:bool,cache:usize,opener:impl FnOnce(&Path)->Result<Arc<Pager>>)->Result<Self>{
    |        ^^^^^^^^^

warning: constant `GENERATOR_COMPILER` is never used
 --> src/text_unicode_v1.rs:5:11
  |
5 | pub const GENERATOR_COMPILER: &str = "rustc 1.96.0 (ac68faa20 2026-05-25)";
  |           ^^^^^^^^^^^^^^^^^^

warning: `e4-prototype` (lib) generated 3 warnings
warning: `kernel` (lib) generated 2 warnings
    Finished `release` profile [optimized + debuginfo] target(s) in 2m 51s
     Running tests/index_lifecycle.rs (<scratch>)

running 3 tests
test late_index_tracks_crud_and_published_snapshots ... ok
test drop_and_build_can_resume_after_reopen_without_claiming_ready ... ok
test unique_conflict_and_schema_changes_do_not_leave_partial_indexes ... ok

test result: ok. 3 passed; 0 failed; 0 ignored; 0 measured; 0 filtered out; finished in 0.15s

     Running tests/index_rebuild.rs (<scratch>)

running 4 tests
test damaged_single_metadata_replicas_are_normalized_in_the_new_destination ... FAILED
test lifecycle_overlap_existing_and_disk_budget_refusals_never_publish ... ok
test rebuilds_all_derived_families_and_catalog_references_without_touching_source ... FAILED
test authoritative_row_vector_graph_or_declaration_loss_refuses_publication ... ok

failures:

---- damaged_single_metadata_replicas_are_normalized_in_the_new_destination stdout ----

thread 'damaged_single_metadata_replicas_are_normalized_in_the_new_destination' (49351) panicked at tests/index_rebuild.rs:230:78:
called `Result::unwrap()` on an `Err` value: Kernel(WriterLocked)
note: run with `RUST_BACKTRACE=1` environment variable to display a backtrace

---- rebuilds_all_derived_families_and_catalog_references_without_touching_source stdout ----

thread 'rebuilds_all_derived_families_and_catalog_references_without_touching_source' (49353) panicked at tests/index_rebuild.rs:146:91:
called `Result::unwrap()` on an `Err` value: Kernel(WriterLocked)


failures:
    damaged_single_metadata_replicas_are_normalized_in_the_new_destination
    rebuilds_all_derived_families_and_catalog_references_without_touching_source

test result: FAILED. 2 passed; 2 failed; 0 ignored; 0 measured; 0 filtered out; finished in 0.33s

error: test failed, to rerun pass `--test index_rebuild`
