warning: field `table` is never read
  --> kernel/src/vecquant.rs:94:5
   |
87 | pub struct Encoder {
   |            ------- field in this struct
...
94 |     table: [f32; MAX_LEVELS],
   |     ^^^^^
   |
   = note: `#[warn(dead_code)]` (part of `#[warn(unused)]`) on by default

warning: field `reader_slot` is never read
   --> kernel/src/store.rs:220:5
    |
206 | pub struct Store {
    |            ----- field in this struct
...
220 |     reader_slot: Option<crate::readers::ReaderSlot>,
    |     ^^^^^^^^^^^

warning: `kernel` (lib) generated 2 warnings
warning: field `path` is never read
   --> src/collections.rs:168:5
    |
166 | pub struct Database {
    |            -------- field in this struct
167 |     store: Backend,
168 |     path: PathBuf,
    |     ^^^^
    |
    = note: `#[warn(dead_code)]` (part of `#[warn(unused)]`) on by default

warning: associated function `open_with` is never used
   --> src/pagewal.rs:631:8
    |
614 | impl PageWalStore {
    | ----------------- associated function in this implementation
...
631 |     fn open_with(dir:&Path,create:bool,cache:usize,opener:impl FnOnce(&Path)->Result<Arc<Pager>>)->Result<Self>{
    |        ^^^^^^^^^

warning: constant `GENERATOR_COMPILER` is never used
 --> src/text_unicode_v1.rs:5:11
  |
5 | pub const GENERATOR_COMPILER: &str = "rustc 1.96.0 (ac68faa20 2026-05-25)";
  |           ^^^^^^^^^^^^^^^^^^

warning: `e4-prototype` (lib) generated 3 warnings
    Finished `release` profile [optimized + debuginfo] target(s) in 0.17s
     Running tests/index_lifecycle.rs (<scratch>)

running 3 tests
test drop_and_build_can_resume_after_reopen_without_claiming_ready ... ok
test late_index_tracks_crud_and_published_snapshots ... ok
test unique_conflict_and_schema_changes_do_not_leave_partial_indexes ... ok

test result: ok. 3 passed; 0 failed; 0 ignored; 0 measured; 0 filtered out; finished in 0.15s

     Running tests/index_vector.rs (<scratch>)

running 5 tests
test late_build_refuses_incompatible_historical_same_name_field ... ok
test immutable_layout_ordinals_live_crud_snapshots_rollback_and_reopen ... ok
test tiny_workload_matches_independent_metrics_and_filters_before_top_k ... ok
test validation_zero_vectors_ties_and_work_bounds_are_explicit ... ok
test two_collections_build_and_drop_resume_without_touching_payloads ... ok

test result: ok. 5 passed; 0 failed; 0 ignored; 0 measured; 0 filtered out; finished in 0.13s

     Running tests/index_vector_quantized.rs (<scratch>)

running 5 tests
test approximate_shortlist_then_exact_rerank_matches_independent_oracle ... ok
test late_build_tracks_historical_vector_ordinals_across_layout_reorder ... ok
test unknown_quantizer_options_family_or_version_refuses_before_source_mutation ... ok
test validation_live_crud_snapshot_reopen_and_drop_preserve_authoritative_vectors ... ok
test malformed_compact_entries_and_authoritative_sidecars_are_corruption ... ok

test result: ok. 5 passed; 0 failed; 0 ignored; 0 measured; 0 filtered out; finished in 0.51s

     Running tests/index_verifier.rs (<scratch>)

running 10 tests
test building_index_is_reported_as_incomplete_lifecycle ... ok
test budget_exhaustion_is_an_error_and_preserves_source ... ok
test clean_all_family_source_is_complete_and_unchanged ... ok
test damaged_replicas_fall_back_and_are_classified ... ok
test duplicate_unique_scalar_value_is_detected_by_ordered_adjacency ... ok
test malformed_authoritative_and_derived_values_keep_their_damage_class ... ok
test missing_each_derived_family_entry_and_graph_reverse_is_reported ... ok
test ordinary_collection_metadata_and_external_mapping_are_verified ... ok
test two_way_damage_classifies_derived_and_authoritative_loss_without_writes ... ok
test orphan_namespace_and_missing_header_replica_are_not_false_clean ... ok

test result: ok. 10 passed; 0 failed; 0 ignored; 0 measured; 0 filtered out; finished in 0.31s

     Running tests/pagewal_create_codec.rs (<scratch>)

running 1 test
test either_created_encoding_round_trips_and_keeps_its_declared_bits ... ok

test result: ok. 1 passed; 0 failed; 0 ignored; 0 measured; 0 filtered out; finished in 0.15s

     Running tests/query_multimodel.rs (<scratch>)

running 3 tests
test graph_scalar_spatial_text_and_vector_apply_before_ranked_top_k ... ok
test one_snapshot_stays_old_while_committed_multifamily_mutation_reopens_new ... ok
test text_and_spatial_drivers_page_more_than_65536_matches_without_a_result_cap ... ok

test result: ok. 3 passed; 0 failed; 0 ignored; 0 measured; 0 filtered out; finished in 9.01s

