   Compiling kernel v0.17.0 (<scratch>)
warning: field `table` is never read
  --> kernel/src/vecquant.rs:94:5
   |
87 | pub struct Encoder {
   |            ------- field in this struct
...
94 |     table: [f32; MAX_LEVELS],
   |     ^^^^^
   |
   = note: `#[warn(dead_code)]` (part of `#[warn(unused)]`) on by default

warning: field `reader_slot` is never read
   --> kernel/src/store.rs:220:5
    |
206 | pub struct Store {
    |            ----- field in this struct
...
220 |     reader_slot: Option<crate::readers::ReaderSlot>,
    |     ^^^^^^^^^^^

   Compiling e4-prototype v0.1.0 (<scratch>)
warning: field `path` is never read
   --> src/collections.rs:168:5
    |
166 | pub struct Database {
    |            -------- field in this struct
167 |     store: Backend,
168 |     path: PathBuf,
    |     ^^^^
    |
    = note: `#[warn(dead_code)]` (part of `#[warn(unused)]`) on by default

warning: associated function `open_with` is never used
   --> src/pagewal.rs:635:8
    |
614 | impl PageWalStore {
    | ----------------- associated function in this implementation
...
635 |     fn open_with(dir:&Path,create:bool,cache:usize,opener:impl FnOnce(&Path)->Result<Arc<Pager>>)->Result<Self>{
    |        ^^^^^^^^^

warning: constant `GENERATOR_COMPILER` is never used
 --> src/text_unicode_v1.rs:5:11
  |
5 | pub const GENERATOR_COMPILER: &str = "rustc 1.96.0 (ac68faa20 2026-05-25)";
  |           ^^^^^^^^^^^^^^^^^^

warning: `e4-prototype` (lib) generated 3 warnings
warning: `kernel` (lib) generated 2 warnings
    Finished `release` profile [optimized + debuginfo] target(s) in 2m 36s
     Running tests/index_vector.rs (<scratch>)

running 5 tests
test late_build_refuses_incompatible_historical_same_name_field ... ok
test immutable_layout_ordinals_live_crud_snapshots_rollback_and_reopen ... ok
test tiny_workload_matches_independent_metrics_and_filters_before_top_k ... ok
test validation_zero_vectors_ties_and_work_bounds_are_explicit ... ok
test two_collections_build_and_drop_resume_without_touching_payloads ... ok

test result: ok. 5 passed; 0 failed; 0 ignored; 0 measured; 0 filtered out; finished in 0.10s

     Running tests/index_vector_quantized.rs (<scratch>)

running 5 tests
test late_build_tracks_historical_vector_ordinals_across_layout_reorder ... ok
test approximate_shortlist_then_exact_rerank_matches_independent_oracle ... ok
test unknown_quantizer_options_family_or_version_refuses_before_source_mutation ... ok
test validation_live_crud_snapshot_reopen_and_drop_preserve_authoritative_vectors ... ok
test malformed_compact_entries_and_authoritative_sidecars_are_corruption ... ok

test result: ok. 5 passed; 0 failed; 0 ignored; 0 measured; 0 filtered out; finished in 0.63s

     Running tests/query_multimodel.rs (<scratch>)

running 6 tests
test approximate_vector_filters_before_shortlist_pages_and_retries_with_diagnostics ... ok
test exact_vector_and_bm25_ties_remain_stable_across_page_boundaries ... ok
test graph_scalar_spatial_text_and_vector_apply_before_ranked_top_k ... ok
test one_snapshot_stays_old_while_committed_multifamily_mutation_reopens_new ... ok
test every_native_driver_refuses_an_orphan_winner_without_full_candidate_rescoring ... ok
test text_and_spatial_drivers_page_more_than_65536_matches_without_a_result_cap ... ok

test result: ok. 6 passed; 0 failed; 0 ignored; 0 measured; 0 filtered out; finished in 10.38s

     Running tests/query_scalar.rs (<scratch>)

running 3 tests
test scalar_json_filters_keep_exact_numbers_null_missing_and_page_order ... ok
test snapshot_cursor_retries_after_cancel_and_budget_errors_then_reopens_current_state ... ok
test scalar_driver_streams_and_pages_more_than_65536_matches_completely ... ok

test result: ok. 3 passed; 0 failed; 0 ignored; 0 measured; 0 filtered out; finished in 4.67s

