{"fixture": "default-vector-checkpointed", "writer": "retained", "reader": "default", "handoff_boundary": "checkpointed", "source_unchanged": true, "result": "PASS"}
{"fixture": "default-vector-checkpointed", "writer": "retained", "reader": "default", "handoff_boundary": "wal-pending", "source_unchanged": true, "result": "PASS"}
{"fixture": "default-vector-wal-pending", "writer": "retained", "reader": "default", "handoff_boundary": "checkpointed", "source_unchanged": true, "result": "PASS"}
{"fixture": "default-vector-wal-pending", "writer": "retained", "reader": "default", "handoff_boundary": "wal-pending", "source_unchanged": true, "result": "PASS"}
{"fixture": "default-spatial-checkpointed", "writer": "retained", "reader": "default", "handoff_boundary": "checkpointed", "source_unchanged": true, "result": "PASS"}
{"fixture": "default-spatial-checkpointed", "writer": "retained", "reader": "default", "handoff_boundary": "wal-pending", "source_unchanged": true, "result": "PASS"}
{"fixture": "default-spatial-wal-pending", "writer": "retained", "reader": "default", "handoff_boundary": "checkpointed", "source_unchanged": true, "result": "PASS"}
{"fixture": "default-spatial-wal-pending", "writer": "retained", "reader": "default", "handoff_boundary": "wal-pending", "source_unchanged": true, "result": "PASS"}
{"fixture": "default-text-checkpointed", "writer": "retained", "reader": "default", "handoff_boundary": "checkpointed", "source_unchanged": true, "result": "PASS"}
{"fixture": "default-text-checkpointed", "writer": "retained", "reader": "default", "handoff_boundary": "wal-pending", "source_unchanged": true, "result": "PASS"}
{"fixture": "default-text-wal-pending", "writer": "retained", "reader": "default", "handoff_boundary": "checkpointed", "source_unchanged": true, "result": "PASS"}
{"fixture": "default-text-wal-pending", "writer": "retained", "reader": "default", "handoff_boundary": "wal-pending", "source_unchanged": true, "result": "PASS"}
{"fixture": "default-all-checkpointed", "writer": "retained", "reader": "default", "handoff_boundary": "checkpointed", "source_unchanged": true, "result": "PASS"}
{"fixture": "default-all-checkpointed", "writer": "retained", "reader": "default", "handoff_boundary": "wal-pending", "source_unchanged": true, "result": "PASS"}
{"fixture": "default-all-wal-pending", "writer": "retained", "reader": "default", "handoff_boundary": "checkpointed", "source_unchanged": true, "result": "PASS"}
{"fixture": "default-all-wal-pending", "writer": "retained", "reader": "default", "handoff_boundary": "wal-pending", "source_unchanged": true, "result": "PASS"}
{"fixture": "retained-vector-checkpointed", "writer": "default", "reader": "retained", "handoff_boundary": "checkpointed", "source_unchanged": true, "result": "PASS"}
{"fixture": "retained-vector-checkpointed", "writer": "default", "reader": "retained", "handoff_boundary": "wal-pending", "source_unchanged": true, "result": "PASS"}
{"fixture": "retained-vector-wal-pending", "writer": "default", "reader": "retained", "handoff_boundary": "checkpointed", "source_unchanged": true, "result": "PASS"}
{"fixture": "retained-vector-wal-pending", "writer": "default", "reader": "retained", "handoff_boundary": "wal-pending", "source_unchanged": true, "result": "PASS"}
{"fixture": "retained-spatial-checkpointed", "writer": "default", "reader": "retained", "handoff_boundary": "checkpointed", "source_unchanged": true, "result": "PASS"}
{"fixture": "retained-spatial-checkpointed", "writer": "default", "reader": "retained", "handoff_boundary": "wal-pending", "source_unchanged": true, "result": "PASS"}
{"fixture": "retained-spatial-wal-pending", "writer": "default", "reader": "retained", "handoff_boundary": "checkpointed", "source_unchanged": true, "result": "PASS"}
{"fixture": "retained-spatial-wal-pending", "writer": "default", "reader": "retained", "handoff_boundary": "wal-pending", "source_unchanged": true, "result": "PASS"}
{"fixture": "retained-text-checkpointed", "writer": "default", "reader": "retained", "handoff_boundary": "checkpointed", "source_unchanged": true, "result": "PASS"}
{"fixture": "retained-text-checkpointed", "writer": "default", "reader": "retained", "handoff_boundary": "wal-pending", "source_unchanged": true, "result": "PASS"}
{"fixture": "retained-text-wal-pending", "writer": "default", "reader": "retained", "handoff_boundary": "checkpointed", "source_unchanged": true, "result": "PASS"}
{"fixture": "retained-text-wal-pending", "writer": "default", "reader": "retained", "handoff_boundary": "wal-pending", "source_unchanged": true, "result": "PASS"}
{"fixture": "retained-all-checkpointed", "writer": "default", "reader": "retained", "handoff_boundary": "checkpointed", "source_unchanged": true, "result": "PASS"}
{"fixture": "retained-all-checkpointed", "writer": "default", "reader": "retained", "handoff_boundary": "wal-pending", "source_unchanged": true, "result": "PASS"}
{"fixture": "retained-all-wal-pending", "writer": "default", "reader": "retained", "handoff_boundary": "checkpointed", "source_unchanged": true, "result": "PASS"}
{"fixture": "retained-all-wal-pending", "writer": "default", "reader": "retained", "handoff_boundary": "wal-pending", "source_unchanged": true, "result": "PASS"}
{"result": "PASS", "fixtures": 16, "arms": 32, "admission_arms": 96, "report": "<scratch>"}
