tar: Ignoring unknown extended header keyword 'LIBARCHIVE.xattr.com.apple.provenance'
tar: Ignoring unknown extended header keyword 'LIBARCHIVE.xattr.com.apple.provenance'
{"fixture": "default-vector-checkpointed", "profile": "vector", "required_logical_features": 7, "source_generation_boundary": "checkpointed", "writer": "retained", "reader": "default", "handoff_boundary": "checkpointed", "source_unchanged": true, "result": "PASS"}
{"fixture": "default-vector-checkpointed", "profile": "vector", "required_logical_features": 7, "source_generation_boundary": "checkpointed", "writer": "retained", "reader": "default", "handoff_boundary": "wal-pending", "source_unchanged": true, "result": "PASS"}
{"fixture": "default-vector-wal-pending", "profile": "vector", "required_logical_features": 7, "source_generation_boundary": "wal-pending", "writer": "retained", "reader": "default", "handoff_boundary": "checkpointed", "source_unchanged": true, "result": "PASS"}
{"fixture": "default-vector-wal-pending", "profile": "vector", "required_logical_features": 7, "source_generation_boundary": "wal-pending", "writer": "retained", "reader": "default", "handoff_boundary": "wal-pending", "source_unchanged": true, "result": "PASS"}
{"fixture": "default-quantized-checkpointed", "profile": "quantized", "required_logical_features": 35, "source_generation_boundary": "checkpointed", "writer": "retained", "reader": "default", "handoff_boundary": "checkpointed", "source_unchanged": true, "result": "PASS"}
{"fixture": "default-quantized-checkpointed", "profile": "quantized", "required_logical_features": 35, "source_generation_boundary": "checkpointed", "writer": "retained", "reader": "default", "handoff_boundary": "wal-pending", "source_unchanged": true, "result": "PASS"}
{"fixture": "default-quantized-wal-pending", "profile": "quantized", "required_logical_features": 35, "source_generation_boundary": "wal-pending", "writer": "retained", "reader": "default", "handoff_boundary": "checkpointed", "source_unchanged": true, "result": "PASS"}
{"fixture": "default-quantized-wal-pending", "profile": "quantized", "required_logical_features": 35, "source_generation_boundary": "wal-pending", "writer": "retained", "reader": "default", "handoff_boundary": "wal-pending", "source_unchanged": true, "result": "PASS"}
{"fixture": "default-spatial-checkpointed", "profile": "spatial", "required_logical_features": 11, "source_generation_boundary": "checkpointed", "writer": "retained", "reader": "default", "handoff_boundary": "checkpointed", "source_unchanged": true, "result": "PASS"}
{"fixture": "default-spatial-checkpointed", "profile": "spatial", "required_logical_features": 11, "source_generation_boundary": "checkpointed", "writer": "retained", "reader": "default", "handoff_boundary": "wal-pending", "source_unchanged": true, "result": "PASS"}
{"fixture": "default-spatial-wal-pending", "profile": "spatial", "required_logical_features": 11, "source_generation_boundary": "wal-pending", "writer": "retained", "reader": "default", "handoff_boundary": "checkpointed", "source_unchanged": true, "result": "PASS"}
{"fixture": "default-spatial-wal-pending", "profile": "spatial", "required_logical_features": 11, "source_generation_boundary": "wal-pending", "writer": "retained", "reader": "default", "handoff_boundary": "wal-pending", "source_unchanged": true, "result": "PASS"}
{"fixture": "default-text-checkpointed", "profile": "text", "required_logical_features": 19, "source_generation_boundary": "checkpointed", "writer": "retained", "reader": "default", "handoff_boundary": "checkpointed", "source_unchanged": true, "result": "PASS"}
{"fixture": "default-text-checkpointed", "profile": "text", "required_logical_features": 19, "source_generation_boundary": "checkpointed", "writer": "retained", "reader": "default", "handoff_boundary": "wal-pending", "source_unchanged": true, "result": "PASS"}
{"fixture": "default-text-wal-pending", "profile": "text", "required_logical_features": 19, "source_generation_boundary": "wal-pending", "writer": "retained", "reader": "default", "handoff_boundary": "checkpointed", "source_unchanged": true, "result": "PASS"}
{"fixture": "default-text-wal-pending", "profile": "text", "required_logical_features": 19, "source_generation_boundary": "wal-pending", "writer": "retained", "reader": "default", "handoff_boundary": "wal-pending", "source_unchanged": true, "result": "PASS"}
{"fixture": "default-all-checkpointed", "profile": "all", "required_logical_features": 63, "source_generation_boundary": "checkpointed", "writer": "retained", "reader": "default", "handoff_boundary": "checkpointed", "source_unchanged": true, "result": "PASS"}
{"fixture": "default-all-checkpointed", "profile": "all", "required_logical_features": 63, "source_generation_boundary": "checkpointed", "writer": "retained", "reader": "default", "handoff_boundary": "wal-pending", "source_unchanged": true, "result": "PASS"}
{"fixture": "default-all-wal-pending", "profile": "all", "required_logical_features": 63, "source_generation_boundary": "wal-pending", "writer": "retained", "reader": "default", "handoff_boundary": "checkpointed", "source_unchanged": true, "result": "PASS"}
{"fixture": "default-all-wal-pending", "profile": "all", "required_logical_features": 63, "source_generation_boundary": "wal-pending", "writer": "retained", "reader": "default", "handoff_boundary": "wal-pending", "source_unchanged": true, "result": "PASS"}
{"fixture": "retained-vector-checkpointed", "profile": "vector", "required_logical_features": 7, "source_generation_boundary": "checkpointed", "writer": "default", "reader": "retained", "handoff_boundary": "checkpointed", "source_unchanged": true, "result": "PASS"}
{"fixture": "retained-vector-checkpointed", "profile": "vector", "required_logical_features": 7, "source_generation_boundary": "checkpointed", "writer": "default", "reader": "retained", "handoff_boundary": "wal-pending", "source_unchanged": true, "result": "PASS"}
{"fixture": "retained-vector-wal-pending", "profile": "vector", "required_logical_features": 7, "source_generation_boundary": "wal-pending", "writer": "default", "reader": "retained", "handoff_boundary": "checkpointed", "source_unchanged": true, "result": "PASS"}
{"fixture": "retained-vector-wal-pending", "profile": "vector", "required_logical_features": 7, "source_generation_boundary": "wal-pending", "writer": "default", "reader": "retained", "handoff_boundary": "wal-pending", "source_unchanged": true, "result": "PASS"}
{"fixture": "retained-quantized-checkpointed", "profile": "quantized", "required_logical_features": 35, "source_generation_boundary": "checkpointed", "writer": "default", "reader": "retained", "handoff_boundary": "checkpointed", "source_unchanged": true, "result": "PASS"}
{"fixture": "retained-quantized-checkpointed", "profile": "quantized", "required_logical_features": 35, "source_generation_boundary": "checkpointed", "writer": "default", "reader": "retained", "handoff_boundary": "wal-pending", "source_unchanged": true, "result": "PASS"}
{"fixture": "retained-quantized-wal-pending", "profile": "quantized", "required_logical_features": 35, "source_generation_boundary": "wal-pending", "writer": "default", "reader": "retained", "handoff_boundary": "checkpointed", "source_unchanged": true, "result": "PASS"}
{"fixture": "retained-quantized-wal-pending", "profile": "quantized", "required_logical_features": 35, "source_generation_boundary": "wal-pending", "writer": "default", "reader": "retained", "handoff_boundary": "wal-pending", "source_unchanged": true, "result": "PASS"}
{"fixture": "retained-spatial-checkpointed", "profile": "spatial", "required_logical_features": 11, "source_generation_boundary": "checkpointed", "writer": "default", "reader": "retained", "handoff_boundary": "checkpointed", "source_unchanged": true, "result": "PASS"}
{"fixture": "retained-spatial-checkpointed", "profile": "spatial", "required_logical_features": 11, "source_generation_boundary": "checkpointed", "writer": "default", "reader": "retained", "handoff_boundary": "wal-pending", "source_unchanged": true, "result": "PASS"}
{"fixture": "retained-spatial-wal-pending", "profile": "spatial", "required_logical_features": 11, "source_generation_boundary": "wal-pending", "writer": "default", "reader": "retained", "handoff_boundary": "checkpointed", "source_unchanged": true, "result": "PASS"}
{"fixture": "retained-spatial-wal-pending", "profile": "spatial", "required_logical_features": 11, "source_generation_boundary": "wal-pending", "writer": "default", "reader": "retained", "handoff_boundary": "wal-pending", "source_unchanged": true, "result": "PASS"}
{"fixture": "retained-text-checkpointed", "profile": "text", "required_logical_features": 19, "source_generation_boundary": "checkpointed", "writer": "default", "reader": "retained", "handoff_boundary": "checkpointed", "source_unchanged": true, "result": "PASS"}
{"fixture": "retained-text-checkpointed", "profile": "text", "required_logical_features": 19, "source_generation_boundary": "checkpointed", "writer": "default", "reader": "retained", "handoff_boundary": "wal-pending", "source_unchanged": true, "result": "PASS"}
{"fixture": "retained-text-wal-pending", "profile": "text", "required_logical_features": 19, "source_generation_boundary": "wal-pending", "writer": "default", "reader": "retained", "handoff_boundary": "checkpointed", "source_unchanged": true, "result": "PASS"}
{"fixture": "retained-text-wal-pending", "profile": "text", "required_logical_features": 19, "source_generation_boundary": "wal-pending", "writer": "default", "reader": "retained", "handoff_boundary": "wal-pending", "source_unchanged": true, "result": "PASS"}
{"fixture": "retained-all-checkpointed", "profile": "all", "required_logical_features": 63, "source_generation_boundary": "checkpointed", "writer": "default", "reader": "retained", "handoff_boundary": "checkpointed", "source_unchanged": true, "result": "PASS"}
{"fixture": "retained-all-checkpointed", "profile": "all", "required_logical_features": 63, "source_generation_boundary": "checkpointed", "writer": "default", "reader": "retained", "handoff_boundary": "wal-pending", "source_unchanged": true, "result": "PASS"}
{"fixture": "retained-all-wal-pending", "profile": "all", "required_logical_features": 63, "source_generation_boundary": "wal-pending", "writer": "default", "reader": "retained", "handoff_boundary": "checkpointed", "source_unchanged": true, "result": "PASS"}
{"fixture": "retained-all-wal-pending", "profile": "all", "required_logical_features": 63, "source_generation_boundary": "wal-pending", "writer": "default", "reader": "retained", "handoff_boundary": "wal-pending", "source_unchanged": true, "result": "PASS"}
{"result": "PASS", "fixtures": 20, "arms": 40, "admission_arms": 40, "report": "<scratch>"}
