warning: field `table` is never read
  --> kernel/src/vecquant.rs:94:5
   |
87 | pub struct Encoder {
   |            ------- field in this struct
...
94 |     table: [f32; MAX_LEVELS],
   |     ^^^^^
   |
   = note: `#[warn(dead_code)]` (part of `#[warn(unused)]`) on by default

warning: field `reader_slot` is never read
   --> kernel/src/store.rs:220:5
    |
206 | pub struct Store {
    |            ----- field in this struct
...
220 |     reader_slot: Option<crate::readers::ReaderSlot>,
    |     ^^^^^^^^^^^

warning: `kernel` (lib) generated 2 warnings
    Finished `release` profile [optimized + debuginfo] target(s) in 0.10s
     Running unittests src/lib.rs (<scratch>)

running 2 tests
test pagewal::create_feature_tests::explicit_create_refuses_existing_directory_without_changing_bytes_or_default ... ok
test pagewal::create_feature_tests::explicit_codecs_are_independent_of_concurrent_default_creates ... ok

test result: ok. 2 passed; 0 failed; 0 ignored; 0 measured; 71 filtered out; finished in 0.23s

