   Compiling kernel v0.17.0 (<scratch>)
warning: field `table` is never read
  --> kernel/src/vecquant.rs:94:5
   |
87 | pub struct Encoder {
   |            ------- field in this struct
...
94 |     table: [f32; MAX_LEVELS],
   |     ^^^^^
   |
   = note: `#[warn(dead_code)]` (part of `#[warn(unused)]`) on by default

warning: field `reader_slot` is never read
   --> kernel/src/store.rs:220:5
    |
206 | pub struct Store {
    |            ----- field in this struct
...
220 |     reader_slot: Option<crate::readers::ReaderSlot>,
    |     ^^^^^^^^^^^

   Compiling e4-prototype v0.1.0 (<scratch>)
warning: field `path` is never read
   --> src/collections.rs:168:5
    |
166 | pub struct Database {
    |            -------- field in this struct
167 |     store: Backend,
168 |     path: PathBuf,
    |     ^^^^
    |
    = note: `#[warn(dead_code)]` (part of `#[warn(unused)]`) on by default

warning: associated function `open_with` is never used
   --> src/pagewal.rs:631:8
    |
614 | impl PageWalStore {
    | ----------------- associated function in this implementation
...
631 |     fn open_with(dir:&Path,create:bool,cache:usize,opener:impl FnOnce(&Path)->Result<Arc<Pager>>)->Result<Self>{
    |        ^^^^^^^^^

warning: constant `GENERATOR_COMPILER` is never used
 --> src/text_unicode_v1.rs:5:11
  |
5 | pub const GENERATOR_COMPILER: &str = "rustc 1.96.0 (ac68faa20 2026-05-25)";
  |           ^^^^^^^^^^^^^^^^^^

warning: `e4-prototype` (lib) generated 3 warnings
warning: `kernel` (lib) generated 2 warnings
    Finished `release` profile [optimized + debuginfo] target(s) in 2m 57s
     Running tests/index_rebuild.rs (<scratch>)

running 4 tests
test damaged_single_metadata_replicas_are_normalized_in_the_new_destination ... ok
test lifecycle_overlap_existing_and_disk_budget_refusals_never_publish ... ok
test authoritative_row_vector_graph_or_declaration_loss_refuses_publication ... ok
test rebuilds_all_derived_families_and_catalog_references_without_touching_source ... ok

test result: ok. 4 passed; 0 failed; 0 ignored; 0 measured; 0 filtered out; finished in 0.50s

     Running tests/index_verifier.rs (<scratch>)

running 10 tests
test building_index_is_reported_as_incomplete_lifecycle ... ok
test budget_exhaustion_is_an_error_and_preserves_source ... ok
test clean_all_family_source_is_complete_and_unchanged ... ok
test damaged_replicas_fall_back_and_are_classified ... ok
test duplicate_unique_scalar_value_is_detected_by_ordered_adjacency ... ok
test malformed_authoritative_and_derived_values_keep_their_damage_class ... ok
test missing_each_derived_family_entry_and_graph_reverse_is_reported ... ok
test ordinary_collection_metadata_and_external_mapping_are_verified ... ok
test orphan_namespace_and_missing_header_replica_are_not_false_clean ... ok
test two_way_damage_classifies_derived_and_authoritative_loss_without_writes ... ok

test result: ok. 10 passed; 0 failed; 0 ignored; 0 measured; 0 filtered out; finished in 0.33s

