{"claim": "same-revision physical-codec cross-build", "family": "scalar", "fixture": "default-scalar-ready-checkpointed", "handoff_boundary": "checkpointed", "lifecycle": "ready", "reader": "default", "required_logical_features": 1, "result": "PASS", "source_generation_boundary": "checkpointed", "source_unchanged": true, "upgraded_wal_bytes": 0, "writer": "retained"}
{"claim": "same-revision physical-codec cross-build", "family": "scalar", "fixture": "default-scalar-ready-checkpointed", "handoff_boundary": "wal-pending", "lifecycle": "ready", "reader": "default", "required_logical_features": 1, "result": "PASS", "source_generation_boundary": "checkpointed", "source_unchanged": true, "upgraded_wal_bytes": 24864, "writer": "retained"}
{"claim": "same-revision physical-codec cross-build", "family": "scalar", "fixture": "default-scalar-ready-wal-pending", "handoff_boundary": "checkpointed", "lifecycle": "ready", "reader": "default", "required_logical_features": 1, "result": "PASS", "source_generation_boundary": "wal-pending", "source_unchanged": true, "upgraded_wal_bytes": 0, "writer": "retained"}
{"claim": "same-revision physical-codec cross-build", "family": "scalar", "fixture": "default-scalar-ready-wal-pending", "handoff_boundary": "wal-pending", "lifecycle": "ready", "reader": "default", "required_logical_features": 1, "result": "PASS", "source_generation_boundary": "wal-pending", "source_unchanged": true, "upgraded_wal_bytes": 198912, "writer": "retained"}
{"claim": "same-revision physical-codec cross-build", "family": "scalar", "fixture": "default-scalar-building-checkpointed", "handoff_boundary": "checkpointed", "lifecycle": "building", "reader": "default", "required_logical_features": 1, "result": "PASS", "source_generation_boundary": "checkpointed", "source_unchanged": true, "upgraded_wal_bytes": 0, "writer": "retained"}
{"claim": "same-revision physical-codec cross-build", "family": "scalar", "fixture": "default-scalar-building-checkpointed", "handoff_boundary": "wal-pending", "lifecycle": "building", "reader": "default", "required_logical_features": 1, "result": "PASS", "source_generation_boundary": "checkpointed", "source_unchanged": true, "upgraded_wal_bytes": 107744, "writer": "retained"}
{"claim": "same-revision physical-codec cross-build", "family": "scalar", "fixture": "default-scalar-building-wal-pending", "handoff_boundary": "checkpointed", "lifecycle": "building", "reader": "default", "required_logical_features": 1, "result": "PASS", "source_generation_boundary": "wal-pending", "source_unchanged": true, "upgraded_wal_bytes": 0, "writer": "retained"}
{"claim": "same-revision physical-codec cross-build", "family": "scalar", "fixture": "default-scalar-building-wal-pending", "handoff_boundary": "wal-pending", "lifecycle": "building", "reader": "default", "required_logical_features": 1, "result": "PASS", "source_generation_boundary": "wal-pending", "source_unchanged": true, "upgraded_wal_bytes": 219632, "writer": "retained"}
{"claim": "same-revision physical-codec cross-build", "family": "scalar", "fixture": "default-scalar-dropping-checkpointed", "handoff_boundary": "checkpointed", "lifecycle": "dropping", "reader": "default", "required_logical_features": 1, "result": "PASS", "source_generation_boundary": "checkpointed", "source_unchanged": true, "upgraded_wal_bytes": 0, "writer": "retained"}
{"claim": "same-revision physical-codec cross-build", "family": "scalar", "fixture": "default-scalar-dropping-checkpointed", "handoff_boundary": "wal-pending", "lifecycle": "dropping", "reader": "default", "required_logical_features": 1, "result": "PASS", "source_generation_boundary": "checkpointed", "source_unchanged": true, "upgraded_wal_bytes": 116032, "writer": "retained"}
{"claim": "same-revision physical-codec cross-build", "family": "scalar", "fixture": "default-scalar-dropping-wal-pending", "handoff_boundary": "checkpointed", "lifecycle": "dropping", "reader": "default", "required_logical_features": 1, "result": "PASS", "source_generation_boundary": "wal-pending", "source_unchanged": true, "upgraded_wal_bytes": 0, "writer": "retained"}
{"claim": "same-revision physical-codec cross-build", "family": "scalar", "fixture": "default-scalar-dropping-wal-pending", "handoff_boundary": "wal-pending", "lifecycle": "dropping", "reader": "default", "required_logical_features": 1, "result": "PASS", "source_generation_boundary": "wal-pending", "source_unchanged": true, "upgraded_wal_bytes": 290080, "writer": "retained"}
{"claim": "same-revision physical-codec cross-build", "family": "scalar", "fixture": "default-scalar-post-drop-checkpointed", "handoff_boundary": "checkpointed", "lifecycle": "post-drop", "reader": "default", "required_logical_features": 1, "result": "PASS", "source_generation_boundary": "checkpointed", "source_unchanged": true, "upgraded_wal_bytes": 0, "writer": "retained"}
{"claim": "same-revision physical-codec cross-build", "family": "scalar", "fixture": "default-scalar-post-drop-checkpointed", "handoff_boundary": "wal-pending", "lifecycle": "post-drop", "reader": "default", "required_logical_features": 1, "result": "PASS", "source_generation_boundary": "checkpointed", "source_unchanged": true, "upgraded_wal_bytes": 29008, "writer": "retained"}
{"claim": "same-revision physical-codec cross-build", "family": "scalar", "fixture": "default-scalar-post-drop-wal-pending", "handoff_boundary": "checkpointed", "lifecycle": "post-drop", "reader": "default", "required_logical_features": 1, "result": "PASS", "source_generation_boundary": "wal-pending", "source_unchanged": true, "upgraded_wal_bytes": 0, "writer": "retained"}
{"claim": "same-revision physical-codec cross-build", "family": "scalar", "fixture": "default-scalar-post-drop-wal-pending", "handoff_boundary": "wal-pending", "lifecycle": "post-drop", "reader": "default", "required_logical_features": 1, "result": "PASS", "source_generation_boundary": "wal-pending", "source_unchanged": true, "upgraded_wal_bytes": 281792, "writer": "retained"}
{"claim": "same-revision physical-codec cross-build", "family": "exact-vector", "fixture": "default-exact-vector-ready-checkpointed", "handoff_boundary": "checkpointed", "lifecycle": "ready", "reader": "default", "required_logical_features": 5, "result": "PASS", "source_generation_boundary": "checkpointed", "source_unchanged": true, "upgraded_wal_bytes": 0, "writer": "retained"}
{"claim": "same-revision physical-codec cross-build", "family": "exact-vector", "fixture": "default-exact-vector-ready-checkpointed", "handoff_boundary": "wal-pending", "lifecycle": "ready", "reader": "default", "required_logical_features": 5, "result": "PASS", "source_generation_boundary": "checkpointed", "source_unchanged": true, "upgraded_wal_bytes": 24864, "writer": "retained"}
{"claim": "same-revision physical-codec cross-build", "family": "exact-vector", "fixture": "default-exact-vector-ready-wal-pending", "handoff_boundary": "checkpointed", "lifecycle": "ready", "reader": "default", "required_logical_features": 5, "result": "PASS", "source_generation_boundary": "wal-pending", "source_unchanged": true, "upgraded_wal_bytes": 0, "writer": "retained"}
{"claim": "same-revision physical-codec cross-build", "family": "exact-vector", "fixture": "default-exact-vector-ready-wal-pending", "handoff_boundary": "wal-pending", "lifecycle": "ready", "reader": "default", "required_logical_features": 5, "result": "PASS", "source_generation_boundary": "wal-pending", "source_unchanged": true, "upgraded_wal_bytes": 198912, "writer": "retained"}
Traceback (most recent call last):
  File "<scratch>", line 502, in <module>
    main()
  File "<scratch>", line 320, in main
    run(
  File "<scratch>", line 167, in run
    assert result.returncode in expected_codes, (
           ^^^^^^^^^^^^^^^^^^^^^^^^^^^^^^^^^^^
AssertionError: unexpected exit 101, expected [0]: ['<scratch>', 'upgrade', '<scratch>', '<scratch>', 'checkpointed', '--confirm-copy']


thread 'main' (78532) panicked at src/bin/phase2_lifecycle_fixture.rs:624:5:
assertion `left == right` failed: BUILDING derived bytes after ordinary update/delete/insert
  left: {[115, 129, 1, 129, 1]: [0, 0, 0, 1, 0, 3], [115, 129, 1, 129, 2]: [0, 0, 0, 1, 0, 3], [115, 129, 1, 129, 11]: [0, 0, 0, 1, 0, 3]}
 right: {[115, 129, 1, 129, 1]: [0, 0, 0, 1, 0, 2], [115, 129, 1, 129, 2]: [0, 0, 0, 1, 0, 2], [115, 129, 1, 129, 11]: [0, 0, 0, 1, 0, 2]}
note: run with `RUST_BACKTRACE=1` environment variable to display a backtrace

