   Compiling kernel v0.17.0 (<scratch>)
warning: field `table` is never read
  --> kernel/src/vecquant.rs:94:5
   |
87 | pub struct Encoder {
   |            ------- field in this struct
...
94 |     table: [f32; MAX_LEVELS],
   |     ^^^^^
   |
   = note: `#[warn(dead_code)]` (part of `#[warn(unused)]`) on by default

warning: field `reader_slot` is never read
   --> kernel/src/store.rs:220:5
    |
206 | pub struct Store {
    |            ----- field in this struct
...
220 |     reader_slot: Option<crate::readers::ReaderSlot>,
    |     ^^^^^^^^^^^

   Compiling e4-prototype v0.1.0 (<scratch>)
warning: field `path` is never read
   --> src/collections.rs:168:5
    |
166 | pub struct Database {
    |            -------- field in this struct
167 |     store: Backend,
168 |     path: PathBuf,
    |     ^^^^
    |
    = note: `#[warn(dead_code)]` (part of `#[warn(unused)]`) on by default

warning: associated function `open_with` is never used
   --> src/pagewal.rs:635:8
    |
614 | impl PageWalStore {
    | ----------------- associated function in this implementation
...
635 |     fn open_with(dir:&Path,create:bool,cache:usize,opener:impl FnOnce(&Path)->Result<Arc<Pager>>)->Result<Self>{
    |        ^^^^^^^^^

warning: constant `GENERATOR_COMPILER` is never used
 --> src/text_unicode_v1.rs:5:11
  |
5 | pub const GENERATOR_COMPILER: &str = "rustc 1.96.0 (ac68faa20 2026-05-25)";
  |           ^^^^^^^^^^^^^^^^^^

warning: `e4-prototype` (lib) generated 3 warnings
warning: `kernel` (lib) generated 2 warnings
    Finished `release` profile [optimized + debuginfo] target(s) in 52.47s
