   Compiling kernel v0.17.0 (<scratch>)
warning: field `table` is never read
  --> kernel/src/vecquant.rs:94:5
   |
87 | pub struct Encoder {
   |            ------- field in this struct
...
94 |     table: [f32; MAX_LEVELS],
   |     ^^^^^
   |
   = note: `#[warn(dead_code)]` (part of `#[warn(unused)]`) on by default

warning: field `reader_slot` is never read
   --> kernel/src/store.rs:220:5
    |
206 | pub struct Store {
    |            ----- field in this struct
...
220 |     reader_slot: Option<crate::readers::ReaderSlot>,
    |     ^^^^^^^^^^^

   Compiling e4-prototype v0.1.0 (<scratch>)
warning: field `path` is never read
   --> src/collections.rs:168:5
    |
166 | pub struct Database {
    |            -------- field in this struct
167 |     store: Backend,
168 |     path: PathBuf,
    |     ^^^^
    |
    = note: `#[warn(dead_code)]` (part of `#[warn(unused)]`) on by default

warning: associated function `open_with` is never used
   --> src/pagewal.rs:635:8
    |
614 | impl PageWalStore {
    | ----------------- associated function in this implementation
...
635 |     fn open_with(dir:&Path,create:bool,cache:usize,opener:impl FnOnce(&Path)->Result<Arc<Pager>>)->Result<Self>{
    |        ^^^^^^^^^

warning: constant `GENERATOR_COMPILER` is never used
 --> src/text_unicode_v1.rs:5:11
  |
5 | pub const GENERATOR_COMPILER: &str = "rustc 1.96.0 (ac68faa20 2026-05-25)";
  |           ^^^^^^^^^^^^^^^^^^

warning: `e4-prototype` (lib) generated 3 warnings
warning: `kernel` (lib) generated 2 warnings
warning: variants `Vector`, `Quantized`, `Spatial`, and `Text` are never constructed
  --> src/bin/phase2_crash_probe.rs:41:5
   |
40 | enum Profile {
   |      ------- variants in this enum
41 |     Vector,
   |     ^^^^^^
42 |     Quantized,
   |     ^^^^^^^^^
43 |     Spatial,
   |     ^^^^^^^
44 |     Text,
   |     ^^^^
   |
   = note: `Profile` has derived impls for the traits `Debug` and `Clone`, but these are intentionally ignored during dead code analysis
   = note: `#[warn(dead_code)]` (part of `#[warn(unused)]`) on by default

warning: associated function `parse` is never used
  --> src/bin/phase2_crash_probe.rs:49:8
   |
48 | impl Profile {
   | ------------ associated function in this implementation
49 |     fn parse(value: &str) -> Self {
   |        ^^^^^

warning: `e4-prototype` (bin "phase2_crash_probe") generated 2 warnings
    Finished `release` profile [optimized + debuginfo] target(s) in 2m 09s
     Running tests/collections.rs (<scratch>)

running 7 tests
test deterministic_model_covers_commits_rollbacks_and_collection_switches ... ok
test identity_upsert_delete_and_collection_isolation_follow_e3_contracts ... ok
test immutable_layout_dispatch_and_vector_sidecars_survive_updates ... ok
test published_snapshots_rollback_and_streaming_cursor_are_consistent ... ok
test resource_refusal_cannot_publish_a_partial_entity_or_key_mapping ... ok
test timestamps_are_explicit_persistent_monotonic_and_managed_on_every_write ... ok
test undeclared_fields_roundtrip_through_collection_and_reopen ... ok

test result: ok. 7 passed; 0 failed; 0 ignored; 0 measured; 0 filtered out; finished in 3.33s

     Running tests/graph_collections.rs (<scratch>)

running 6 tests
test cyclic_bfs_is_shortest_hop_deterministic_and_bounded ... ok
test directed_typed_context_edges_replace_properties_and_survive_reopen ... ok
test entity_delete_cascades_both_directions_all_contexts_and_self_edges ... ok
test entity_delete_refuses_degree_257_before_any_published_change ... ok
test neighbor_and_bfs_cancellation_never_return_partial_or_poison_reads ... ok
test snapshots_unlink_missing_endpoints_and_delete_cascade_are_transactional ... ok

test result: ok. 6 passed; 0 failed; 0 ignored; 0 measured; 0 filtered out; finished in 0.14s

     Running tests/index_scalar_oracle.rs (<scratch>)

running 1 test
test scalar_indexes_match_independent_logical_oracle_through_repeated_crud ... ok

test result: ok. 1 passed; 0 failed; 0 ignored; 0 measured; 0 filtered out; finished in 0.27s

     Running tests/index_spatial.rs (<scratch>)

running 3 tests
test bbox_radius_nearest_two_fields_and_collections_match_oracles ... ok
test build_live_crud_snapshot_rollback_drop_and_reopen ... ok
test validation_work_bounds_cancellation_and_candidate_order_are_explicit ... ok

test result: ok. 3 passed; 0 failed; 0 ignored; 0 measured; 0 filtered out; finished in 0.09s

     Running tests/index_text.rs (<scratch>)

running 4 tests
test building_live_crud_snapshot_rollback_and_reopen_preserve_presence_rules ... ok
test empty_missing_null_unicode_and_query_work_bounds_are_explicit ... ok
test tiny_ranking_any_all_and_candidate_filter_match_independent_bm25 ... ok
test two_fields_and_collections_are_isolated_and_drop_resumes ... ok

test result: ok. 4 passed; 0 failed; 0 ignored; 0 measured; 0 filtered out; finished in 0.13s

     Running tests/index_vector.rs (<scratch>)

running 5 tests
test immutable_layout_ordinals_live_crud_snapshots_rollback_and_reopen ... ok
test late_build_refuses_incompatible_historical_same_name_field ... ok
test tiny_workload_matches_independent_metrics_and_filters_before_top_k ... ok
test two_collections_build_and_drop_resume_without_touching_payloads ... ok
test validation_zero_vectors_ties_and_work_bounds_are_explicit ... ok

test result: ok. 5 passed; 0 failed; 0 ignored; 0 measured; 0 filtered out; finished in 0.16s

     Running tests/index_vector_quantized.rs (<scratch>)

running 5 tests
test approximate_shortlist_then_exact_rerank_matches_independent_oracle ... ok
test late_build_tracks_historical_vector_ordinals_across_layout_reorder ... ok
test malformed_compact_entries_and_authoritative_sidecars_are_corruption ... ok
test unknown_quantizer_options_family_or_version_refuses_before_source_mutation ... ok
test validation_live_crud_snapshot_reopen_and_drop_preserve_authoritative_vectors ... ok

test result: ok. 5 passed; 0 failed; 0 ignored; 0 measured; 0 filtered out; finished in 0.64s

