warning: field `table` is never read
  --> kernel/src/vecquant.rs:94:5
   |
87 | pub struct Encoder {
   |            ------- field in this struct
...
94 |     table: [f32; MAX_LEVELS],
   |     ^^^^^
   |
   = note: `#[warn(dead_code)]` (part of `#[warn(unused)]`) on by default

warning: field `reader_slot` is never read
   --> kernel/src/store.rs:220:5
    |
206 | pub struct Store {
    |            ----- field in this struct
...
220 |     reader_slot: Option<crate::readers::ReaderSlot>,
    |     ^^^^^^^^^^^

warning: `kernel` (lib) generated 2 warnings
    Finished `release` profile [optimized + debuginfo] target(s) in 0.18s
     Running unittests src/lib.rs (<scratch>)

running 1 test
test collections::quantized_vector_indexes::fault_tests::quantized_catalog_crud_build_and_drop_are_atomic_at_every_key_write ... ok

test result: ok. 1 passed; 0 failed; 0 ignored; 0 measured; 73 filtered out; finished in 1.84s

