warning: field `table` is never read
  --> kernel/src/vecquant.rs:94:5
   |
87 | pub struct Encoder {
   |            ------- field in this struct
...
94 |     table: [f32; MAX_LEVELS],
   |     ^^^^^
   |
   = note: `#[warn(dead_code)]` (part of `#[warn(unused)]`) on by default

warning: field `reader_slot` is never read
   --> kernel/src/store.rs:220:5
    |
206 | pub struct Store {
    |            ----- field in this struct
...
220 |     reader_slot: Option<crate::readers::ReaderSlot>,
    |     ^^^^^^^^^^^

warning: `kernel` (lib) generated 2 warnings
warning: field `path` is never read
   --> src/collections.rs:168:5
    |
166 | pub struct Database {
    |            -------- field in this struct
167 |     store: Backend,
168 |     path: PathBuf,
    |     ^^^^
    |
    = note: `#[warn(dead_code)]` (part of `#[warn(unused)]`) on by default

warning: associated function `open_with` is never used
   --> src/pagewal.rs:635:8
    |
614 | impl PageWalStore {
    | ----------------- associated function in this implementation
...
635 |     fn open_with(dir:&Path,create:bool,cache:usize,opener:impl FnOnce(&Path)->Result<Arc<Pager>>)->Result<Self>{
    |        ^^^^^^^^^

warning: constant `GENERATOR_COMPILER` is never used
 --> src/text_unicode_v1.rs:5:11
  |
5 | pub const GENERATOR_COMPILER: &str = "rustc 1.96.0 (ac68faa20 2026-05-25)";
  |           ^^^^^^^^^^^^^^^^^^

warning: `e4-prototype` (lib) generated 3 warnings
   Compiling e4-prototype v0.1.0 (<scratch>)
warning: variants `Vector`, `Quantized`, `Spatial`, and `Text` are never constructed
  --> src/bin/phase2_crash_probe.rs:41:5
   |
40 | enum Profile {
   |      ------- variants in this enum
41 |     Vector,
   |     ^^^^^^
42 |     Quantized,
   |     ^^^^^^^^^
43 |     Spatial,
   |     ^^^^^^^
44 |     Text,
   |     ^^^^
   |
   = note: `Profile` has derived impls for the traits `Debug` and `Clone`, but these are intentionally ignored during dead code analysis
   = note: `#[warn(dead_code)]` (part of `#[warn(unused)]`) on by default

warning: associated function `parse` is never used
  --> src/bin/phase2_crash_probe.rs:49:8
   |
48 | impl Profile {
   | ------------ associated function in this implementation
49 |     fn parse(value: &str) -> Self {
   |        ^^^^^

warning: `e4-prototype` (bin "phase2_crash_probe") generated 2 warnings
    Finished `release` profile [optimized + debuginfo] target(s) in 10.15s
     Running tests/graph_admission.rs (<scratch>)

running 4 tests
test damaged_graph_metadata_replica_falls_back_without_rewriting_source ... ok
test graph_rows_cannot_be_hidden_by_clearing_feature_and_metadata ... ok
test intact_future_graph_header_or_name_replica_refuses_before_source_mutation ... ok
test missing_reverse_or_primary_and_bad_properties_have_distinct_read_failures ... ok

test result: ok. 4 passed; 0 failed; 0 ignored; 0 measured; 0 filtered out; finished in 0.42s

     Running tests/index_admission.rs (<scratch>)

running 6 tests
test building_unique_index_cannot_become_ready_with_an_unseen_duplicate ... ok
test damaged_future_descriptor_replica_falls_back_to_intact_siblings ... ok
test limited_policy_survives_index_opt_in_rollback_and_last_drop ... ok
test missing_registry_or_intact_orphan_descriptor_is_not_silently_ignored ... ok
test one_intact_future_index_encoding_replica_refuses_before_mutation ... ok
test one_intact_unknown_logical_feature_replica_refuses_before_mutation ... ok

test result: ok. 6 passed; 0 failed; 0 ignored; 0 measured; 0 filtered out; finished in 0.47s

     Running tests/spatial_admission.rs (<scratch>)

running 5 tests
test clearing_spatial_feature_cannot_hide_descriptor_or_postings ... ok
test intact_future_spatial_family_version_or_options_refuse_without_mutation ... ok
test malformed_coordinates_and_hilbert_are_corrupt_at_exact_access ... ok
test missing_posting_is_detected_when_primary_candidates_are_supplied ... ok
test posting_prefix_without_spatial_feature_is_refused ... ok

test result: ok. 5 passed; 0 failed; 0 ignored; 0 measured; 0 filtered out; finished in 0.46s

     Running tests/text_admission.rs (<scratch>)

running 4 tests
test clearing_text_feature_cannot_hide_descriptor_or_any_text_keyspace ... ok
test every_text_prefix_without_explicit_feature_is_refused ... ok
test intact_future_text_family_versions_or_options_refuse_without_mutation ... ok
test malformed_posting_norm_term_and_corpus_stats_are_corrupt_at_exact_access ... ok

test result: ok. 4 passed; 0 failed; 0 ignored; 0 measured; 0 filtered out; finished in 2.13s

     Running tests/vector_admission.rs (<scratch>)

running 4 tests
test clearing_vector_feature_cannot_hide_vector_descriptor_or_locators ... ok
test locator_prefix_without_explicit_vector_feature_is_refused ... ok
test malformed_locator_or_authoritative_sidecar_is_reported_at_exact_query ... ok
test one_intact_unknown_vector_family_or_version_refuses_before_mutation ... ok

test result: ok. 4 passed; 0 failed; 0 ignored; 0 measured; 0 filtered out; finished in 2.01s

