warning: field `table` is never read
  --> kernel/src/vecquant.rs:94:5
   |
87 | pub struct Encoder {
   |            ------- field in this struct
...
94 |     table: [f32; MAX_LEVELS],
   |     ^^^^^
   |
   = note: `#[warn(dead_code)]` (part of `#[warn(unused)]`) on by default

warning: field `reader_slot` is never read
   --> kernel/src/store.rs:220:5
    |
206 | pub struct Store {
    |            ----- field in this struct
...
220 |     reader_slot: Option<crate::readers::ReaderSlot>,
    |     ^^^^^^^^^^^

warning: `kernel` (lib) generated 2 warnings
warning: field `path` is never read
   --> src/collections.rs:168:5
    |
166 | pub struct Database {
    |            -------- field in this struct
167 |     store: Backend,
168 |     path: PathBuf,
    |     ^^^^
    |
    = note: `#[warn(dead_code)]` (part of `#[warn(unused)]`) on by default

warning: associated function `open_with` is never used
   --> src/pagewal.rs:635:8
    |
614 | impl PageWalStore {
    | ----------------- associated function in this implementation
...
635 |     fn open_with(dir:&Path,create:bool,cache:usize,opener:impl FnOnce(&Path)->Result<Arc<Pager>>)->Result<Self>{
    |        ^^^^^^^^^

warning: constant `GENERATOR_COMPILER` is never used
 --> src/text_unicode_v1.rs:5:11
  |
5 | pub const GENERATOR_COMPILER: &str = "rustc 1.96.0 (ac68faa20 2026-05-25)";
  |           ^^^^^^^^^^^^^^^^^^

warning: `e4-prototype` (lib) generated 3 warnings
warning: variants `Vector`, `Quantized`, `Spatial`, and `Text` are never constructed
  --> src/bin/phase2_crash_probe.rs:41:5
   |
40 | enum Profile {
   |      ------- variants in this enum
41 |     Vector,
   |     ^^^^^^
42 |     Quantized,
   |     ^^^^^^^^^
43 |     Spatial,
   |     ^^^^^^^
44 |     Text,
   |     ^^^^
   |
   = note: `Profile` has derived impls for the traits `Debug` and `Clone`, but these are intentionally ignored during dead code analysis
   = note: `#[warn(dead_code)]` (part of `#[warn(unused)]`) on by default

warning: associated function `parse` is never used
  --> src/bin/phase2_crash_probe.rs:49:8
   |
48 | impl Profile {
   | ------------ associated function in this implementation
49 |     fn parse(value: &str) -> Self {
   |        ^^^^^

warning: `e4-prototype` (bin "phase2_crash_probe") generated 2 warnings
   Compiling e4-prototype v0.1.0 (<scratch>)
    Finished `release` profile [optimized + debuginfo] target(s) in 47.83s
     Running tests/query_multimodel.rs (<scratch>)

running 5 tests
test approximate_vector_filters_before_shortlist_pages_and_retries_with_diagnostics ... ok
test every_native_driver_refuses_an_orphan_winner_without_full_candidate_rescoring ... ok
test exact_vector_and_bm25_ties_remain_stable_across_page_boundaries ... ok
test graph_scalar_spatial_text_and_vector_apply_before_ranked_top_k ... ok
test one_snapshot_stays_old_while_committed_multifamily_mutation_reopens_new ... ok

test result: ok. 5 passed; 0 failed; 0 ignored; 0 measured; 1 filtered out; finished in 1.36s

