warning: field `table` is never read
  --> kernel/src/vecquant.rs:94:5
   |
87 | pub struct Encoder {
   |            ------- field in this struct
...
94 |     table: [f32; MAX_LEVELS],
   |     ^^^^^
   |
   = note: `#[warn(dead_code)]` (part of `#[warn(unused)]`) on by default

warning: field `reader_slot` is never read
   --> kernel/src/store.rs:220:5
    |
206 | pub struct Store {
    |            ----- field in this struct
...
220 |     reader_slot: Option<crate::readers::ReaderSlot>,
    |     ^^^^^^^^^^^

warning: `kernel` (lib) generated 2 warnings
   Compiling e4-prototype v0.1.0 (<scratch>)
    Finished `release` profile [optimized + debuginfo] target(s) in 37.22s
     Running unittests src/lib.rs (<scratch>)

running 5 tests
test collections::graph_collections::fault_tests::graph_write_boundaries_preserve_edges_scalar_postings_and_readers ... ok
test collections::indexes::fault_tests::scalar_index_write_boundaries_preserve_committed_state_and_readers ... ok
test collections::spatial_indexes::fault_tests::spatial_write_boundaries_preserve_entities_indexes_and_readers ... ok
test collections::text_indexes::fault_tests::text_write_boundaries_preserve_entities_stats_indexes_and_readers ... ok
test collections::vector_indexes::fault_tests::vector_write_boundaries_preserve_entities_sidecars_indexes_and_readers ... ok

test result: ok. 5 passed; 0 failed; 0 ignored; 0 measured; 69 filtered out; finished in 24.17s

