   Compiling kernel v0.17.0 (<scratch>)
warning: field `table` is never read
  --> kernel/src/vecquant.rs:94:5
   |
87 | pub struct Encoder {
   |            ------- field in this struct
...
94 |     table: [f32; MAX_LEVELS],
   |     ^^^^^
   |
   = note: `#[warn(dead_code)]` (part of `#[warn(unused)]`) on by default

warning: field `reader_slot` is never read
   --> kernel/src/store.rs:220:5
    |
206 | pub struct Store {
    |            ----- field in this struct
...
220 |     reader_slot: Option<crate::readers::ReaderSlot>,
    |     ^^^^^^^^^^^

   Compiling e4-prototype v0.1.0 (<scratch>)
warning: constant `GENERATOR_COMPILER` is never used
 --> src/text_unicode_v1.rs:5:11
  |
5 | pub const GENERATOR_COMPILER: &str = "rustc 1.96.0 (ac68faa20 2026-05-25)";
  |           ^^^^^^^^^^^^^^^^^^
  |
  = note: `#[warn(dead_code)]` (part of `#[warn(unused)]`) on by default

warning: field `path` is never read
   --> src/collections.rs:158:5
    |
156 | pub struct Database {
    |            -------- field in this struct
157 |     store: Backend,
158 |     path: PathBuf,
    |     ^^^^

warning: associated function `open_with` is never used
   --> src/pagewal.rs:623:8
    |
611 | impl PageWalStore {
    | ----------------- associated function in this implementation
...
623 |     fn open_with(dir:&Path,create:bool,cache:usize,opener:impl FnOnce(&Path)->Result<Arc<Pager>>)->Result<Self>{
    |        ^^^^^^^^^

warning: `e4-prototype` (lib) generated 3 warnings
warning: `kernel` (lib) generated 2 warnings
    Finished `release` profile [optimized + debuginfo] target(s) in 2m 20s
     Running tests/graph_collections.rs (<scratch>)

running 6 tests
test cyclic_bfs_is_shortest_hop_deterministic_and_bounded ... ok
test directed_typed_context_edges_replace_properties_and_survive_reopen ... ok
test entity_delete_cascades_both_directions_all_contexts_and_self_edges ... ok
test neighbor_and_bfs_cancellation_never_return_partial_or_poison_reads ... ok
test entity_delete_refuses_degree_257_before_any_published_change ... ok
test snapshots_unlink_missing_endpoints_and_delete_cascade_are_transactional ... ok

test result: ok. 6 passed; 0 failed; 0 ignored; 0 measured; 0 filtered out; finished in 0.10s

     Running tests/index_lifecycle.rs (<scratch>)

running 3 tests
test drop_and_build_can_resume_after_reopen_without_claiming_ready ... ok
test late_index_tracks_crud_and_published_snapshots ... ok
test unique_conflict_and_schema_changes_do_not_leave_partial_indexes ... ok

test result: ok. 3 passed; 0 failed; 0 ignored; 0 measured; 0 filtered out; finished in 0.06s

     Running tests/index_scalar_oracle.rs (<scratch>)

running 1 test
test scalar_indexes_match_independent_logical_oracle_through_repeated_crud ... ok

test result: ok. 1 passed; 0 failed; 0 ignored; 0 measured; 0 filtered out; finished in 0.30s

     Running tests/index_spatial.rs (<scratch>)

running 3 tests
test bbox_radius_nearest_two_fields_and_collections_match_oracles ... ok
test build_live_crud_snapshot_rollback_drop_and_reopen ... ok
test validation_work_bounds_cancellation_and_candidate_order_are_explicit ... ok

test result: ok. 3 passed; 0 failed; 0 ignored; 0 measured; 0 filtered out; finished in 0.09s

     Running tests/index_text.rs (<scratch>)

running 4 tests
test empty_missing_null_unicode_and_query_work_bounds_are_explicit ... ok
test tiny_ranking_any_all_and_candidate_filter_match_independent_bm25 ... ok
test building_live_crud_snapshot_rollback_and_reopen_preserve_presence_rules ... ok
test two_fields_and_collections_are_isolated_and_drop_resumes ... ok

test result: ok. 4 passed; 0 failed; 0 ignored; 0 measured; 0 filtered out; finished in 0.10s

     Running tests/index_vector.rs (<scratch>)

running 5 tests
test late_build_refuses_incompatible_historical_same_name_field ... ok
test immutable_layout_ordinals_live_crud_snapshots_rollback_and_reopen ... ok
test tiny_workload_matches_independent_metrics_and_filters_before_top_k ... ok
test validation_zero_vectors_ties_and_work_bounds_are_explicit ... ok
test two_collections_build_and_drop_resume_without_touching_payloads ... ok

test result: ok. 5 passed; 0 failed; 0 ignored; 0 measured; 0 filtered out; finished in 0.10s

     Running tests/query_scalar.rs (<scratch>)

running 3 tests
test scalar_json_filters_keep_exact_numbers_null_missing_and_page_order ... ok
test snapshot_cursor_retries_after_cancel_and_budget_errors_then_reopens_current_state ... ok
test scalar_driver_streams_and_pages_more_than_65536_matches_completely ... ok

test result: ok. 3 passed; 0 failed; 0 ignored; 0 measured; 0 filtered out; finished in 5.39s

