   Compiling kernel v0.17.0 (<scratch>)
warning: field `table` is never read
  --> kernel/src/vecquant.rs:94:5
   |
87 | pub struct Encoder {
   |            ------- field in this struct
...
94 |     table: [f32; MAX_LEVELS],
   |     ^^^^^
   |
   = note: `#[warn(dead_code)]` (part of `#[warn(unused)]`) on by default

warning: field `reader_slot` is never read
   --> kernel/src/store.rs:220:5
    |
206 | pub struct Store {
    |            ----- field in this struct
...
220 |     reader_slot: Option<crate::readers::ReaderSlot>,
    |     ^^^^^^^^^^^

   Compiling e4-prototype v0.1.0 (<scratch>)
warning: field `path` is never read
   --> src/collections.rs:123:5
    |
121 | pub struct Database {
    |            -------- field in this struct
122 |     store: Backend,
123 |     path: PathBuf,
    |     ^^^^
    |
    = note: `#[warn(dead_code)]` (part of `#[warn(unused)]`) on by default

warning: associated function `open_with` is never used
   --> src/pagewal.rs:621:8
    |
609 | impl PageWalStore {
    | ----------------- associated function in this implementation
...
621 |     fn open_with(dir:&Path,create:bool,cache:usize,opener:impl FnOnce(&Path)->Result<Arc<Pager>>)->Result<Self>{
    |        ^^^^^^^^^

warning: `e4-prototype` (lib) generated 2 warnings
warning: `kernel` (lib) generated 2 warnings
    Finished `release` profile [optimized + debuginfo] target(s) in 1m 21s
     Running tests/format_replica_refusal.rs (<scratch>)

running 3 tests
test damaged_future_typed_replica_still_falls_back ... ok
test one_future_store_superblock_refuses_before_any_open_mutation ... FAILED
test one_future_typed_replica_refuses_before_any_open_mutation ... FAILED

failures:

---- one_future_store_superblock_refuses_before_any_open_mutation stdout ----

thread 'one_future_store_superblock_refuses_before_any_open_mutation' (895) panicked at tests/format_replica_refusal.rs:107:9:
assertion failed: matches!(Store::open(&path, cfg()), Err(kernel::Error::Corrupt { why, .. }) if
    why == refusal)
note: run with `RUST_BACKTRACE=1` environment variable to display a backtrace

---- one_future_typed_replica_refuses_before_any_open_mutation stdout ----

thread 'one_future_typed_replica_refuses_before_any_open_mutation' (896) panicked at tests/format_replica_refusal.rs:47:9:
assertion failed: matches!(Database::open_snapshot(&path, cfg()), Err(Error::Unsupported(_)))


failures:
    one_future_store_superblock_refuses_before_any_open_mutation
    one_future_typed_replica_refuses_before_any_open_mutation

test result: FAILED. 1 passed; 2 failed; 0 ignored; 0 measured; 0 filtered out; finished in 0.17s

error: test failed, to rerun pass `--test format_replica_refusal`
