   Compiling kernel v0.17.0 (<scratch>)
warning: field `table` is never read
  --> kernel/src/vecquant.rs:94:5
   |
87 | pub struct Encoder {
   |            ------- field in this struct
...
94 |     table: [f32; MAX_LEVELS],
   |     ^^^^^
   |
   = note: `#[warn(dead_code)]` (part of `#[warn(unused)]`) on by default

warning: field `reader_slot` is never read
   --> kernel/src/store.rs:220:5
    |
206 | pub struct Store {
    |            ----- field in this struct
...
220 |     reader_slot: Option<crate::readers::ReaderSlot>,
    |     ^^^^^^^^^^^

   Compiling e4-prototype v0.1.0 (<scratch>)
warning: constant `GENERATOR_COMPILER` is never used
 --> src/text_unicode_v1.rs:5:11
  |
5 | pub const GENERATOR_COMPILER: &str = "rustc 1.96.0 (ac68faa20 2026-05-25)";
  |           ^^^^^^^^^^^^^^^^^^
  |
  = note: `#[warn(dead_code)]` (part of `#[warn(unused)]`) on by default

warning: field `path` is never read
   --> src/collections.rs:151:5
    |
149 | pub struct Database {
    |            -------- field in this struct
150 |     store: Backend,
151 |     path: PathBuf,
    |     ^^^^

warning: associated function `open_with` is never used
   --> src/pagewal.rs:621:8
    |
609 | impl PageWalStore {
    | ----------------- associated function in this implementation
...
621 |     fn open_with(dir:&Path,create:bool,cache:usize,opener:impl FnOnce(&Path)->Result<Arc<Pager>>)->Result<Self>{
    |        ^^^^^^^^^

warning: `e4-prototype` (lib) generated 3 warnings
warning: `kernel` (lib) generated 2 warnings
    Finished `release` profile [optimized + debuginfo] target(s) in 2m 16s
     Running tests/graph_admission.rs (<scratch>)

running 4 tests
test graph_rows_cannot_be_hidden_by_clearing_feature_and_metadata ... ok
test damaged_graph_metadata_replica_falls_back_without_rewriting_source ... ok
test missing_reverse_or_primary_and_bad_properties_have_distinct_read_failures ... ok
test intact_future_graph_header_or_name_replica_refuses_before_source_mutation ... ok

test result: ok. 4 passed; 0 failed; 0 ignored; 0 measured; 0 filtered out; finished in 0.45s

     Running tests/graph_collections.rs (<scratch>)

running 6 tests
test cyclic_bfs_is_shortest_hop_deterministic_and_bounded ... ok
test directed_typed_context_edges_replace_properties_and_survive_reopen ... ok
test entity_delete_cascades_both_directions_all_contexts_and_self_edges ... ok
test neighbor_and_bfs_cancellation_never_return_partial_or_poison_reads ... ok
test entity_delete_refuses_degree_257_before_any_published_change ... ok
test snapshots_unlink_missing_endpoints_and_delete_cascade_are_transactional ... ok

test result: ok. 6 passed; 0 failed; 0 ignored; 0 measured; 0 filtered out; finished in 0.09s

     Running tests/index_admission.rs (<scratch>)

running 6 tests
test building_unique_index_cannot_become_ready_with_an_unseen_duplicate ... ok
test limited_policy_survives_index_opt_in_rollback_and_last_drop ... ok
test damaged_future_descriptor_replica_falls_back_to_intact_siblings ... ok
test missing_registry_or_intact_orphan_descriptor_is_not_silently_ignored ... ok
test one_intact_future_index_encoding_replica_refuses_before_mutation ... ok
test one_intact_unknown_logical_feature_replica_refuses_before_mutation ... ok

test result: ok. 6 passed; 0 failed; 0 ignored; 0 measured; 0 filtered out; finished in 0.35s

     Running tests/index_lifecycle.rs (<scratch>)

running 3 tests
test late_index_tracks_crud_and_published_snapshots ... ok
test drop_and_build_can_resume_after_reopen_without_claiming_ready ... ok
test unique_conflict_and_schema_changes_do_not_leave_partial_indexes ... ok

test result: ok. 3 passed; 0 failed; 0 ignored; 0 measured; 0 filtered out; finished in 0.12s

     Running tests/index_scalar_oracle.rs (<scratch>)

running 1 test
test scalar_indexes_match_independent_logical_oracle_through_repeated_crud ... ok

test result: ok. 1 passed; 0 failed; 0 ignored; 0 measured; 0 filtered out; finished in 0.37s

     Running tests/index_spatial.rs (<scratch>)

running 3 tests
test bbox_radius_nearest_two_fields_and_collections_match_oracles ... ok
test build_live_crud_snapshot_rollback_drop_and_reopen ... ok
test validation_work_bounds_cancellation_and_candidate_order_are_explicit ... ok

test result: ok. 3 passed; 0 failed; 0 ignored; 0 measured; 0 filtered out; finished in 0.11s

     Running tests/index_text.rs (<scratch>)

running 4 tests
test empty_missing_null_unicode_and_query_work_bounds_are_explicit ... ok
test building_live_crud_snapshot_rollback_and_reopen_preserve_presence_rules ... ok
test tiny_ranking_any_all_and_candidate_filter_match_independent_bm25 ... ok
test two_fields_and_collections_are_isolated_and_drop_resumes ... ok

test result: ok. 4 passed; 0 failed; 0 ignored; 0 measured; 0 filtered out; finished in 0.12s

     Running tests/index_vector.rs (<scratch>)

running 5 tests
test late_build_refuses_incompatible_historical_same_name_field ... ok
test immutable_layout_ordinals_live_crud_snapshots_rollback_and_reopen ... ok
test tiny_workload_matches_independent_metrics_and_filters_before_top_k ... ok
test validation_zero_vectors_ties_and_work_bounds_are_explicit ... ok
test two_collections_build_and_drop_resume_without_touching_payloads ... ok

test result: ok. 5 passed; 0 failed; 0 ignored; 0 measured; 0 filtered out; finished in 0.20s

     Running tests/spatial_admission.rs (<scratch>)

running 5 tests
test clearing_spatial_feature_cannot_hide_descriptor_or_postings ... ok
test malformed_coordinates_and_hilbert_are_corrupt_at_exact_access ... ok
test missing_posting_is_detected_when_primary_candidates_are_supplied ... ok
test posting_prefix_without_spatial_feature_is_refused ... ok
test intact_future_spatial_family_version_or_options_refuse_without_mutation ... ok

test result: ok. 5 passed; 0 failed; 0 ignored; 0 measured; 0 filtered out; finished in 0.38s

     Running tests/text_admission.rs (<scratch>)

running 4 tests
test clearing_text_feature_cannot_hide_descriptor_or_any_text_keyspace ... ok
test every_text_prefix_without_explicit_feature_is_refused ... ok
test malformed_posting_norm_term_and_corpus_stats_are_corrupt_at_exact_access ... ok
test intact_future_text_family_versions_or_options_refuse_without_mutation ... ok

test result: ok. 4 passed; 0 failed; 0 ignored; 0 measured; 0 filtered out; finished in 1.03s

     Running tests/vector_admission.rs (<scratch>)

running 4 tests
test clearing_vector_feature_cannot_hide_vector_descriptor_or_locators ... ok
test locator_prefix_without_explicit_vector_feature_is_refused ... ok
test malformed_locator_or_authoritative_sidecar_is_reported_at_exact_query ... ok
test one_intact_unknown_vector_family_or_version_refuses_before_mutation ... ok

test result: ok. 4 passed; 0 failed; 0 ignored; 0 measured; 0 filtered out; finished in 0.47s

warning: field `table` is never read
  --> kernel/src/vecquant.rs:94:5
   |
87 | pub struct Encoder {
   |            ------- field in this struct
...
94 |     table: [f32; MAX_LEVELS],
   |     ^^^^^
   |
   = note: `#[warn(dead_code)]` (part of `#[warn(unused)]`) on by default

warning: field `reader_slot` is never read
   --> kernel/src/store.rs:220:5
    |
206 | pub struct Store {
    |            ----- field in this struct
...
220 |     reader_slot: Option<crate::readers::ReaderSlot>,
    |     ^^^^^^^^^^^

warning: `kernel` (lib) generated 2 warnings
   Compiling e4-prototype v0.1.0 (<scratch>)
    Finished `release` profile [optimized + debuginfo] target(s) in 29.35s
     Running unittests src/lib.rs (<scratch>)

running 3 tests
test text_analyzer::tests::fixed_multilingual_tokens_preserve_e3_semantics ... ok
test text_analyzer::tests::bounds_reject_whole_analysis_without_truncation ... ok
test text_analyzer::tests::table_shape_and_complete_generation_oracle ... ok

test result: ok. 3 passed; 0 failed; 0 ignored; 0 measured; 53 filtered out; finished in 0.54s

warning: field `table` is never read
  --> kernel/src/vecquant.rs:94:5
   |
87 | pub struct Encoder {
   |            ------- field in this struct
...
94 |     table: [f32; MAX_LEVELS],
   |     ^^^^^
   |
   = note: `#[warn(dead_code)]` (part of `#[warn(unused)]`) on by default

warning: field `reader_slot` is never read
   --> kernel/src/store.rs:220:5
    |
206 | pub struct Store {
    |            ----- field in this struct
...
220 |     reader_slot: Option<crate::readers::ReaderSlot>,
    |     ^^^^^^^^^^^

warning: `kernel` (lib) generated 2 warnings
    Finished `release` profile [optimized + debuginfo] target(s) in 0.12s
     Running unittests src/lib.rs (<scratch>)

running 10 tests
test dense_v3::tests::locate_vector_handles_missing_null_incompatible_and_reordered_layouts ... ok
test dense_v3::tests::locate_vector_matches_decoder_on_invalid_inline_values_and_extras ... ok
test dense_v3::tests::locate_vector_rejects_truncated_or_trailing_tail_after_target ... ok
test dense_v3::tests::locate_vector_skips_every_inline_kind_and_extras ... ok
test dense_v3::tests::malformed_inline_bytes_never_fetch_external_vectors ... ok
test dense_v3::tests::read_field_preserves_all_signed_integer_bits ... ok
test dense_v3::tests::read_field_returns_every_state_and_kind_without_fetching_vectors ... ok
test dense_v3::tests::read_field_uses_each_immutable_layouts_physical_vector_ordinal ... ok
test dense_v3::tests::read_field_validates_the_tail_after_an_early_match ... ok
test dense_v3::tests::exact_bytes_vectors_and_malformed_semantics_match_reference ... ok

test result: ok. 10 passed; 0 failed; 0 ignored; 0 measured; 46 filtered out; finished in 0.07s

warning: field `table` is never read
  --> kernel/src/vecquant.rs:94:5
   |
87 | pub struct Encoder {
   |            ------- field in this struct
...
94 |     table: [f32; MAX_LEVELS],
   |     ^^^^^
   |
   = note: `#[warn(dead_code)]` (part of `#[warn(unused)]`) on by default

warning: field `reader_slot` is never read
   --> kernel/src/store.rs:220:5
    |
206 | pub struct Store {
    |            ----- field in this struct
...
220 |     reader_slot: Option<crate::readers::ReaderSlot>,
    |     ^^^^^^^^^^^

warning: `kernel` (lib) generated 2 warnings
    Finished `release` profile [optimized + debuginfo] target(s) in 0.09s
     Running unittests src/lib.rs (<scratch>)

running 1 test
test collections::text_indexes::fault_tests::text_write_boundaries_preserve_entities_stats_indexes_and_readers ... ok

test result: ok. 1 passed; 0 failed; 0 ignored; 0 measured; 55 filtered out; finished in 8.90s

warning: field `table` is never read
  --> kernel/src/vecquant.rs:94:5
   |
87 | pub struct Encoder {
   |            ------- field in this struct
...
94 |     table: [f32; MAX_LEVELS],
   |     ^^^^^
   |
   = note: `#[warn(dead_code)]` (part of `#[warn(unused)]`) on by default

warning: field `reader_slot` is never read
   --> kernel/src/store.rs:220:5
    |
206 | pub struct Store {
    |            ----- field in this struct
...
220 |     reader_slot: Option<crate::readers::ReaderSlot>,
    |     ^^^^^^^^^^^

warning: `kernel` (lib) generated 2 warnings
    Finished `release` profile [optimized + debuginfo] target(s) in 0.08s
     Running unittests src/lib.rs (<scratch>)

running 1 test
test collections::text_indexes::validation_tests::merge_refuses_df_smaller_than_postings_and_missing_df_with_postings ... ok

test result: ok. 1 passed; 0 failed; 0 ignored; 0 measured; 55 filtered out; finished in 0.07s

