warning: field `table` is never read
  --> kernel/src/vecquant.rs:94:5
   |
87 | pub struct Encoder {
   |            ------- field in this struct
...
94 |     table: [f32; MAX_LEVELS],
   |     ^^^^^
   |
   = note: `#[warn(dead_code)]` (part of `#[warn(unused)]`) on by default

warning: field `reader_slot` is never read
   --> kernel/src/store.rs:220:5
    |
206 | pub struct Store {
    |            ----- field in this struct
...
220 |     reader_slot: Option<crate::readers::ReaderSlot>,
    |     ^^^^^^^^^^^

warning: `kernel` (lib) generated 2 warnings
warning: constant `GENERATOR_COMPILER` is never used
 --> src/text_unicode_v1.rs:5:11
  |
5 | pub const GENERATOR_COMPILER: &str = "rustc 1.96.0 (ac68faa20 2026-05-25)";
  |           ^^^^^^^^^^^^^^^^^^
  |
  = note: `#[warn(dead_code)]` (part of `#[warn(unused)]`) on by default

warning: field `path` is never read
   --> src/collections.rs:159:5
    |
157 | pub struct Database {
    |            -------- field in this struct
158 |     store: Backend,
159 |     path: PathBuf,
    |     ^^^^

warning: associated function `open_with` is never used
   --> src/pagewal.rs:623:8
    |
611 | impl PageWalStore {
    | ----------------- associated function in this implementation
...
623 |     fn open_with(dir:&Path,create:bool,cache:usize,opener:impl FnOnce(&Path)->Result<Arc<Pager>>)->Result<Self>{
    |        ^^^^^^^^^

warning: `e4-prototype` (lib) generated 3 warnings
   Compiling e4-prototype v0.1.0 (<scratch>)
    Finished `release` profile [optimized + debuginfo] target(s) in 2.30s
     Running `<scratch> <scratch>`
driver=Graph { filter: 0 } work=QueryWork { candidates: 1, primary_reads: 2, scalar_postings: 0, graph_edges: 3, graph_visited: 2, spatial_postings: 1, text_postings: 2, vector_locators: 1, vector_sidecars: 2, vector_lanes: 4, output_bytes: 58 }
id=EntityId { collection: CollectionId(1), sequence: 2 } rank=Distance(0.29289321881345254) fields=[("body", Value(String("flood road"))), ("embedding", Value(Array [Number(1.0), Number(1.0)]))]
