warning: field `table` is never read
  --> kernel/src/vecquant.rs:94:5
   |
87 | pub struct Encoder {
   |            ------- field in this struct
...
94 |     table: [f32; MAX_LEVELS],
   |     ^^^^^
   |
   = note: `#[warn(dead_code)]` (part of `#[warn(unused)]`) on by default

warning: field `reader_slot` is never read
   --> kernel/src/store.rs:220:5
    |
206 | pub struct Store {
    |            ----- field in this struct
...
220 |     reader_slot: Option<crate::readers::ReaderSlot>,
    |     ^^^^^^^^^^^

warning: `kernel` (lib) generated 2 warnings
   Compiling e4-prototype v0.1.0 (<scratch>)
warning: field `path` is never read
   --> src/collections.rs:140:5
    |
138 | pub struct Database {
    |            -------- field in this struct
139 |     store: Backend,
140 |     path: PathBuf,
    |     ^^^^
    |
    = note: `#[warn(dead_code)]` (part of `#[warn(unused)]`) on by default

warning: associated function `open_with` is never used
   --> src/pagewal.rs:621:8
    |
609 | impl PageWalStore {
    | ----------------- associated function in this implementation
...
621 |     fn open_with(dir:&Path,create:bool,cache:usize,opener:impl FnOnce(&Path)->Result<Arc<Pager>>)->Result<Self>{
    |        ^^^^^^^^^

warning: `e4-prototype` (lib) generated 2 warnings
    Finished `release` profile [optimized + debuginfo] target(s) in 1m 27s
     Running unittests src/lib.rs (<scratch>)

running 1 test
test collections::graph_collections::fault_tests::graph_write_boundaries_preserve_edges_scalar_postings_and_readers ... ok

test result: ok. 1 passed; 0 failed; 0 ignored; 0 measured; 31 filtered out; finished in 2.15s

     Running tests/graph_admission.rs (<scratch>)

running 0 tests

test result: ok. 0 passed; 0 failed; 0 ignored; 0 measured; 4 filtered out; finished in 0.00s

     Running tests/graph_collections.rs (<scratch>)

running 0 tests

test result: ok. 0 passed; 0 failed; 0 ignored; 0 measured; 6 filtered out; finished in 0.00s

