32612892f1c9e15fe772b8034945f8072b83e025153aef597e45d5eccbe98c43  source/.gitignore
ea9d48b8afe972e623fbe6fa04475e5a5557a8134f8bbb39c09756d8babdab08  source/AGENTS.md
896e198dba1071d40d1709237c6a6527acaf2281a1b852b2919d6da5f6d17485  source/CONTRACT.md
d368ccaf706f3ae1422a09bc685cf57b4b422b52b5a932d4c8610a56fedcd23e  source/Cargo.lock
ebfc1481d9fab32a4a4cb3b316b8c00b4437d4cd564840ec7af44aeeea7354b3  source/Cargo.toml
2a2c5f56afafc541c90a8c9caafb5c626fcd01d370724c34d9b1682a323dc415  source/README.md
d466f62b7a4e98992cb9bab3fba81fd6e2db24963562685313eaa58fed99c3a1  source/docs/ALLOCATION_CLEANUP.json
df45daca3cbb8b3a9d8d5c82a10e1b1712516954fb7863d7e3bb3f95cbf08c67  source/docs/ALLOCATION_ENVIRONMENT.json
f23e6c38966448e9e4bcf404893129bfff1a6e1501c444b550def2b98de88724  source/docs/ALLOCATION_LOOP.md
125ef218f79989a25b91258ded998559884ecd90fc0d16cb344e16084bc8f8f8  source/docs/ALLOCATION_RESULTS.json
5770f8097790bf50fb306e44106d0dda6e1b4f02956e5e9646662c10c46d1de8  source/docs/ALLOCATION_VALIDATION.json
24dc0105bbcb0836fdc758ec2fe36ae065eab51afa19450bfdeb34df603f78ba  source/docs/COLLECTIONS.md
732ec7be1d5e0208c7ce577a18ea8a6030580ca2d5a659202b71a6b24797a42a  source/docs/COLLECTION_CLEANUP.json
4d9092babcd8652736b477454633430c42e1bdfd92d83e9da024e35b53f073a1  source/docs/COLLECTION_FOOTPRINT_OFF.json
88fdaa089f56d01908010360aefdc81f0ee01ba3c7b8549cecd6a8ba6ba341e8  source/docs/COLLECTION_FOOTPRINT_ON.json
a005121af7413cd1561d9199d985043c3a71fdf0ce58647ee365400d103ead48  source/docs/COLLECTION_RESULTS.json
8912b887342d7ff1cd28ebd3fb7b493746e5ca6e239bd0cbe7e69c276ac896d4  source/docs/COLLECTION_RESULTS.md
06bda11b3e67ce8f0e8bdc74358fc89eb833b47e5e1a7edd173255057d64ee47  source/docs/COLLECTION_STRUCTURE.json
d6fc8c49bea87a6a8cab54846b0caa7563bd4fc179a65a4447451d243ab1a959  source/docs/COLLECTION_SUSTAINED_RESULTS.json
546e35a206c38cbfad60330bc6d8215c7ffc5ef5a5f7f49f9407aa749ab380ba  source/docs/COLLECTION_SUSTAINED_TABLES.md
90ccdca1e0d921fda402fa4eccd5b9f3eb20db3e8e3129386da1257919a2550a  source/docs/COLLECTION_TABLES.md
266016fe08d84b4b448c42abe19cb716f09709bb7815bb62bbecbfd45587ccc5  source/docs/COMMIT_EXPERIMENT.md
2122ed5f5cea3071c49b4ba00398142070be074aa0f1bd1841bdd689cc775279  source/docs/COMMIT_EXPERIMENT_CLEANUP.json
484a052c77cbcf2897f08ef91eb682f7b12f121dad4096288c5bfa629df0d598  source/docs/COMMIT_EXPERIMENT_PROVENANCE.json
2f70b8975d2c37cf3551a36999032b268a9797a643374515ffb446ce726ce813  source/docs/COMMIT_EXPERIMENT_RESULTS.json
2c091a2758461db42ec50b097002a32db8f8709007c343e6b707bc80136ee2dd  source/docs/COMMIT_STAGE_ABLATION.md
42b232609a67d0483a2f94960b7343a282560a2f1d944f7eda2eae6ed928bf07  source/docs/COMMIT_STAGE_CLEANUP.json
52aae6f77cd20da384e9824c98142a6699c0550f9489550f9f1f3725d200a298  source/docs/COMMIT_STAGE_PROVENANCE.json
db102270120be014487c6ee24a8c7ace347e6969e273c8ae8b90101ff8a8e8d5  source/docs/COMMIT_STAGE_RESULTS.json
820313ff5c90e5e34f66342bb61b80d807205442bd2e711880e046ffc04dc93a  source/docs/DISK_FORMAT_AUDIT.md
ad0ee4122773df4d6d7ee44c00a065fe4f24d711e68a45237175f667f4a30771  source/docs/EMBEDDED_FREELIST.md
3e5875984c70edeace50d4e71fdefbf895545779b6e2b94b233d58622e37093c  source/docs/ENTRY_RESULTS.md
fbb531745a53505aacefabc26864c056bcce1922aa9cab69e261c54c98a080d4  source/docs/ENTRY_STORAGE.md
7f33510157f145399208eb3a579e3bec279017e95cb6182f6ddf00c9bdeeb581  source/docs/ESTUARY_CREATED.json
2a3aa90169c03fc5e65d43b5e426838d1252bd2974bc9b5a062eb85426772a91  source/docs/ESTUARY_PLAN.json
d4fa810beb5e221b1cb5b3b1186d4a604a9c7e7ca140cd74cf59f05bbab20738  source/docs/FORMAT_AUDIT_RESULTS.json
32cd5aece65cb55b06ef3ca869cd69ada6209ffd8ca4c1666fc0c05a7ec2e548  source/docs/FORMAT_FREEZE.md
c79ed461b543ffcef6bc6613dd7f876adc2de51545d3336f00e3ff1a224f60e7  source/docs/FOUNDATION_GATES.json
aad0cf2870f74751a04207a0f43fed14d4975e430214791a0596cb366395386a  source/docs/FOUNDATION_LEAN_GROUPS.json
8043513e9371fedbb9c8f05c5a9c28d494870dc93494489b671e86e45805ce72  source/docs/FOUNDATION_SCALING.md
79f2ebe6135577173b15a71e687e4646eae263ea35207bde08219ecf9316ca80  source/docs/FOUNDATION_SCALING_CLEANUP.json
82eaab14752fe34715338833b07928967f262a42ae99dfbd5885a20234422fef  source/docs/FOUNDATION_SCALING_RESULTS.json
5af661e45045be3a7515b7e50e692628b958eb75fafdc7b5134fac07cdcaed06  source/docs/FOUNDATION_SCALING_VALIDATION.json
be6d0335fb1b897089927d3abf46f335b4a7acad21f97b19e4b6c47f6c6fe992  source/docs/FOUNDATION_TEST_STANDARD.md
1a13376fd65ed167ca4063662872a0eb7576c1181eb76820096f99896def81ae  source/docs/FREELIST_CLEANUP.json
5ee838951e728f82d4578f686712ef1bf53e16ac3684e32e961696c244359a6e  source/docs/FREELIST_PI_CLEANUP.json
17ce25da532ec57dd9e34d7f0d567085ce2c59e4edcebaef5fd7fcdbce5fec73  source/docs/FREELIST_PI_RESULTS.json
22755f048c5d32a44608798624bc16f6eed5214306ceb3b36c81de78ed8bc244  source/docs/FREELIST_PROVENANCE.json
f9dceef00d596e973172543ba6172554730776bbdbd0b77aff924cdeaed09fb1  source/docs/FREELIST_RESULTS.json
f8e0811b36ec49c84e20874defa918b75efcaf28b2ae41bf045e4645d1e5d48a  source/docs/app_V1_PVC_INSPECTION.md
e41259fc00da883f9a9da55702704b85fe713872dc85a6017e1a72e7d67eb333  source/docs/LEAN_FOUNDATION.md
2a2d54bbafbe4b8ab3196f6ab243e0d0be5706c8faa71589b6b85690b59d811c  source/docs/LEAN_FOUNDATION_RESULTS.json
6656d4fdada9f874fc71c84097af0a3a281fbfb327e9c008e34d477a613b254c  source/docs/NATIVE_REQUALIFICATION.md
7f1e9b3ccbc745a978855f2905b060b840a7a80e0fe0e7f4d50bd084ef6dd003  source/docs/NATIVE_REQUALIFICATION_CLEANUP.json
30839d74766b2fa102d7f5bb5af538dd450b755fe90bb12680ab2e2ae0989fc8  source/docs/NATIVE_REQUALIFICATION_RESULTS.json
b4e5403decf163351a11a9d2011dcf90df2745491b79a72166acf6294bca0257  source/docs/NATIVE_REQUALIFICATION_VALIDATION.json
a840e2193c64f82c074440d878018d5b837dbe57223b07de17f76475b47ffd7c  source/docs/PACKING_CLEANUP.json
09e2526511473996726445a7f220c89cd2afca66153aad9899ea6f4ebbdf3a8b  source/docs/PACKING_LOOP.md
6822c3624da37bcffbdb259e4aba74e848310998eadf629a73733cfed62da01a  source/docs/PACKING_PI_CLEANUP.json
09f8dda883ccc7761fbf4ec032f17d657ec3a87a9d994b76a026a2fd3b0aae23  source/docs/PACKING_PI_RESULTS.json
d35da42347872bb7655575d64867e5248e79024b6120ca2843220af82dbbb2d4  source/docs/PACKING_PI_TABLES.md
82db4f743a2f7eb30f129f3019aa4db870cf26b1d73e07136db7acd49226348f  source/docs/PACKING_PROVENANCE.json
7d8b0dea48d3b63cee181a2dd28e0e5f172f4f8350895e7ea42cbf315608d82b  source/docs/PACKING_RESULTS.json
c3c039e2922a62b78ccb547743095dc29c3c3acbb49a8244b5cb6b1c0cf8515d  source/docs/PACKING_TABLES.md
fbc91f9616454e8acefdaa24ee8ee68f5e5dec86d33712b112ceda1bf31cf81c  source/docs/PAGEWAL_BRANCH.md
db756e4fa5a6c29eb1b71c6f09d80db6b58b8582ba65786cef1b084939ac6cce  source/docs/PAGEWAL_CLEANUP.json
366d2d07dadaf3a80fbd220b294093c1996efc0f6b48fb4b39a538fb3c563654  source/docs/PAGEWAL_PILOT.md
add2d7069a6baa30501fe02085bb57ce919b9e7634ec937fc072ea6a61b652af  source/docs/PAGEWAL_PI_CLEANUP.json
35e9cf3cf28e183e200771d5c80a2d0a5a5c7dba20182029504acde6f0c07758  source/docs/PAGEWAL_PI_RESULTS.json
f9d7caf0547aa4915dd271f48a6b57247de53ead79ea4037fd617d3b5f210769  source/docs/PAGEWAL_PROVENANCE.json
0e4fe296773a973e7aaf661e35abfd99afb115d190e47f3a9819a7c67d0885c5  source/docs/PAGEWAL_QUALIFICATION.md
392f53ddf31582b324d75040458680b37eed512ba9707c287d8c931c8c6b8b41  source/docs/PAGEWAL_QUALIFICATION_CLEANUP.json
dd233b80943653dd2ee0c72a0a0f469b8000d0c8c49b49464d09a115e37e8b20  source/docs/PAGEWAL_QUALIFICATION_RESULTS.json
de045e949b78b3585383353380481806506f28abc3f35121bd7e5d2f4607b35e  source/docs/PAGEWAL_RESULTS.json
e2dd1b4e98c1fa8b0a4c9fd27ddb07263bfa95d1e8f9651ee8d8b28783cb3567  source/docs/PAGEWAL_STALE_FRAME.md
1701f1b2d201fb17edc7680bed99f9298c2f811750f133bcd0aa82c93d51f487  source/docs/PAGEWAL_STALE_FRAME_CLEANUP.json
52cadfeac8b1f1a24c848be7f67f1b619f49060e0ea444e468f0041bc09366fd  source/docs/PAGEWAL_STALE_FRAME_RESULTS.json
29a3b13eb665ac54fe0cc3ac9dd8c0062ffa0c54a302fa976e39c2938b767622  source/docs/PAGE_EDIT_CLEANUP.json
a0a962f2924a307cd6841cbe8676c3a348a2dd4bf163d332b7966b6476eb098a  source/docs/PAGE_EDIT_EXPERIMENT.md
fe8b1302cd93899f380ac1da58c2c71e4d9a44c411f502c142e311017cdb0f89  source/docs/PAGE_EDIT_PROVENANCE.json
ebc1a839273b5f9124685b507f62cc896e4f0ec4e21c21e11c14cd6b25b59381  source/docs/PAGE_EDIT_RESULTS.json
0f939b424975e447e3d1b1643710efc593d880befd327eb6b4cf029cff44452f  source/docs/PAIR_PACKING.md
b8fdfe302c34f116555938374d5e89c6a2d15c04b07d380097cc2cf0f392275f  source/docs/PAIR_PACKING_CLEANUP.json
560ffe32b080959f5d57a866f138567665a7550e145f13fe06355859ac6f53d3  source/docs/PAIR_PACKING_RESULTS.json
9e39b3123e6717b76ccefd2930c27990659e56edcda296ac0877ff64ab823cfa  source/docs/PAIR_PACKING_VALIDATION.json
eeecc751f97d1daa09a4775b47ec416c9077cd6119890d34ccb7615f2990b65d  source/docs/PEAK_SPACE.md
b2087e30c25ac2ea8145999d0e7395c4bfef30e2f981d151c366f9b4b5127c71  source/docs/PEAK_SPACE_RESULTS.json
8976761b9879053072eb2948edd6adb8e3ecee74950996ab34e6763e7bf324e5  source/docs/PEOPLE_10M.md
f57f555d34d061ca9a07dc898e1b7679c898776ca1ec1b072cd976c87ed69855  source/docs/PEOPLE_10M_RESULTS.json
666f00a94b2c008d0c8ab7fca72be73fcdd20d1dadb75cbb237d8333563d72a1  source/docs/PEOPLE_20M.md
060b9032f46dde2be94462a2ea3f3f133858b64911bec6b9f1cf5e17c6a7d6fa  source/docs/PERSISTENT_FREELIST.md
e1d8aad4d3d285605fd23be239f5830b2aad12bc13aa5e457cc12f1193e448c7  source/docs/PI_MEMORY_PROPOSAL.md
09d3845dbeef915e675d54698e38601ca09fea5525115b3bf6798979046d6d38  source/docs/PROTOTYPE.md
d5937060a37278c3609de8448fc529d8aed8d4f9a6d0fe5b681197428ae59762  source/docs/PROTOTYPE_RESULTS.md
61d94a06ec9626573cc8c57404c9e7eb48d1d35b212ced1420324db5d09c6005  source/docs/RECOVERY_BLOCKERS_LOOP.md
fa6abdeba61c2b6599e20eb408af20cbb8259425fe3d4085d44ee63d7de02914  source/docs/RECOVERY_CONTRACT.md
a501eab898feee3b88d985114dcfaeffa81b25998b54377c40b9bc5e6ef96575  source/docs/RECOVERY_MATRIX.json
199e90010400d4c9d8f81da50efdbf340463aa22574850ee86b5ae276c52b793  source/docs/RECOVERY_R1.md
5e0d7b344f629b359ae5ebcec7cfa764a7f28ae1c9dc096c1918344c1a8a5705  source/docs/RECOVERY_R2.md
e3ac616113a5d629b90c51154f05b1b3218b9569f831aabd67af4e2d1704fdf5  source/docs/RECOVERY_RESUME.md
853a6ec709d6cbf0e83377d2d34c073e75d0e50feaf43b8be8a9af39cca005d4  source/docs/REDUNDANT_CHECKPOINT_EXPERIMENT.md
299c3b4d2fbbbab0b8206d89fb804b62ac91c92b24f60a103921e28a18aee4ca  source/docs/RESERVATION_CANDIDATE.patch
8b0fef487bb1d7f9a7d6dcfcddc983f74c2ab0824763e8eb19bc858e1b8c6790  source/docs/RESERVATION_LOOP.md
f4dd712a3a472952b11adcb8c5d065948f5e2d24882b2f7abb6e74ef69793e07  source/docs/RESERVATION_RESULTS.json
21d69c0f579746bc3d4a21a74848e145c5a41d6e71ad6e21d9d07108278c9e51  source/docs/RESOURCE_AUDIT.json
3f2bafb946170ad9820a78a8fe08896039dab942defee3c8b4a96b314cec0a03  source/docs/RESOURCE_CLEANUP.json
f912dfa6a63cddc27e26f756b1b366fc76931c09ceea740db834d73cc8c6eff0  source/docs/RESOURCE_LOOP_1.md
e51a77efd887ae9a05f380b6c4ed7e9732ed17e8975eb897837ea4fee44e3872  source/docs/RESOURCE_RESULTS.json
deda056d584bf1e43bba12da6780a320cbf7a9327b0969b141cd80521958730d  source/docs/RESOURCE_TABLES.md
7e23d26c5f59ba04864f7645f1ccb666b5f9e4c10aa00607158323274b25b0f6  source/docs/REUSE_CLEANUP.json
5335cec97621e6752c330606df24693871ebf9da50af57ce07f416b434033d15  source/docs/REUSE_PI_CLEANUP.json
700b159ea871e1ca4c55ba6f39438799e8baff123855f3f4b19973c9264c497b  source/docs/REUSE_PI_RESULTS.json
9a04c8544aa118030bb1e82bf0e365d7ef7120ecf6d0f99c56aac5045d56c57e  source/docs/REUSE_PROVENANCE.json
124c8aca63eb09759a2f84acb250b7304acd731b6bb997ee7e5fed5c46966fa6  source/docs/REUSE_RESULTS.json
91ae00cbcec74f80786f41026df60e9072a1be2501469841495b0a5e4e40386d  source/docs/SCAN_IO_CLEANUP.json
37ef83c370e9d605b38818067691b6fb5e51d0bd55568d2dea8bc7775370f6c5  source/docs/SCAN_IO_ISOLATION.md
f303eb9ad7d2805db25ebd8fc28d00b790243fbcb9e092cad3a27b47769b26f5  source/docs/SCAN_IO_RESULTS.json
8431179b53107a9eb3f53ee1812ed53dcdeb181d981ce6c68e48befd8a8e0fdc  source/docs/SCATTERED_PACKING.md
4379a1bff8b10be631c34d5923fc9a0bbc0fc936b0e485e695550df48bf57dd1  source/docs/SCATTERED_PACKING_CLEANUP.json
3ef1a9b7e3b034ea9192793c84f32e945a7d2ddb0d58949af7638b1532111b03  source/docs/SCATTERED_PACKING_RESULTS.json
cf53693ae03709e458c51adfd48cd31f28ae529ba17695168b680735a5f41320  source/docs/SCATTERED_PACKING_VALIDATION.json
4dcf2d600c9e29fb8508028ff056976b222d2580303dd583daab1557c0a055cc  source/docs/STORAGE_COMPATIBILITY_RESEARCH.md
00ecdda65ec421f505b00f5bc1d87889037b62bfabab19f544ad470f322a0903  source/docs/SUSTAINED_ARTIFACTS.json
620416b491b7cc4643bc669bae40043303a7878e2c790a0c45296133c738ef7a  source/docs/SUSTAINED_CLEANUP.json
d4c7f6085b75440e7a3be48ac722ff8cdc293c2af03c4f54a0a3b49427304275  source/docs/SUSTAINED_ESTUARY_UPDATE.json
02bdbef68fe5dfb8dfd0099b6a0a3ec3e18a861a1eeb9a804a5660edc8be592e  source/docs/SUSTAINED_FOUNDATION.md
960e277ac942e172067fb506e9b46e7e8ebf86a6783b877d744c9535119d74c3  source/docs/SUSTAINED_RESULTS.json
26f86c3d2f06340cd2b34d019f0211e7ecae15b5a793db887c0a4fd365903018  source/docs/SUSTAINED_TABLES.md
dbc263170d5ea8b31d540339275d6c0d99c833417bf874af19eea5afbb34fc69  source/docs/TIMESTAMPS.md
e2ae20ab55a2f7d7e894a3796f7ee01399dc60d6b5572714af151f2a8bf6bee0  source/docs/V2_BENCHMARK_PROTOCOL.md
570db411b68e5bc500c4f20a5a1ded3cf035c9f9f59597f319e18cf6cf1a884f  source/docs/V2_COLLECTION_INTEGRATION.md
eb7c6b25a723b5206ab21037b72eac44b716af7765d0be1182d9f08bced6dc38  source/docs/V2_COMPAT_FIXTURES.md
6b3e2d42e3fffe74c6122424d14d6eda6f2abdae1505c0ec424876066f0565f7  source/docs/WRITE_PATH.md
32aac7758cdfec0c0b3fa3fd69fd8fea5163af64ae3a77f913e882719e1f88a9  source/docs/WRITE_PATH_CLEANUP.json
c8f8a66d0f680d5922f5687d5b98a80a7c34e8314958af6b94e40e9d17b880af  source/docs/WRITE_PATH_PI_CLEANUP.json
f2389787b173caecf476b81edfa4a34341b34aac7b393592a7857488d567f163  source/docs/WRITE_PATH_PI_RESULTS.json
86ba3aa1f024891032337e66b558eb8fd4db9cf12f7fd6380aa3aaec301459b2  source/docs/WRITE_PATH_PI_TABLES.md
531dc89ed60f9acb8c833fcdc29567ad8c91150b7f72ac74d6698794d614db88  source/docs/WRITE_PATH_PROVENANCE.json
62394ecb3ab38f71a95ccea3ae19166ea88c39a32e425dbd2fb595613888cb64  source/docs/WRITE_PATH_RESULTS.json
bceaab1bcde5f51a2e65a6bf0a519ae2a7307810aa6bbad8dda8c11c71a145d8  source/docs/WRITE_PATH_TABLES.md
9e17b2c017f06cf71c545bb273423704f720488cb180edb3eea05a86494689c0  source/docs/recovery-evidence/README.md
375dcb427365aa744f171b73b5cf997b7b2706e1831e2b7c4239d76ba4f967fd  source/docs/recovery-evidence/SHA256SUMS
ff2223f8b22f17a35ff6b4508caf6633412b47c7098df09858ecf31fccfd922a  source/docs/recovery-evidence/TESTED_SOURCE.sha256
6f9f10f373901117351fb85d0ef2f49767917c8ef674c335d00b1c39b333b7a6  source/docs/recovery-evidence/linux-v4.stdout.log
3f3600ca6cfc1a1c95de047ab11fe9b048fecb4a3206d08f3bb4ffcb8ff7657e  source/docs/recovery-evidence/negative-fixed-order.stdout.log
0b6f4798e464f2e245a832276240204f765e05987b0f9dee17fc9146fbaf182e  source/kernel/Cargo.toml
2a06164aafe09c53a3b66ff575bffcc85b6982db3d7cce15d81e998ab4d8729f  source/kernel/src/btree.rs
cb9e6ba8bf78575d57c2c553f2f53d5eb468278dab97ddc8e0d5d8b13935232a  source/kernel/src/budget.rs
eb0d8780ebf20e2b44a296757b829d3ec6cd17af34abd7b1754fce0129907167  source/kernel/src/bulk.rs
18cb6413533c3893386e6267ff6e78343f90fa903176c464994135135dfdadbd  source/kernel/src/geomath.rs
07f27e65614e94d61edac2d49f6ca9a93a830f6a218b10a31a57f7ec80983769  source/kernel/src/graph.rs
f60f227aae24618b392c79cdf926bc27d6bb8f03d06cda6bc5c7c88fe02b36a7  source/kernel/src/io.rs
f80a63317a10ea6c6210f0368f2dbb0a1a582e204943e82e23ecbe08b0ad725e  source/kernel/src/keys.rs
2aca86675b936aa9e6df579e21c227ea602c8f72b83df4e1520556f840352c9a  source/kernel/src/lib.rs
5911a909f7fa741cf00d0d34663f4aee310055b3503c46d9b025c5a40a6eb4d3  source/kernel/src/limits.rs
67a868158d72987742d5dbc65b128da152816fc166043d0259b068d5aa2c5485  source/kernel/src/meta.rs
26aba3177c781d0740b8161fb03e01b89f29dc9c7e512e260f47f00274947977  source/kernel/src/nav.rs
fd994bfc7c577f815819c31ef2ce85a61e969baa66005348aea753e85a8f1d82  source/kernel/src/page.rs
dd3fbccf7fb1c2f40ee6d54ef634a7a7579b3f7c448eac0e2cce33b3632f0137  source/kernel/src/pool.rs
2aba753acf57327b143d3fcadf2e3714c2453dc726dc15f3b6fcb1b547fab193  source/kernel/src/readers.rs
656aee8c12567bb119ca5bbb556f206daa631381ec51ba6de02455aee293751e  source/kernel/src/recover.rs
33f17fe6e05336ec2f6dfe9f1c931da5da5abb3e1159990a3139c58b34a4d7a0  source/kernel/src/recover/reader.rs
f900480c3519e1d1a5457e59a7b9c447d9f8966ee4f3770f942166854c6105da  source/kernel/src/recover/safe.rs
10a36df051cacc595b68315a632baefe1c6f46910a37470f0ae564100d465e38  source/kernel/src/score.rs
31d9b301b0229d169ea2990c4106a95267ffd6f4631a192a95c304f216b912c7  source/kernel/src/spatial.rs
b2ed35b388f5841f2427d35b19a96ec29839fe408b36b8f839d5753c1c71441f  source/kernel/src/store.rs
b325caa26eae5156fc233a70d30b37537856ac834a535e8fea8baad78d0e80d6  source/kernel/src/store_reuse_probe.rs
e4500a44824bd323787450de8d91eb2ebc8881c2854bb18074818e8d00e4d626  source/kernel/src/test_support.rs
3cfc8d5c0616e782dc3c701d12f722000ef809ad46d40ad585d58555a38aded4  source/kernel/src/text.rs
a3ae68b71d8b70293e713187967b24b8883181879655aa2ac9c79175f82d31a6  source/kernel/src/vecquant.rs
582ac8230284ec62a85d0aa576cfa5caba2db32d2b751c11d07f2c997dce4432  source/kernel/src/verify.rs
c2dc1ae499511e0f0b0987cae73b566f3d20814616cb5c3d1e6f435b769598c9  source/kernel/src/wal.rs
8a274626bf3e73231477bba8cf6053f4a42abb7b958e71fb4fb25c05de93ea71  source/kernel/src/write_stats.rs
11a604f5c314c3c6fa5beb802f36d8403472ba59a4487a22a13d779d98366aeb  source/kernel/src/write_trace.rs
62d061052bd48d6752fbab123c37a907525024159fdf0de557f2a4560b24ded4  source/kernel/tests/bulk.rs
3bc75ace489b7360fabecd8c76847613021c436a49db15c10122c275c1f65148  source/kernel/tests/compact_cell_bounds.rs
e0ee8e9952ad7271684bb89ef3a57c8da183f1e2ec0b0308341f8c819d72d6e3  source/kernel/tests/corruption.rs
42affbe13026e308049999fb78dcfd9aa1ebf74b99839314b58b22bf630f1cf8  source/kernel/tests/corruption_bounds.rs
c1d752c6f6eb47c449fd96f008bd322f568c12c22b33bca736a0f004dd476b25  source/kernel/tests/delete_reinsert.rs
ba8b2a54834af5b16e540db64116cf2e3a35e347d21c1af0447c4984da28445b  source/kernel/tests/demo_parity.rs
186f404828ec46a32bbe09ebb139cda21e8037128e721e7a39c6457644fa7808  source/kernel/tests/durability.rs
470c6511b615e6e92bb7d8a9fcfe1c780142b8ceaaf4e7e0068a51019cc162bb  source/kernel/tests/freelist.rs
e097116069569513e1f89b317ad0b2aaa2f3962558c7809a5704c562073381d2  source/kernel/tests/graph_clustering.rs
201015cc0c41501e5ef9ecbf7c355546ff5edc709da314997cd43f6f4826c4a2  source/kernel/tests/graph_crash.rs
894993cc72bf27eb095c614cfbdad51ade5a9e2293bf9257be7b34d3bf3b53cd  source/kernel/tests/graph_ctx.rs
7a4985c724f6ada1a6befe7e021bda79c1fd671791dc779677b7e66a41ef1543  source/kernel/tests/graph_law1.rs
fff1bf5f3d458f9bd7ec050d971fa5fb3a93b75eb65bee117093ebccbf88f4ae  source/kernel/tests/graph_law2_reads.rs
fcf9d67ade3fa44ad8cdba5b975abb69c3bed129e0a4844a9abcd7bc5bd8badf  source/kernel/tests/graph_model.rs
f4132abea134d8300078bb3370e434e34d2da720f1816fcd2a1dc7b3f3038bfd  source/kernel/tests/graph_props.rs
0efb774de702b4ee8553a22bed479ee1e2d38297736062de01e0f41c59d894bc  source/kernel/tests/hybrid_score.rs
afc2ad2b18a567366ab0b6add6db1ad89184df014379a0b4ef63732744ee36f5  source/kernel/tests/law1_heap.rs
f3610b453eed416b38a0e73b7769b7cf9361a7deeedce9ee2d15e0418048e178  source/kernel/tests/law2_shape.rs
448193edab52a50f91d91b44c519cf611f8ea820bd5e3676bedb4b54c703add0  source/kernel/tests/model.rs
7e57ba3fb4dd75a0b1f866a64f99c0835645810e959894dba8e7488f2261e01b  source/kernel/tests/overflow.rs
34b8e30fd833db2bcd6260ceaa8c721b75bcd5fabf82404323bc330772e75b2b  source/kernel/tests/overflow_laws.rs
f162879fc02efcf3e1b2eeb08a7ea5241f4c63ff65968bb8fee33009f9384f0b  source/kernel/tests/pack_memory.rs
ce655bcdcb8a830c6d465f6ba5dfe71d9463e758c9476e2a28db89654d57e3d6  source/kernel/tests/pack_shape.rs
bce39d87cfc6c10bb68eb0a57ad68e2532ad1c5d21d4d77011ada82a980d8813  source/kernel/tests/persistent_free.rs
f561b73ac290b7ce6f2792e9855eaab7ec759edda87464a2b9c5b4737d3ae11a  source/kernel/tests/platform_invariant.rs
c5981b00909a89351d76a82c24f3dacfed7a6276422519b7feca6c3beb76069b  source/kernel/tests/props_laws.rs
326d09c44d873714438613f127e30f5044e08d600cece97719cc708153f6022c  source/kernel/tests/published_tree_structure.rs
3d447608f74061587cb50917e78313ab7eb4ea99dd2963642452abd131fe1830  source/kernel/tests/recovery.rs
ddf8447517e1541eff918f4afd450c30f71e26eceb24467f12f8b8a9b5d487b1  source/kernel/tests/resource_limits.rs
49e50d83a0aa1dd59af60988c1285ecec040413f1938323f04c84f4456e39fb9  source/kernel/tests/score_laws.rs
9b0757020e446c7c1d61f1d8232db544ce260d8cf63127bbbe752a2912c0f631  source/kernel/tests/seekrepro.rs
93e52a56dcf21b1cd2e1414ff8158a71f3e2d088776e38c70dcd1b9e4321b1de  source/kernel/tests/snapshot.rs
552a3a69391b7a40141432d9977707cbfddd144ba18253eedb0cdddd3a2e87d7  source/kernel/tests/spatial_index.rs
4912edcab93860b58c88440bc04ad256479a5c7515b3902ac216ca4400c3a346  source/kernel/tests/spatial_laws.rs
9c0cea288a508bd14d3e36f38117f01dadec9bdec3ff99d2d9127e64f0bab03f  source/kernel/tests/text_laws.rs
9c7152eb87940d7fa94c98e3d0a980db2612aaba50680c2b72e8ae0c9f2045d1  source/kernel/tests/text_search.rs
d7f70361bcfecbf4488d5bc3ba4451532b638357e7aa64c1bb4c67314651429e  source/kernel/tests/vector.rs
1b79c9ec6a06f0aa7496980cae594f9971ff278a93d67687bd3fb47963105add  source/kernel/tests/vector_defects.rs
2eae82be84b3c6b21c689a5b265eac1918711ae793e1340337160c5bf30447ef  source/kernel/tests/vector_index.rs
494944490e3d44cc9bfea84edbff7c35a1f0689b6a2595f18681137783a08b4b  source/kernel/tests/vector_laws.rs
b7313751e99f541d81ff08622e18cbded0f7db3b54cfa4e5025de8aee9c3021c  source/kernel/tests/writer_lock.rs
5c6c601c11484e72dcc3f875ec7b0723069f5d6e1291040c0298f7db3351d033  source/src/bin/collection_inspect.rs
d9f5e29b00aa79fde28cf758be4d6beaf60d3207cce5c53a490f415e60a19ef9  source/src/bin/collections.rs
2b130863acf73f72cfd037018eb24be2bbc5ba08d99e2190e1b285b74b1c124e  source/src/bin/control_tree_audit.rs
41e7d0e7fa40c29d8cfb2590ca5d031fbf322a372ee94989e02223a391e3b722  source/src/bin/entry.rs
199ffaab9d32a03d723b91d16dabf47f29fc7963ebba6a388a078047a6886cf3  source/src/bin/format_audit.rs
a249390e57a7e970f5667f1c9f414fe7f47ec2c0836de0983a3a89ac63a4eaee  source/src/bin/foundation_scale.rs
09df0fb4cd61a05761bf0f97217f9039a15b7eac21c1813551ed291c08e72eca  source/src/bin/foundation_space.rs
77447f2204e6fa0727aa09645f8568a7fab36258900a5b68fb4edb007abed3bf  source/src/bin/lifecycle.rs
0b56a34c1f2803d16b344e292183c7114963d5100c99fc227c7d36ff8a6f03c7  source/src/bin/lifecycle/space.rs
09a00af3e47353f9a4d8910cf44f135db245257327b5e7cce327ddde0a0d1663  source/src/bin/lifecycle/sustained.rs
888fa8f4ce66a58c373a5ae49f0603650feecb84185fd0324eceada27ae4408c  source/src/bin/pagewal_bench.rs
0954238bfeaf53c92573ea10724f55ca88a285611c497575593cce40f27b1d2b  source/src/bin/pagewal_cap.rs
67d5201bf9fa66ad7de0d1bda926760e984bd245979c50429863f00c97c2a41e  source/src/bin/pagewal_repair.rs
31a06f2e33ea7cfb4ccea48309ed3fdf70ddda69e3e4061388a61b75b78a11b3  source/src/bin/people.rs
abb500188515022a982efb47847584b4fb01d65f1eee0f4d836a24ca7c4292ca  source/src/bin/recover.rs
a922a89d31f436a4a89146973157e02170bc1300d2b2516b6aa0c704bfd70abb  source/src/bin/v2_compat_fixture.rs
1a52c7475732c20d897af8465d61b878c7afdd47bf46a58c8626b637475fa0b2  source/src/bin/v2_foundation_bench.rs
377c13637f58b1e45d27318acc722cbbb07a74be93860bb068da2121ea3d42db  source/src/collection_backend.rs
06af93d6387aad379b974ff57e638b1b0e27e977957221c860b636ad07b81371  source/src/collections.rs
05463f7ac97399409af9397dd6d537881e5566a861dca982749c951f387474ec  source/src/dense_v3.rs
6e805131ad274e79c9bf09090f9fd7b782da0a8e6d722aa35089748cbb2ca9ff  source/src/lib.rs
3a4aeb09b2d2b52466feb3d6b92e61d2790cf07aeab3655830424ddfb69bd786  source/src/main.rs
3d7f6254d17a2e455646b702e3ce53345fbd61c6e8e439542e0b1d5932c12d14  source/src/pagewal.rs
9a90763270a6cd1bf943d4f3005d9997bdebd94bc329dd1b11b3c8f41046def3  source/src/pagewal/format.rs
67bf85a272272b4afbb2a78b4f8c4b176b0431abaf5fb26b9d654fee7853ff86  source/src/pagewal/repair.rs
90281ed37eea30f969970e4973b8c3c52ef25b6901838766750af5c21569278f  source/src/pagewal_fault_tests.rs
56174a4e76d52b693b17f13179082f5faeefb16cbe8b01e5d247dce4ce4c6b91  source/src/pagewal_hint_tests.rs
79441eae1fa66fccbd2661a2f317a9940e1f13591c59493d9ff329b96523cfcb  source/src/recovery.rs
2e341681af60d3232f635c0a6a979d31545feae50868d013d4b31a69331c4884  source/tests/accepted_control_scan_regression.rs
cdb00405aaed800dee281975e0e1398c5befcd13cefd3c38bbd3671d418e70d3  source/tests/btree_reuse.rs
3e9ddcf9dd20ef5d6a9b0ea1ddb7043a9d794c561c34caf8caf8ffba46a1c796  source/tests/byte_checkpoint.rs
d228a8585b79d5236402a1ba4d5aa1ea1f85d6b9a40d686ed341b6946229bd8c  source/tests/codec.rs
d4c31250124b768c9a299147567eb7dee13d93d951851431aac88726f840350f  source/tests/codec_allocations.rs
a66d88b4a65cb665928f9226a46802495c521231bded86cddf7c618286ea48b7  source/tests/collection_pagewal.rs
dd0cd9c5604f7bcce4a9b808ed9e21bbca461a0284c00eda8c191722590e5931  source/tests/collections.rs
99c2326ecb93a87f98256808d114a236b6a78fb14bf8dd59ab187c3ee6f30a72  source/tests/delete_packing.rs
92c46e2078b13c68534d67ee0d905f54d394fe76973bb147c1ea014ea6d71dcb  source/tests/entry_density.rs
2c5b4a15f024ec5098c5b778cffe6c22528bbcee7fc8268f1b35121b6a42a35a  source/tests/overflow_lifecycle.rs
36c21a21512c053acceab89c033c8d479ef41c3dcea2efeaf500bbeeba524c8a  source/tests/pagewal.rs
d0fa67061b3bf50236e1966e39241f9a0c3f66a138f1bec867bbfd62e0a8cb9b  source/tests/pagewal_recovery_identity.rs
0a778cb8dd5407beb6664a1fee92a8c1f52f0465df9064ebf42f1de5df77370a  source/tests/pagewal_repair.rs
8969b34694b8be24dd68607c34272bc0f7a5cc36056a09831b49286974db4123  source/tests/pagewal_transaction_capacity.rs
127ef2b18462c72c807d69e27f3fecefe12eb1b375f35f3196ac10d60b303c16  source/tests/reader_release.rs
4b1aaf1991ea734e90b3385f8f495f3529d4a3f82d05ce1081b4f8e83f176715  source/tests/recovery_faults.rs
250749afb462584976d36c133b9bb9f8610c83c460d4a0d9584c3f03e4bbfeb9  source/tests/schema_recovery.rs
ee0a61256b4eb390cd664b13ca5c972cde0759576b6a7d988e555c3c7e0f18b4  source/tests/version_reuse.rs
06a4a864b68fec1ee4a739c97a0b59e3f86c0ad0b49f4f59eebda10b0f374594  source/tests/write_path.rs
35f399983f23aa8417877570e34f77a6dd5a74b6eaf811b942a9b58e16d20f10  source/tools/allocation_bench.py
4a353dee7c3b3cf4e9c149b3e2784cebbe31da4993f11b3b542a976077c3b160  source/tools/allocation_chunk.c
7eb3ba256f2f5ffecdd201f978dccdaf07e100eb1df7f8b952771a77ea0974cc  source/tools/allocation_chunk_talos_job.yaml
55c66334e9974756082243ea4e5834fdcf9e4c4b97825ef1cbea6a27c82b52ff  source/tools/allocation_cleanup.py
c5f5761a170fb3d45628e43808bf5cf8d0afe9f6f42069d036a40680eadb7eb2  source/tools/allocation_interpose.c
de02927976c8faf0db7bc581adc186c0c7afb611d5408b683388492d5aca6006  source/tools/allocation_probe.c
247e8a1e75775455f065cc27b477591415a48293a6eb6d7b4246517725f022f6  source/tools/allocation_report.py
6502cc266c58ca52eae7cbba2f4f59071052803b8b02c3fde066c8df0e2e1d89  source/tools/allocation_talos_job.yaml
3ca708a42bce9450c401d159cde7aa88ded3db04e1ecf8a47252a13fec33bb77  source/tools/allocation_tiny.py
088ffdc1044705235869bec3cac91812188436ee7d13d3011d7f6352b5045de5  source/tools/apply_pi_memory.py
2e1bb9d8f9eea8dc8b0864207842fc69d85a1bd175417ebc0ebf793192459fc8  source/tools/archive_freelist_pi.py
3348a00bc642168254efa997c21a328f2a535b0840a956876c68d024e1c81edd  source/tools/archive_packing.py
95b47167fb9df14c8719447f2639471eee10dfc945300148387e1210b0245f47  source/tools/archive_pi_resource.py
86dc3722d286ed696ca2b725c0cc36dabc4ed69c52b0e60287d4a3a33c46d67c  source/tools/archive_reuse_final.py
96dc1665e8ae1c2a5ccdc901afb76c26b8ac0169025de8a003ad1134dcde884a  source/tools/archive_reuse_pi.py
7145c0374d8e1f91a32fcd9e12cea175bb48158ad46bf61f38f9fbb8369587a4  source/tools/archive_write_path.py
30ec18824d473dd13650ae4cb6751a2dd3dea3cda67e0ce1cc4592467f6444c4  source/tools/audit_shuffled_pages.rs
f1db3b2500bc743a43398819cd285793154d0aa53979a725865bb6736896daad  source/tools/buffered_rewrite_probe.c
8c286d66c448985ce789cc769edc59a168f9eaf1e6df8c6172de1bde27c405ed  source/tools/build_sustained_candidate.sh
213bf394b393603e551d54f60a73415fbbaa5f1789734c7913db415980bf10fe  source/tools/check_foundation_gate.py
6c71e1c48d442042d64ad0193e7c7b915960400df0eda3262572500503843982  source/tools/check_lifecycle.py
3ec19e58e3d0f2e849ca7b65b5e820eef6da20b2c6a7d3b4e21ed4d4123e496e  source/tools/check_peak_additional.sh
e16b503cbcd16998ce9748ef24d8e6eaadd6543efddbeb79d91fe66e64239fa4  source/tools/check_peak_space.py
c748d3bc31c360332556e092548b60dd48a063edd2ebff4cd545b4b2e7fa8b23  source/tools/check_recovery_mutations.py
10120bc312efc3a5297a424a73acc97c2df103f253764a94c71a42f34a520cb8  source/tools/check_reopen_lifetimes.sh
e5a81cc0564ddad850136cf901969d0b35b309c1ad9f32e92d3bde3437dd4ecf  source/tools/check_sustained.py
4df2372b8af99ff9e3c46ba25b9c3fea24b774cd7dfe65ea361f9cc9a6862d9a  source/tools/cleanup_collections.py
241297b12c6a1d6b6a1473db693915ce4f898a54a391c59070301972d4d01a9d  source/tools/cleanup_foundation_scale.py
45399902de0d99b4c4625d03ee7e7bb959e961ad4c196b45e9513ba416baa9c1  source/tools/cleanup_freelist_experiment.py
f15b8cf8eb5695220554406c525a67f17cef4071cef1f8a139ca8d27858fafaa  source/tools/cleanup_packing.py
e047a79412d6e2852d4dfc2fbc44abda82ff463c81c3ed05e02de089c11ed485  source/tools/cleanup_page_edit_experiment.py
6b984e3560903eb01039e8d1fac4e3fa9d1af71a82c3e6d14488017238a3669a  source/tools/cleanup_pagewal.py
15399910382921178055061c728d42186a74fb8bf6f0154436741d359321916c  source/tools/cleanup_pagewal_qualification.py
e034b563bec01af905d28a3d8209d9380a198f0fc88d74f2b548d3ffd626ba0a  source/tools/cleanup_pagewal_stale_frame.py
c731fbfdb91476a7d66bd9de4b6c0d3eda8a1777000aa8320c76d8855c845ec3  source/tools/cleanup_reuse_experiment.py
f404eac3f923d23888444815b9201fa64440b3dc106a74965cccb962432e77da  source/tools/cleanup_sustained.py
850312546923a5a39465cb16426d7db95eb80c792676460c276a5d733aad4d52  source/tools/cleanup_write_path.py
1f3a0358bd2e2a721d210f63c5f09649e20e5ddb0634dd0569a1a84f241563fa  source/tools/collect_scan_trace.py
e2ee4a57b28d515107438f71733e8dc02f6c06e83407476f4bb5ebe0b703795a  source/tools/finalize_pagewal_qualification.py
1491dd1d8b05911e55d7244e5aee6cb96686dc47a8c811b5290ac0c4fb5562f3  source/tools/finalize_pagewal_report.py
5fc10769f0624d08af8475c7c5095d51c58958097c5c54ffc11668429b4bd14b  source/tools/finalize_sustained.sh
0e5876fde3393dad14f2aa87268907b032549e1faa05bb1f4fe4fda805609b37  source/tools/finish_commit_stage_ablation.py
f1bd2e65672c404ba15d30f79052fab4d6068f1ec4c5ffdc26af49c5b8fc6443  source/tools/finish_freelist_experiment.py
8f9ebe002af748a88acc5e3cd9ca078444d3b35a17afcb194e1e8d6fb1cd1b78  source/tools/finish_reuse_experiment.py
025268f04a1737f2ada03b2e9b3c2e5f5186a7ede5b3753c168c045197558672  source/tools/finish_sustained_code.sh
6ea0e4568d3b700af4900498b81b2267cf6a9c4d0359c8fb0d5090eb54f4ed0f  source/tools/format_audit_native.sh
a87f9c1d4f88ff92bb4484db25c62ccad83fb9615a1c3d0e7f0dbc8fbbeb3758  source/tools/foundation_pi.sh
d663438176d08d8e4443791fd702c462f7684a05f6c988e887a82c29c0a2bf88  source/tools/freelist_pi.sh
f2cdb5a979ec7eb3051ff95dbc2c4597dbdf7a8a9428cb21f20fa44b053deae8  source/tools/inspect_shuffled_fixture.rs
38ae4474ef3cfe5eee662f4c1113675946065f2b608e104f8798da57d3cf7ac0  source/tools/mutate_resource.py
366ee77869ba371f86e3149c5b0d2a23ad2cd94591307b66ce24b10cec5a79ae  source/tools/native_requal.sh
1f98919e6f276bb57002e30301ac66a81b3652909cd0b26d8c26fd4f35be47de  source/tools/native_requal_aligned.sh
57b3149ce74db0a59a2eac279aa82bcea8cd87f8edfeafd5c6538cbb3211350f  source/tools/native_requal_collect.py
b2de0ddddf93e5ebf0d94cc586c40b5c8c5de2bab7af6d1b95736b80c506b452  source/tools/native_requal_format_fixture.patch
0b52d31c0ce0a8a2d4b206793cd24a25883c36341625e60565515f92d7b92e26  source/tools/native_requal_pi_candidate_finish.sh
2384e48aa0910772419532b426be8923a3335e0de283f15a4b8edd17741acfd0  source/tools/native_requal_report.py
ad2932f73d57bc4d8dc469d892c671e3e6b1619275d423467d62871f7209d479  source/tools/native_requal_talos_format_job.yaml
cefa6f7d3c71167b82b03dd0862bf18edf7a8521de517c8b727acfed24213d08  source/tools/native_requal_talos_job.yaml
7a063f8a4528fbdc912889216f7845c4460cb868ebcb2966ee10b63fd5eb2ae8  source/tools/native_requal_talos_r2_job.yaml
c08ab0b7615a453ff0bbcb0705c9f288081c86673e348bd8d9173068501cba1e  source/tools/native_requal_verify_sources.py
9a3aa62a1fbbf8ae02cca1257121bfe419d8640c8512c5deb09aa857ac669357  source/tools/nocache_probe.c
9b2f7484f73d84482ffc6ec3920c3d208b96befe6e1d867de3cd242ea7110288  source/tools/packing_pi.sh
09115d2eb9d62d500fdc612402ad7722cbcedc3ff8b1a69392da3f45cf45c883  source/tools/packing_time.py
ad548a7683bd9fa5742e4491316d2a57e78d1412605eea4423eb7c30cb55dc7a  source/tools/pagewal_control_audit.rs
db21df53d2839c7621c8024696067a61ff65c6be4144cdec8ebe72ddbc091426  source/tools/pagewal_pi.sh
6cd8eeae036f882d69eb048632f4ae3317033a68027197c4908cd381f542a89a  source/tools/pagewal_qualification_extra_pi.sh
04f23cf9c4d845cf5e2107a5a14d02d02d222e0b4d7f6868da62ee1dacb76795  source/tools/pagewal_qualification_pi.sh
d683665abcd5a4a49b2e20706df372ad6655deaac877a49d1ad0e13701533165  source/tools/pagewal_stale_frame_pi.sh
c1b931af8dcbf3894ee160ed7d798c19c19f790e620818658f1340804b58a5bf  source/tools/pair_collect.py
b4316758132577f5652eaaa8f3f1abc7243ff5d96a06d9436d017f3cada7bc14  source/tools/pair_native_build.sh
39a911f6066afde0a67f216ee904a9073dc4261b3f49b0a680fe1e81c87ce64d  source/tools/pair_talos_job.yaml
dd353755d53f358f5738cf3ad9f770479945d9f056d124ff287d706b2e968478  source/tools/pair_validate.sh
c68383587b8458d657be9e0905bc433d01625ed00cc4173fb3d643c939f17fa6  source/tools/pair_variants.py
b6df9d90511dc569b90c13c4ea81c7fb415912788d5b3e42c4fe8e901ce0c75b  source/tools/prepare_pi_memory.py
767a1462841ea74db1e0dda7ceeaa354eb03f0372fddb066bdf4b8ac23f7e55b  source/tools/preserve_scan_trace.py
8ff9297af5528d2c622d843c523017e0134d1a03b58c5a29dd930dd710ad49f7  source/tools/profile_mutations.py
b2fad78beec849c12115b28815b18645d992c50fe998c82eb74c038b94c87f93  source/tools/record_collections.py
87675c755f2c3ba74164ebd194bec8c8de4b5b889caafd2dac95806b23dd61d7  source/tools/record_commit_experiment.py
fdfebf91d48c17dbab1150b53bbf1aaeb416a10899e311efc5a16c48cc12ed4d  source/tools/record_freelist_experiment.py
5817999682178ff5a212e4f6bb9148e771659603c0022158198053294a0177b1  source/tools/record_packing.py
b240e87df1adc5babd0113e153a05e3884b508977a350514d5e0981e79df415e  source/tools/record_page_edit_experiment.py
8c3d7ee3d6e60a94681d6e62b819cba05fe5b84bd5d2d568da02334ee4de3332  source/tools/record_pagewal_pilot.py
04ea5a8b96d90ee4fa83718121b956d4eee997b28463e027b80dde8971385660  source/tools/record_pagewal_qualification.py
23fc5482be894e0062eec4add908dfe1902c401f75d4f71b3636dd7b77713731  source/tools/record_pagewal_stale_frame.py
35b0652081b946c1bcb269cb227138f8d0450d63bc945f16791f3f1d1abe03c8  source/tools/record_resource.py
4e9da2f9113c9a65ef06a0384ceb7be965a3ca10ab3346ab73bb1673dd9354f1  source/tools/record_reuse_experiment.py
98adb70c78d6b972d4d8db649f2df17912d40a55a87ff1dc72d43330dfeb15fd  source/tools/record_sustained.py
31f6e295134956371438fe4245744d54b2df8d058da1f8c9f192ea1f72125d13  source/tools/record_write_path.py
449c4b56b2719e3383e97447dcbf7274da8ab95c389fbb643f3e29bf10cc8bbe  source/tools/recovery_trial.py
e33ef93addc6337554d02ce0ee8ba7016067b4ec897fae8ee0ba87f814598ba5  source/tools/reject_commit_experiment.py
1aea332d2963ad2e3303dbcce9bf3d462431bb1460210c69f99ad7f9cd58acd2  source/tools/reject_page_edit_experiment.py
a11b850eb81799998274ff5555e1503f82300c9bb9d949f039b923f5568200f5  source/tools/report_foundation_scale.py
9f9814ee0112dd33822baaab6c9486949563fc999c13943b159d1a9c12c00d6c  source/tools/reservation_archive.py
a1b68178df1d4345687db5f36afd7c4e68a284dd1f049455822239a0a408b4ef  source/tools/reservation_bench.py
276ea233240f69ab51f46f8948a6e0ec3600103081c98433c15dbb8d5410a783  source/tools/reservation_bench_talos_job.yaml
4d5bc392550980a5d11d5ff9114cb1737d1cffbabf149f964ffac51d8e583511  source/tools/reservation_extra_tests.sh
5e281e9bc1e67fd3e453787b7b311c12428d8f2213c4d679b2f4b9a66dab450c  source/tools/reservation_native.sh
f46ab5bd48a1bb42d6c0b15883f9b87c25ca42413dfccaddfb84d87cbdbbec30  source/tools/reservation_tail_talos_job.yaml
77b00e5d5ad4a03bef6e2282776ce18dab24414a5ce0e5539c666e12b9484f01  source/tools/reservation_talos_job.yaml
491eb0f2bd0de2d211b49403c1e956bcd04a09fd2ba5943c88db98e83911af22  source/tools/reservation_trim_control.py
d56a0856ecf4e9a78d4db5936f5952573fb550e64d73e6581937f80125e38fad  source/tools/resource_pi_build.sh
ad94c9040894284052f58d54276e4f91dbb9aae6d0c4bea4fc20e2b05ec37fd5  source/tools/resource_pi_final.sh
50aedb07c2c32c0cbdde653291cae79eb58dddc0959469afea8bc8d35b4ecf17  source/tools/resource_pi_matrix.sh
2678f75e7b04d97125b63c405fe06ef345398f42c6fd05913f1980087fc80b79  source/tools/resource_pi_resume.sh
91acca450406559f5425c302b3c16bd871451044a5b6d104115e31b4f520a53a  source/tools/resource_pi_status.py
8503f4baff5228e4fe5d0780bc44b09e7c5837adeb8e68bf54d2fa81191fb675  source/tools/reuse_pi.sh
b45cc4a9f149977d4d800bf1bfa88e2400b34b248b8fb23c300a97e41fc17b5a  source/tools/reuse_pi_matrix.sh
9074bc152c484c7605467f78d14f90b3ba299b63955908ac62e522b32aeb6b06  source/tools/run_collections_loop.sh
47586499274bbe5dcc67edfe8f3cef5a7afb9a3df1d31229bfc71871444ee4f4  source/tools/run_commit_experiment.sh
e6eca3349fc4dcbbf2834448f1b005a1bd63868882d4d7ef9602ba167ee91ecf  source/tools/run_commit_profile.py
128ef00a23b9cddeaf045b4d4f094142009e893aff6a52e5b54b36a6481f633c  source/tools/run_commit_stage_ablation.py
c98705e617cd5ebbc15b1e26442ff59bfcf85d9f06938f536f4d894c37e9ca26  source/tools/run_foundation.py
9c8b81c9ec713072f298ac601da2900b2c029d793e6ddcfb01eccbbd072488f9  source/tools/run_freelist_experiment.sh
c4073072a6e9021bb5ab51d1a1e81bbee3cd6d7295efccc6eeca835ab12caf44  source/tools/run_packing_matrix.sh
08dc36e362f5a072f77fe7d6f907a0a2aa081ed937071ca07d4cf606455818a7  source/tools/run_page_edit_experiment.sh
c95aaad91f4748737d8590034ceafcbe04a6bfe63b4647a21f810614daf1d0e0  source/tools/run_pagewal_pilot.py
c41e8a12e25754bf348572d154c16f372a369e49f151c77a7d031aaf78987e9d  source/tools/run_pagewal_qualification.py
6f52103bb5911e373771c2807d189d30809e225a959c98d606e5dfb8c83c1d97  source/tools/run_pagewal_stale_frame.py
38e9a17ae302a13976cd601958c083a6659f0d23056c7b3b875f80db51f6a089  source/tools/run_peak_policy.sh
e87c1312989a2cbcaf2c26733fac21d5d77864374a3b2a6be6f0a2af0bcdddea  source/tools/run_peak_space.sh
a48bdf71c2b5ef16ba3265678e9cf423f8ed784b9cfc045dbfc7c60bfb65b489  source/tools/run_reuse_experiment.sh
7fe4f253e32251234a3c04fe520c6591007c073fa5f67e20d7194927fc2d9707  source/tools/run_scan_trace.py
3c796a476de377ffcfade9dfb701fb9f85d888a58df9d1cb2bea2ce0cf1fddc0  source/tools/run_scatter_loop.py
2c690e249e4db622bd6cfb600a42d55932f3198e824cfacd10d1819e800e827c  source/tools/run_sustained.sh
e0d76066732822b1854d9a6bf69e5baed91b990ce61467ae6be6dbd86af1e23c  source/tools/run_sustained_gap.sh
709cc206592a00292c52d653535c894283f38182d2938bc05fb1169ec9d3fbda  source/tools/run_sustained_matrix.sh
07e191615fa3114969b489d0d2afd257dfc478c20410421b12c752e6244f3045  source/tools/run_write_path.sh
126f186984a70140fb593910e856f4d35ac8ce7215e96c89752f0af4d5e16d14  source/tools/scan_trace_instrumentation.patch
26d1a84cfd256d22f2ea998edf2a039e73b3ab5f99844d662bb35b493591e3d8  source/tools/scan_trace_native.sh
6551b9681fc51d4d90a665072f70985ff9e96ed9f29a07abd6eeda3f14aa4420  source/tools/scan_trace_talos_job.yaml
936de0653fab4e319b6664eb8a7c7bdc57681548e741ae1330cabdb521f8e28e  source/tools/scatter_bundle.py
7a785b1e15d8fc77ed168d7d0bb487e2495bfd0d5f6513d4b0f4209aa90fd96a  source/tools/scatter_capacity_repro.rs
b87bf784720d4e59517bb976f6ca831a7c85a25202d295af5ce6072f0fbf05a7  source/tools/scatter_collect.py
1b4ae5a220f2e0782bba27f418382545aff2c6c9aed94fac79498cee59d3abe4  source/tools/scatter_native_build.sh
1ecbc54e5555e41ff3ab25c6fe6912d7ffd8a196e398b04a8c7fd3893f3a80e3  source/tools/scatter_refusal_audit.py
5f701312f979c797682a50f33d97a04dfea07dd386f883c5bf0dc373ac02257c  source/tools/scatter_refusal_check.rs
97678a416a5945a641f273d8675bc686f796941836bea9c6f2f29399e2fcb063  source/tools/scatter_talos_job.yaml
3af1e4087c2c0dab51458e4c29c2415130502966b9890b5b90a7585c625a8f50  source/tools/scatter_variants.py
3e9fd1896d0870bf359900ca45bcb24e2418c39b8a976a6560ec227732e75ac0  source/tools/schema_recovery_trial.py
f5201c23d0a9421214e30bcdc5fd628010ba183d5b6eda8aee52d66679a21c49  source/tools/seed_estuary.py
122a109054b15f74da61db318a9cac85adcdf44cefba7f31e6210a7d54325c0a  source/tools/stage_commit_profile.py
398e9595fd37ebae4f050e0a95d9efe11de0741da8b3437c5dceadafd1617f5a  source/tools/stage_freelist_experiment.py
e2ac7e244a6258900d350a5246d028560b323d8252f5e0f78c17c3f19c9c370a  source/tools/stage_page_edit_experiment.py
81f8fda0e7e2d5a0442578c3a62de059e5c2c97b03d60586566243c02c79ca3d  source/tools/stage_reuse_experiment.py
de40af23040d62d22d770143af4d05bc01d9d598c03f0ac3aa49aed15b2cb0f0  source/tools/update_pagewal_qualification_gates.py
ab40acf30cd3eb752c8d7fa1c2ecb61bc428980468f95fda6048d9459ee8cc64  source/tools/validate_sustained.sh
90815dc5bd357949785964160622ebfd8d73233d09cc7b62b7f814924766f0ab  source/tools/verify_scan_archive.py
c3a80fec1db1891b8f229a6ccfd30f7f750b5aa7d302b3c68e65117faa9fceb5  source/tools/write_path_pi.sh
