COMMAND: <scratch> <scratch> 1000000 off
RUN <scratch>
=== e4 arm: n=1000000 timestamps=false dim=8 batch=1000 ===
phase 0 250000 ops 10.9s
phase 0 500000 ops 24.9s
phase 0 750000 ops 38.1s
phase 0 1000000 ops 50.0s
e4 phase load done: 50.001s (+0.018s checkpoint, completed=true) creates=1000000 updates=0 deletes=0 population=1000000 bytes=285298784
e4 phase update_round_1 done: 12.168s (+0.030s checkpoint, completed=true) creates=0 updates=200000 deletes=0 population=1000000 bytes=285298784
e4 phase update_round_2 done: 9.693s (+0.008s checkpoint, completed=true) creates=0 updates=200000 deletes=0 population=1000000 bytes=285298784
e4 phase delete_only done: 7.150s (+0.008s checkpoint, completed=true) creates=0 updates=0 deletes=100000 population=900000 bytes=285298784
e4 phase replacement_reinsert done: 5.647s (+0.054s checkpoint, completed=true) creates=100000 updates=0 deletes=0 population=1000000 bytes=316379232
phase 5 250000 ops 10.7s
e4 phase mixed_round_1 done: 17.461s (+0.007s checkpoint, completed=true) creates=100000 updates=200000 deletes=100000 population=1000000 bytes=350036064
phase 6 250000 ops 10.8s
e4 phase mixed_round_2 done: 19.063s (+0.006s checkpoint, completed=true) creates=100000 updates=200000 deletes=100000 population=1000000 bytes=380416096
e4 COMPLETE total_seconds=121.336
=== sqlite arm: n=1000000 timestamps=false dim=8 batch=1000 ===
phase 0 250000 ops 4.4s
phase 0 500000 ops 9.2s
phase 0 750000 ops 13.5s
phase 0 1000000 ops 17.6s
sqlite phase load done: 17.580s (+0.011s checkpoint, completed=true) creates=1000000 updates=0 deletes=0 population=1000000 bytes=257851392
sqlite phase update_round_1 done: 5.376s (+0.001s checkpoint, completed=true) creates=0 updates=200000 deletes=0 population=1000000 bytes=257851392
sqlite phase update_round_2 done: 5.698s (+0.001s checkpoint, completed=true) creates=0 updates=200000 deletes=0 population=1000000 bytes=257851392
sqlite phase delete_only done: 3.156s (+0.001s checkpoint, completed=true) creates=0 updates=0 deletes=100000 population=900000 bytes=257851392
sqlite phase replacement_reinsert done: 3.459s (+0.025s checkpoint, completed=true) creates=100000 updates=0 deletes=0 population=1000000 bytes=286023680
phase 5 250000 ops 5.2s
sqlite phase mixed_round_1 done: 8.136s (+0.013s checkpoint, completed=true) creates=100000 updates=200000 deletes=100000 population=1000000 bytes=312635392
phase 6 250000 ops 6.0s
sqlite phase mixed_round_2 done: 9.676s (+0.018s checkpoint, completed=true) creates=100000 updates=200000 deletes=100000 population=1000000 bytes=339243008
sqlite COMPLETE total_seconds=53.153
COMPLETE <scratch>
