COMMAND: cargo test --locked --offline --lib -- --test-threads=1
   Compiling cfg-if v1.0.4
   Compiling version_check v0.9.5
   Compiling once_cell v1.21.4
   Compiling zerocopy v0.8.56
   Compiling ahash v0.8.12
   Compiling semver v1.0.28
   Compiling shlex v2.0.1
   Compiling find-msvc-tools v0.1.12
   Compiling libc v0.2.189
   Compiling cc v1.4.5
   Compiling rustc_version v0.4.1
   Compiling bitflags v2.13.1
   Compiling vcpkg v0.2.15
   Compiling getrandom v0.4.3
   Compiling rustix v1.1.4
   Compiling pkg-config v0.3.34
   Compiling libsqlite3-sys v0.30.1
   Compiling crc32c v0.6.8
   Compiling linux-raw-sys v0.12.1
   Compiling serde_core v1.0.229
   Compiling zmij v1.0.23
   Compiling hashbrown v0.14.5
   Compiling fastrand v2.5.0
   Compiling serde_json v1.0.151
   Compiling tempfile v3.27.0
   Compiling hashlink v0.9.1
   Compiling fallible-iterator v0.3.0
   Compiling smallvec v1.16.0
   Compiling memchr v2.8.3
   Compiling itoa v1.0.18
   Compiling fallible-streaming-iterator v0.1.9
   Compiling kernel v0.17.0 (<scratch>)
   Compiling rusqlite v0.32.1
warning: field `table` is never read
  --> kernel/src/vecquant.rs:94:5
   |
87 | pub struct Encoder {
   |            ------- field in this struct
...
94 |     table: [f32; MAX_LEVELS],
   |     ^^^^^
   |
   = note: `#[warn(dead_code)]` (part of `#[warn(unused)]`) on by default

warning: field `reader_slot` is never read
   --> kernel/src/store.rs:220:5
    |
206 | pub struct Store {
    |            ----- field in this struct
...
220 |     reader_slot: Option<crate::readers::ReaderSlot>,
    |     ^^^^^^^^^^^

warning: `kernel` (lib) generated 2 warnings
   Compiling e4-prototype v0.1.0 (<scratch>)
    Finished `test` profile [unoptimized + debuginfo] target(s) in 48.69s
     Running unittests src/lib.rs (<scratch>)

running 25 tests
test collections::tests::alter_preserves_raw_rows_and_replacement_removes_old_vectors ... ok
test collections::tests::failed_rollback_validation_keeps_handle_failed ... ok
test collections::tests::metadata_replica_loss_and_conflict_fail_safely ... ok
test collections::tests::missing_vector_cannot_be_hidden_by_replacement ... ok
test collections::tests::mutation_vector_validation_matches_public_reads ... ok
test collections::tests::plain_header_payload_is_the_eight_byte_form_and_future_versions_refuse ... ok
test collections::tests::replacement_compares_vector_bits_and_layout_ordinals ... ok
test collections::tests::rootless_collection_recovery_preserves_source_and_reports_vector_limit ... ok
test collections::tests::scalar_update_spends_only_one_store_write ... ok
test collections::tests::write_faults_never_publish_partial_multikey_changes ... ok
test dense_v3::tests::exact_bytes_vectors_and_malformed_semantics_match_reference ... ok
test dense_v3::tests::malformed_inline_bytes_never_fetch_external_vectors ... ok
test pagewal::fault_tests::checkpoint_preserves_a_valid_header_when_the_other_copy_starts_damaged ... ok
test pagewal::fault_tests::checksum_valid_stale_wal_frame_cannot_serve_a_snapshot_or_checkpoint ... ok
test pagewal::fault_tests::io_failure_at_each_commit_and_checkpoint_boundary ... ok
test pagewal::fault_tests::partial_checkpoint_extension_can_reopen_from_committed_wal ... ok
test pagewal::fault_tests::successful_but_dropped_data_write_preserves_committed_wal ... ok
test pagewal::hint_tests::barrier_failure_after_the_frame_write_hides_the_transaction_until_rollback ... ok
test pagewal::hint_tests::damaged_stale_or_foreign_hints_refuse_live_readers_until_the_next_publication ... ok
test pagewal::hint_tests::hint_write_failure_at_each_copy_boundary_keeps_readers_and_writer_coherent ... ok
test pagewal::hint_tests::quiescent_readers_derive_state_strictly_and_create_files_only_after_validation ... ok
test pagewal::hint_tests::reader_bound_is_enforced_on_the_held_slot_in_both_admission_paths ... ok
test pagewal::hint_tests::runtime_limits_refuse_before_framing_and_survive_rollback ... ok
test pagewal::hint_tests::writer_recovery_window_never_serves_a_stale_hint_to_a_live_reader ... ok
test pagewal::hint_tests::writer_restart_rewrites_the_hint_and_keeps_pinned_readers_stable ... ok

test result: ok. 25 passed; 0 failed; 0 ignored; 0 measured; 0 filtered out; finished in 41.90s

