COMMAND: cargo test --locked --offline -p kernel --features test-support --test law1_heap --test law2_shape --test corruption_bounds --test durability --test platform_invariant --test compact_cell_bounds -- --test-threads=1
warning: field `table` is never read
  --> kernel/src/vecquant.rs:94:5
   |
87 | pub struct Encoder {
   |            ------- field in this struct
...
94 |     table: [f32; MAX_LEVELS],
   |     ^^^^^
   |
   = note: `#[warn(dead_code)]` (part of `#[warn(unused)]`) on by default

warning: field `reader_slot` is never read
   --> kernel/src/store.rs:220:5
    |
206 | pub struct Store {
    |            ----- field in this struct
...
220 |     reader_slot: Option<crate::readers::ReaderSlot>,
    |     ^^^^^^^^^^^

warning: `kernel` (lib) generated 2 warnings
   Compiling kernel v0.17.0 (<scratch>)
    Finished `test` profile [unoptimized + debuginfo] target(s) in 4.60s
     Running tests/compact_cell_bounds.rs (<scratch>)

running 0 tests

test result: ok. 0 passed; 0 failed; 0 ignored; 0 measured; 0 filtered out; finished in 0.00s

     Running tests/corruption_bounds.rs (<scratch>)

running 8 tests
test a_malformed_id_counter_refuses_allocation ... ok
test a_missing_id_counter_cannot_reuse_an_existing_id ... ok
test a_number_list_with_trailing_bytes_returns_corruption ... ok
test a_partial_data_page_refuses_store_open ... ok
test a_short_node_row_returns_corruption ... ok
test a_short_vector_code_row_returns_corruption_during_scan ... ok
test an_oversized_record_length_returns_corruption_during_recovery ... ok
test an_oversized_record_length_returns_corruption_on_normal_read ... ok

test result: ok. 8 passed; 0 failed; 0 ignored; 0 measured; 0 filtered out; finished in 1.23s

     Running tests/durability.rs (<scratch>)

running 5 tests
test a_checkpoint_places_the_barrier_its_mode_calls_for ... ok
test a_committed_write_is_there_after_reopening ... ok
test a_rejected_oversized_put_has_no_effect_on_a_commit_right_after_it ... ok
test an_uncommitted_write_is_not_there_after_reopening ... ok
test reopening_after_a_checkpoint_finds_everything ... ok

test result: ok. 5 passed; 0 failed; 0 ignored; 0 measured; 0 filtered out; finished in 3.31s

     Running tests/law1_heap.rs (<scratch>)

running 1 test
test heap_does_not_grow_with_the_store ... ok

test result: ok. 1 passed; 0 failed; 0 ignored; 0 measured; 0 filtered out; finished in 87.79s

     Running tests/law2_shape.rs (<scratch>)

running 1 test
test write_cost_per_row_is_flat_as_the_store_grows ... ok

test result: ok. 1 passed; 0 failed; 0 ignored; 0 measured; 0 filtered out; finished in 31.66s

     Running tests/platform_invariant.rs (<scratch>)

running 1 test
test platform_specific_code_only_in_io_rs ... ok

test result: ok. 1 passed; 0 failed; 0 ignored; 0 measured; 0 filtered out; finished in 0.08s

