COMMAND: cargo test --locked --offline -p kernel --features test-support,compact-cells,sqlite-balance --lib neighbor_capacity_tests -- --test-threads=1
warning: field `table` is never read
  --> kernel/src/vecquant.rs:94:5
   |
87 | pub struct Encoder {
   |            ------- field in this struct
...
94 |     table: [f32; MAX_LEVELS],
   |     ^^^^^
   |
   = note: `#[warn(dead_code)]` (part of `#[warn(unused)]`) on by default

warning: field `reader_slot` is never read
   --> kernel/src/store.rs:220:5
    |
206 | pub struct Store {
    |            ----- field in this struct
...
220 |     reader_slot: Option<crate::readers::ReaderSlot>,
    |     ^^^^^^^^^^^

warning: `kernel` (lib test) generated 2 warnings
    Finished `test` profile [unoptimized + debuginfo] target(s) in 0.06s
     Running unittests src/lib.rs (<scratch>)

running 3 tests
test btree::neighbor_capacity_tests::bounded_planner_matches_exhaustive_partition_oracle ... ok
test btree::neighbor_capacity_tests::forty_three_indivisible_cells_need_four_pages ... ok
test btree::neighbor_capacity_tests::full_leaf_and_one_sibling_use_at_most_three_pages ... ok

test result: ok. 3 passed; 0 failed; 0 ignored; 0 measured; 130 filtered out; finished in 0.01s

