COMMAND: cargo test --locked --offline -p kernel --features test-support,compact-cells,sqlite-balance --lib io::tests -- --test-threads=1
   Compiling kernel v0.17.0 (<scratch>)
warning: field `table` is never read
  --> kernel/src/vecquant.rs:94:5
   |
87 | pub struct Encoder {
   |            ------- field in this struct
...
94 |     table: [f32; MAX_LEVELS],
   |     ^^^^^
   |
   = note: `#[warn(dead_code)]` (part of `#[warn(unused)]`) on by default

warning: field `reader_slot` is never read
   --> kernel/src/store.rs:220:5
    |
206 | pub struct Store {
    |            ----- field in this struct
...
220 |     reader_slot: Option<crate::readers::ReaderSlot>,
    |     ^^^^^^^^^^^

warning: `kernel` (lib test) generated 2 warnings
    Finished `test` profile [unoptimized + debuginfo] target(s) in 14.78s
     Running unittests src/lib.rs (<scratch>)

running 4 tests
test io::tests::a_read_past_the_end_is_an_error_not_a_short_buffer ... ok
test io::tests::concurrent_direct_and_buffered_files_keep_their_own_bytes ... ok
test io::tests::pages_round_trip_through_the_file ... ok
test io::tests::requesting_direct_degrades_rather_than_failing ... ok

test result: ok. 4 passed; 0 failed; 0 ignored; 0 measured; 129 filtered out; finished in 0.36s

