COMMAND: cargo test --locked --offline --test codec --test btree_reuse -- --test-threads=1
warning: field `table` is never read
  --> kernel/src/vecquant.rs:94:5
   |
87 | pub struct Encoder {
   |            ------- field in this struct
...
94 |     table: [f32; MAX_LEVELS],
   |     ^^^^^
   |
   = note: `#[warn(dead_code)]` (part of `#[warn(unused)]`) on by default

warning: field `reader_slot` is never read
   --> kernel/src/store.rs:220:5
    |
206 | pub struct Store {
    |            ----- field in this struct
...
220 |     reader_slot: Option<crate::readers::ReaderSlot>,
    |     ^^^^^^^^^^^

warning: `kernel` (lib) generated 2 warnings
warning: field `path` is never read
   --> src/collections.rs:123:5
    |
121 | pub struct Database {
    |            -------- field in this struct
122 |     store: Backend,
123 |     path: PathBuf,
    |     ^^^^
    |
    = note: `#[warn(dead_code)]` (part of `#[warn(unused)]`) on by default

warning: associated function `open_with` is never used
   --> src/pagewal.rs:606:8
    |
594 | impl PageWalStore {
    | ----------------- associated function in this implementation
...
606 |     fn open_with(dir:&Path,create:bool,cache:usize,opener:impl FnOnce(&Path)->Result<Arc<Pager>>)->Result<Self>{
    |        ^^^^^^^^^

warning: `e4-prototype` (lib) generated 2 warnings
   Compiling e4-prototype v0.1.0 (<scratch>)
    Finished `test` profile [unoptimized + debuginfo] target(s) in 4.68s
     Running tests/btree_reuse.rs (<scratch>)

running 1 test
test mixed_reuse_keeps_ordered_rows_equal_to_oracle ... ok

test result: ok. 1 passed; 0 failed; 0 ignored; 0 measured; 0 filtered out; finished in 8.14s

     Running tests/codec.rs (<scratch>)

running 14 tests
test corrupted_lengths_and_tags_never_panic ... ok
test dense_header_preserves_optional_fields_and_point_contract ... ok
test descriptors_detect_each_single_byte_change ... ok
test every_truncated_record_is_rejected ... ok
test integers_keep_all_bits_and_float_values ... ok
test json_wire_preserves_promoted_fp32_coordinates ... ok
test layout_versions_and_general_geometry_roundtrip ... ok
test missing_null_and_json_null_are_not_empty_objects ... ok
test packed_integer_widths_preserve_full_range_missing_null_and_extras ... ok
test projection_matches_document_paths_including_missing_and_null ... ok
test randomized_optional_and_dynamic_shapes ... ok
test undeclared_nested_fields_roundtrip_first ... ok
test vector_is_external_and_point_binary ... ok
test wrong_layout_and_wrong_types_are_rejected ... ok

test result: ok. 14 passed; 0 failed; 0 ignored; 0 measured; 0 filtered out; finished in 0.10s

