COMMAND: cargo build --locked --offline --release --features compact-cells,sqlite-balance --bin v2_foundation_bench --bin v2_compat_fixture
   Compiling cfg-if v1.0.4
   Compiling version_check v0.9.5
   Compiling zerocopy v0.8.56
   Compiling once_cell v1.21.4
   Compiling ahash v0.8.12
   Compiling find-msvc-tools v0.1.12
   Compiling semver v1.0.28
   Compiling libc v0.2.189
   Compiling shlex v2.0.1
   Compiling cc v1.4.5
   Compiling rustc_version v0.4.1
   Compiling pkg-config v0.3.34
   Compiling vcpkg v0.2.15
   Compiling bitflags v2.13.1
   Compiling rustix v1.1.4
   Compiling getrandom v0.4.3
   Compiling libsqlite3-sys v0.30.1
   Compiling crc32c v0.6.8
   Compiling zmij v1.0.23
   Compiling serde_core v1.0.229
   Compiling linux-raw-sys v0.12.1
   Compiling hashbrown v0.14.5
   Compiling fastrand v2.5.0
   Compiling serde_json v1.0.151
   Compiling tempfile v3.27.0
   Compiling hashlink v0.9.1
   Compiling itoa v1.0.18
   Compiling smallvec v1.16.0
   Compiling memchr v2.8.3
   Compiling fallible-streaming-iterator v0.1.9
   Compiling fallible-iterator v0.3.0
   Compiling kernel v0.17.0 (<scratch>)
warning: field `table` is never read
  --> kernel/src/vecquant.rs:94:5
   |
87 | pub struct Encoder {
   |            ------- field in this struct
...
94 |     table: [f32; MAX_LEVELS],
   |     ^^^^^
   |
   = note: `#[warn(dead_code)]` (part of `#[warn(unused)]`) on by default

warning: field `reader_slot` is never read
   --> kernel/src/store.rs:220:5
    |
206 | pub struct Store {
    |            ----- field in this struct
...
220 |     reader_slot: Option<crate::readers::ReaderSlot>,
    |     ^^^^^^^^^^^

warning: `kernel` (lib) generated 2 warnings
   Compiling rusqlite v0.32.1
   Compiling e4-prototype v0.1.0 (<scratch>)
warning: field `path` is never read
   --> src/collections.rs:123:5
    |
121 | pub struct Database {
    |            -------- field in this struct
122 |     store: Backend,
123 |     path: PathBuf,
    |     ^^^^
    |
    = note: `#[warn(dead_code)]` (part of `#[warn(unused)]`) on by default

warning: associated function `open_with` is never used
   --> src/pagewal.rs:606:8
    |
594 | impl PageWalStore {
    | ----------------- associated function in this implementation
...
606 |     fn open_with(dir:&Path,create:bool,cache:usize,opener:impl FnOnce(&Path)->Result<Arc<Pager>>)->Result<Self>{
    |        ^^^^^^^^^

warning: `e4-prototype` (lib) generated 2 warnings
    Finished `release` profile [optimized + debuginfo] target(s) in 2m 26s
